01-31 17:54:57.249  3244  3244 I TMSDISP : AcsAndroidVirtualDisplayIntfImpl
01-31 17:54:57.252  3247  3484 I audio_hw_primary_abox: [do_open_spkamp_stream] Opened PCM Device(/dev/snd/pcmC0D6p) configured Info: Channels(2)  Smapling Rate(48000), Format: Default(0)
01-31 17:54:57.272  3247  3484 I audio_hw_primary_abox: primary_out-do_open_output_stream: Opened PCM Device is /dev/snd/pcmC0D0p samplingRate(48000) pcmformat(0)
01-31 17:54:57.272  3247  3484 I audio_hw_primary_abox: primary_out-out_write: Transit to Idle
01-31 17:54:57.275  3247  3484 I audio_hw_primary_abox: primary_out-out_write: Transit to Playing
01-31 17:54:57.275  3247  3484 I AudioMixer: create resampler src 44100, 2, dst 48000, 2, q 8
01-31 17:54:57.275  3247  3484 I SoundBoosterEffectPlus: SB_setVolume(0xf11255b0)
01-31 17:54:57.275  3247  3484 I SoundBoosterEffectPlus: command EFFECT_CMD_SET_VOLUME left = 1.000000, right =1.000000
01-31 17:54:57.275  3247  3484 I SoundBoosterEffectPlus: SB_setVolume(0xf1125690)
01-31 17:54:57.275  3247  3484 I SoundBoosterEffectPlus: command EFFECT_CMD_SET_VOLUME left = 1.000000, right =1.000000
01-31 17:54:57.275  3247  3484 I AudioSAEffectSecPlus: EFFECT_CMD_SET_VOLUME
01-31 17:54:57.275  3247  3484 I AudioSAEffectSecPlus: command EFFECT_CMD_SET_VOLUME left = 1.000000, right =1.000000
01-31 17:54:57.275  3247  3484 D SoundAliveResampler: [SoundAliveResampler] Init+++
01-31 17:54:57.284  3244  3244 D ICU     : No timezone override file found: /data/misc/zoneinfo/current/icu/icu_tzdata.dat
01-31 17:54:57.287  3247  3484 D AudioFlinger: mixer(0xf0403c00) throttle end: throttle time(9)
01-31 17:54:57.300  3247  3484 D AudioFlinger: mixer(0xf0403c00) throttle end: throttle time(9)
01-31 17:54:57.312  3247  3484 D AudioFlinger: mixer(0xf0403c00) throttle end: throttle time(9)
01-31 17:54:57.319  3087  3210 I Magisk  : proc_monitor: zygote ns=mnt:[4026533597] zygote64 ns=mnt:[4026533596]
01-31 17:54:57.360  3502  3502 E         : ro.debug_level = 0x4f4c
01-31 17:54:57.360  3502  3502 E         : sys.mobilecare.preload = false
01-31 17:54:57.361  3100  3100 W         : debuggerd: resuming target 3242
01-31 17:54:57.365  3233  3329 D Sensorhubs: readEvents: 2, 1, -43, 1
01-31 17:54:57.415  3244  3244 I Radio-JNI: register_android_hardware_Radio DONE
01-31 17:54:57.444  3244  3244 D ReflectionHelper: loadKlass() : caller=android.app.Activity.<clinit>:7581 <bottom of call stack>
01-31 17:54:57.462  3244  3244 D ReflectionHelper: Reflecting method.....  class <onScreenChanged>
01-31 17:54:57.463  3244  3244 F NativeActivity: Unable to find method finish
01-31 17:54:57.463  3244  3244 F libc    : Fatal signal 6 (SIGABRT), code -6 in tid 3244 (main)
01-31 17:54:57.463  3099  3099 W         : debuggerd: handling request: pid=3244 uid=0 gid=0 tid=3244
01-31 17:54:57.478  3543  3543 E         : debuggerd: Unable to connect to activity manager (connect failed: Connection refused)
01-31 17:54:57.484  3337  3374 W AudioSystem: AudioPolicyService server died!
01-31 17:54:57.484  3337  3337 W AudioTrack: dead IAudioTrack, PCM, creating a new one from obtainBuffer()
01-31 17:54:57.484  3337  3376 W AudioSystem: AudioFlinger server died!
01-31 17:54:57.485  3218  3218 I ServiceManager: service 'media.sound_trigger_hw' died
01-31 17:54:57.485  3218  3218 I ServiceManager: service 'media.radio' died
01-31 17:54:57.485  3218  3218 I ServiceManager: service 'media.audio_flinger' died
01-31 17:54:57.485  3218  3218 I ServiceManager: service 'media.audio_policy' died
01-31 17:54:57.485  3337  3337 I ServiceManager: Waiting for service media.audio_flinger...
01-31 17:54:57.528  3543  3543 F DEBUG   : *** *** *** *** *** *** *** *** *** *** *** *** *** *** *** ***
01-31 17:54:57.528  3543  3543 F DEBUG   : Build fingerprint: 'samsung/dreamltexx/dreamlte:7.0/NRD90M/G950FXXU1AQL5:user/release-keys'
01-31 17:54:57.528  3543  3543 F DEBUG   : Revision: '10'
01-31 17:54:57.529  3543  3543 F DEBUG   : ABI: 'arm'
01-31 17:54:57.529  3543  3543 F DEBUG   : pid: 3244, tid: 3244, name: main  >>> zygote <<<
01-31 17:54:57.529  3543  3543 F DEBUG   : signal 6 (SIGABRT), code -6 (SI_TKILL), fault addr --------
01-31 17:54:57.534  3543  3543 F DEBUG   : Abort message: 'Unable to find method finish'
01-31 17:54:57.535  3543  3543 F DEBUG   :     r0 00000000  r1 00000cac  r2 00000006  r3 00000008
01-31 17:54:57.535  3543  3543 F DEBUG   :     r4 ea1eb58c  r5 00000006  r6 ea1eb534  r7 0000010c
01-31 17:54:57.535  3543  3543 F DEBUG   :     r8 e729afa8  r9 e7084058  sl e72c3d60  fp 00000001
01-31 17:54:57.535  3543  3543 F DEBUG   :     ip 00000000  sp fff68358  lr e7331f97  pc e73347f4  cpsr 200e0010
01-31 17:54:57.538  3543  3543 F DEBUG   :
01-31 17:54:57.538  3543  3543 F DEBUG   : backtrace:
01-31 17:54:57.538  3543  3543 F DEBUG   :     #00 pc 0004a7f4  /system/lib/libc.so (tgkill+12)
01-31 17:54:57.538  3543  3543 F DEBUG   :     #01 pc 00047f93  /system/lib/libc.so (pthread_kill+34)
01-31 17:54:57.538  3543  3543 F DEBUG   :     #02 pc 0001daad  /system/lib/libc.so (raise+10)
01-31 17:54:57.538  3543  3543 F DEBUG   :     #03 pc 00019231  /system/lib/libc.so (__libc_android_abort+34)
01-31 17:54:57.538  3543  3543 F DEBUG   :     #04 pc 0001714c  /system/lib/libc.so (abort+4)
01-31 17:54:57.538  3543  3543 F DEBUG   :     #05 pc 0000c931  /system/lib/libcutils.so (__android_log_assert+112)
01-31 17:54:57.538  3543  3543 F DEBUG   :     #06 pc 0006d5b1  /system/lib/libandroid_runtime.so
01-31 17:54:57.538  3543  3543 F DEBUG   :     #07 pc 0006d843  /system/lib/libandroid_runtime.so (_ZN7android35register_android_app_NativeActivityEP7_JNIEnv+58)
01-31 17:54:57.538  3543  3543 F DEBUG   :     #08 pc 00069e15  /system/lib/libandroid_runtime.so (_ZN7android14AndroidRuntime8startRegEP7_JNIEnv+108)
01-31 17:54:57.538  3543  3543 F DEBUG   :     #09 pc 0006b303  /system/lib/libandroid_runtime.so (_ZN7android14AndroidRuntime5startEPKcRKNS_6VectorINS_7String8EEEb+310)
01-31 17:54:57.539  3543  3543 F DEBUG   :     #10 pc 00002e69  /system/bin/app_process32
01-31 17:54:57.539  3543  3543 F DEBUG   :     #11 pc 00016d65  /system/lib/libc.so (__libc_init+48)
01-31 17:54:57.539  3543  3543 F DEBUG   :     #12 pc 0000295c  /system/bin/app_process32
01-31 17:54:57.578  3235  3434 I ServiceManager: Waiting for service SveService...
01-31 17:54:57.734  3543  3543 E         : ro.debug_level = 0x4f4c
01-31 17:54:57.734  3543  3543 E         : sys.mobilecare.preload = false
01-31 17:54:57.736  3099  3099 W         : debuggerd: resuming target 3244
01-31 17:54:57.754  3241  3241 I macloader: WIFI MAC is valid
01-31 17:54:57.754  3241  3241 E macloader: CID info file will be created!!!
01-31 17:54:57.754  3241  3241 I macloader: WIFI cid is valid as semco_s
01-31 17:54:57.754  3241  3241 I macloader: WIFI cid is valid as semco_s
01-31 17:54:57.754  3241  3241 E macloader: CID info file was created!!!
01-31 17:54:57.754  3241  3241 E macloader: Check wifiver info file..
01-31 17:54:57.754  3241  3241 E macloader: Do not need to load firmware.
01-31 17:54:57.975  3240  3240 D wrapperGPS: wrapperConnect_RILD
01-31 17:54:58.485  3337  3337 I ServiceManager: Waiting for service media.audio_flinger...
01-31 17:54:58.579  3235  3434 I ServiceManager: Waiting for service SveService...
01-31 17:54:58.969  3267  3267 D AT_Distributor: IsUartUsingAP is AP
01-31 17:54:58.969  3267  3267 D AT_Distributor: ConnectToUart()
01-31 17:54:58.969  3267  3267 D AT_Distributor: Transport file name: /dev/ttySAC0
01-31 17:54:58.969  3267  3267 D AT_Distributor: connect to local socket fd : 10, bardrate: 115200
01-31 17:54:58.969  3267  3267 D AT_Distributor: InitSocketMessageHandler(): UART, id(3), fd(10)
01-31 17:54:58.969  3267  3267 D AT_Distributor: ConnectToRil()
01-31 17:54:58.969  3267  3267 D AT_Distributor: try to connect RIL
01-31 17:54:58.970  3267  3267 D AT_Distributor: connection success RIL
01-31 17:54:58.970  3267  3267 D AT_Distributor: Send Msg [ATD > RIL] 4 bytes <>
01-31 17:54:58.970  3267  3267 D AT_Distributor: IsConnectedToAirCmdService() : false
01-31 17:54:58.970  3267  3267 D AT_Distributor: Send Msg [ATD > UART] 15 bytes <(\r)(\n)+UART READY(\r)(\n)>
01-31 17:54:58.970  3267  3267 D AT_Distributor: InitSocketMessageHandler(): DDEXE, id(11), fd(14)
01-31 17:54:58.971  3267  3267 D AT_Distributor: SetAtdStatus(), 1_0_0
01-31 17:54:58.971  3267  3267 E AT_Distributor: Permission of /efs/00000000.authtokcont: 664
01-31 17:54:58.971  3267  3267 D AT_Distributor: ListenFD()
01-31 17:54:58.975  3240  3240 D wrapperGPS: wrapperConnect_RILD
01-31 17:54:58.975  3240  3240 D gpsd    : WakeLock(Acquire,GPSD)
01-31 17:54:58.976  3240  3240 D gpsd    : WakeLock(Release,GPSD)
01-31 17:54:58.976  3240  3240 D gpsd    : WakeLock(Acquire,GPSD)
01-31 17:54:58.976  3240  3240 D gpsd    : WakeLock(Release,GPSD)
01-31 17:54:59.390  3267  3583 D AT_Distributor: Send Msg [RIL > ATD] 15 bytes <(\r)(\n)AST_POWERON(\r)(\n)>
01-31 17:54:59.390  3267  3583 D AT_Distributor: IsConnectedToAirCmdService() : false
01-31 17:54:59.390  3267  3583 D AT_Distributor: Send Msg [ATD > UART] 15 bytes <(\r)(\n)AST_POWERON(\r)(\n)>
01-31 17:54:59.486  3337  3337 I ServiceManager: Waiting for service media.audio_flinger...
01-31 17:54:59.559  3102  3102 E ICD     : file open err (system/app/SysScope/SysScope.apk)
01-31 17:54:59.560  3102  3102 E ICD     : calculation error: 0 (-2)
01-31 17:54:59.560  3102  3102 I FRIGATE_BIRD: UID : 1000 / EUID : 1000
01-31 17:54:59.560  3102  3102 I FRIGATE_BIRD: * * * Verify Request Command * * *
01-31 17:54:59.560  3102  3102 I FRIGATE_BIRD: req_buf->oper : 162
01-31 17:54:59.560  3102  3102 I FRIGATE_BIRD: req_buf->device_len : 16
01-31 17:54:59.560  3102  3102 I FRIGATE_BIRD: req_buf->device : /dev/block/param
01-31 17:54:59.560  3102  3102 I FRIGATE_BIRD: req_buf->data_len : 16
01-31 17:54:59.560  3102  3102 I FRIGATE_BIRD: req_buf->data :
01-31 17:54:59.560  3102  3102 I FRIGATE_BIRD: req_buf->offset : -1024
01-31 17:54:59.560  3102  3102 I FRIGATE_BIRD: req_buf->ioctl_cmd : 0
01-31 17:54:59.560  3102  3102 I FRIGATE_BIRD: * * * * * * * * * * * * * * * * * *
01-31 17:54:59.560  3102  3102 I FRIGATE_BIRD: Client : 6
01-31 17:54:59.560  3102  3102 I FRIGATE_BIRD: Send the reqeust to socket
01-31 17:54:59.560  3102  3102 I FRIGATE_BIRD: Reading from socket
01-31 17:54:59.560  3103  3128 I         : Write to block
01-31 17:54:59.562  3102  3102 I FRIGATE_BIRD: Close the client socket
01-31 17:54:59.562  3102  3102 I FRIGATE_BIRD: response_result : 16
01-31 17:54:59.563  3102  3102 I FRIGATE_BIRD: UID : 1000 / EUID : 1000
01-31 17:54:59.563  3102  3102 I FRIGATE_BIRD: * * * Verify Request Command * * *
01-31 17:54:59.563  3102  3102 I FRIGATE_BIRD: req_buf->oper : 162
01-31 17:54:59.563  3102  3102 I FRIGATE_BIRD: req_buf->device_len : 16
01-31 17:54:59.563  3102  3102 I FRIGATE_BIRD: req_buf->device : /dev/block/param
01-31 17:54:59.563  3102  3102 I FRIGATE_BIRD: req_buf->data_len : 16
01-31 17:54:59.563  3102  3102 I FRIGATE_BIRD: req_buf->data :
01-31 17:54:59.563  3102  3102 I FRIGATE_BIRD: req_buf->offset : -1024
01-31 17:54:59.563  3102  3102 I FRIGATE_BIRD: req_buf->ioctl_cmd : 0
01-31 17:54:59.563  3102  3102 I FRIGATE_BIRD: * * * * * * * * * * * * * * * * * *
01-31 17:54:59.563  3102  3102 I FRIGATE_BIRD: Client : 6
01-31 17:54:59.563  3102  3102 I FRIGATE_BIRD: Send the reqeust to socket
01-31 17:54:59.563  3102  3102 I FRIGATE_BIRD: Reading from socket
01-31 17:54:59.564  3103  3128 I         : Write to block
01-31 17:54:59.564  3102  3102 I FRIGATE_BIRD: Close the client socket
01-31 17:54:59.565  3102  3102 I FRIGATE_BIRD: response_result : 16
01-31 17:54:59.580  3235  3434 I ServiceManager: Waiting for service SveService...
01-31 17:55:00.487  3337  3337 I ServiceManager: Waiting for service media.audio_flinger...
01-31 17:55:00.580  3235  3434 I ServiceManager: Waiting for service SveService...
01-31 17:55:00.654  3591  3591 I bootchecker: Leave previous log before plaform reset
01-31 17:55:00.719  3597  3597 D SecurityManagerNative: SecurityManagerNative v2.7.2.6 On 64bit PLATFORM With BORINGSSL
01-31 17:55:00.719  3597  3597 I Netd    : Netd 1.0 starting
01-31 17:55:00.720  3597  3597 D TetherController: Setting IP forward enable = 0
01-31 17:55:00.720  3597  3597 D TetherController: config_write_setting(/proc/sys/net/ipv6/conf/all/proxy_ndp, 0)
01-31 17:55:00.720  3597  3597 D TetherController: config_write_setting(/proc/sys/net/ipv6/conf/all/forwarding, 0)
01-31 17:55:00.724  3597  3597 I QtiConnectivityAdapter: Failed to open libconnctrl, some features may not be present.
01-31 17:55:00.724  3597  3597 E         : Failed to open libdatactrl, some features may not be present.
01-31 17:55:00.724  3597  3597 E         : Failed to open libcsm_data, some features may not be present.
01-31 17:55:00.797  3594  3594 D SecurityManagerNative: SecurityManagerNative v2.7.2.6 On 32bit PLATFORM With BORINGSSL
01-31 17:55:00.799  3594  3594 I         : sMaxFastTracks = 8
01-31 17:55:00.858  3594  3594 I audioserver: ServiceManager: 0xf3919aa0
01-31 17:55:00.858  3594  3594 W BatteryNotifier: batterystats service unavailable!
01-31 17:55:00.859  3594  3594 I EffectsFactory: /system/lib/soundfx/libeffectproxy.so can support global effect
01-31 17:55:00.865  3594  3594 I EffectsFactory: /system/lib/soundfx/libmyspace.so can support global effect
01-31 17:55:00.868  3594  3594 I EffectsFactory: /system/lib/soundfx/libaudiosaplus_sec.so can support global effect
01-31 17:55:00.870  3594  3594 W EffectsFactory: loadLibrary() failed to open /system/lib/libmyspaceplus.so
01-31 17:55:00.876  3594  3594 W EffectsFactory: loadEffect() could not get library myspaceplus
01-31 17:55:00.876  3594  3594 W EffectsFactory: loadEffect() could not get library myspaceplus
01-31 17:55:00.876  3594  3594 W EffectsFactory: loadEffect() could not get library myspaceplus
01-31 17:55:00.878  3591  3591 I bootchecker: Sleep for 8 minutes
01-31 17:55:00.878  3594  3594 I AudioFlinger: Using default 3000 mSec as standby time.
01-31 17:55:00.879  3594  3594 I audioserver: Add AudioFlinger on audioserver
01-31 17:55:00.879  3594  3594 I AudioPolicyService: AudioPolicyService CSTOR in new mode
01-31 17:55:00.880  3594  3594 D AudioInfo: MPS_CODE : XME, get MPS_CODE
01-31 17:55:00.880  3594  3594 D APM::SoundKitchen: SoundKitchen created
01-31 17:55:00.881  3594  3594 I APM::ConfigParsingUtils: loadAudioPolicyConfig() loaded /vendor/etc/audio_policy.conf
01-31 17:55:00.940  3594  3594 V audio_hw_primary_abox: device-adev_open: enter
01-31 17:55:00.940  3594  3594 V DiamondVoice: + diamondvoice_open
01-31 17:55:00.940  3594  3594 D AudioInfo: can not find AudioDataPath for fileName:/DiamondVoice/
01-31 17:55:00.940  3594  3594 V DiamondVoice: There is no DiamondVoice tuning data in CSC
01-31 17:55:00.940  3594  3594 V DiamondVoice: - diamondvoice_open
01-31 17:55:00.941  3594  3594 I AudioRil: ### mMultiSim : 1
01-31 17:55:00.941  3594  3594 D audio_hw_primary_abox: device-adev_open: Successed to init Voice Manager!
01-31 17:55:01.013  3592  3592 D SecurityManagerNative: SecurityManagerNative v2.7.2.6 On 64bit PLATFORM With BORINGSSL
01-31 17:55:01.017  3592  3592 E appproc : Enhanced Zygote ASLR: ro.knox.enhance.zygote.aslr != 1. Enhanced Zygote ASLR is DISABLED!
01-31 17:55:01.018  3592  3592 D AndroidRuntime: >>>>>> START com.android.internal.os.ZygoteInit uid 0 <<<<<<
01-31 17:55:01.020  3592  3592 D AndroidRuntime: CheckJNI is OFF
01-31 17:55:01.020  3592  3592 D AndroidRuntime: addProductProperty: start
01-31 17:55:01.021  3592  3592 I art     : option[0]=-Xzygote
01-31 17:55:01.021  3592  3592 I art     : option[1]=-Xstacktracefile:/data/anr/traces.txt
01-31 17:55:01.021  3592  3592 I art     : option[2]=exit
01-31 17:55:01.021  3592  3592 I art     : option[3]=vfprintf
01-31 17:55:01.021  3592  3592 I art     : option[4]=sensitiveThread
01-31 17:55:01.021  3592  3592 I art     : option[5]=-verbose:gc
01-31 17:55:01.021  3592  3592 I art     : option[6]=-Xms8m
01-31 17:55:01.021  3592  3592 I art     : option[7]=-Xmx512m
01-31 17:55:01.021  3592  3592 I art     : option[8]=-XX:HeapGrowthLimit=256m
01-31 17:55:01.021  3592  3592 I art     : option[9]=-XX:HeapMinFree=2m
01-31 17:55:01.021  3592  3592 I art     : option[10]=-XX:HeapMaxFree=8m
01-31 17:55:01.021  3592  3592 I art     : option[11]=-XX:HeapTargetUtilization=0.75
01-31 17:55:01.021  3592  3592 I art     : option[12]=-Xusejit:true
01-31 17:55:01.021  3592  3592 I art     : option[13]=-Xjitsaveprofilinginfo
01-31 17:55:01.021  3592  3592 I art     : option[14]=-agentlib:jdwp=transport=dt_android_adb,suspend=n,server=y
01-31 17:55:01.021  3592  3592 I art     : option[15]=-Ximage-compiler-option
01-31 17:55:01.021  3592  3592 I art     : option[16]=--runtime-arg
01-31 17:55:01.021  3592  3592 I art     : option[17]=-Ximage-compiler-option
01-31 17:55:01.021  3592  3592 I art     : option[18]=-Xms64m
01-31 17:55:01.021  3592  3592 I art     : option[19]=-Ximage-compiler-option
01-31 17:55:01.021  3592  3592 I art     : option[20]=--runtime-arg
01-31 17:55:01.021  3592  3592 I art     : option[21]=-Ximage-compiler-option
01-31 17:55:01.021  3592  3592 I art     : option[22]=-Xmx64m
01-31 17:55:01.021  3592  3592 I art     : option[23]=-Ximage-compiler-option
01-31 17:55:01.021  3592  3592 I art     : option[24]=--image-classes=/system/etc/preloaded-classes
01-31 17:55:01.021  3592  3592 I art     : option[25]=-Ximage-compiler-option
01-31 17:55:01.021  3592  3592 I art     : option[26]=--compiled-classes=/system/etc/compiled-classes
01-31 17:55:01.021  3592  3592 I art     : option[27]=-Xcompiler-option
01-31 17:55:01.021  3592  3592 I art     : option[28]=--runtime-arg
01-31 17:55:01.021  3592  3592 I art     : option[29]=-Xcompiler-option
01-31 17:55:01.021  3592  3592 I art     : option[30]=-Xms64m
01-31 17:55:01.021  3592  3592 I art     : option[31]=-Xcompiler-option
01-31 17:55:01.021  3592  3592 I art     : option[32]=--runtime-arg
01-31 17:55:01.021  3592  3592 I art     : option[33]=-Xcompiler-option
01-31 17:55:01.021  3592  3592 I art     : option[34]=-Xmx512m
01-31 17:55:01.021  3592  3592 I art     : option[35]=-Ximage-compiler-option
01-31 17:55:01.021  3592  3592 I art     : option[36]=--instruction-set-variant=exynos-m2
01-31 17:55:01.021  3592  3592 I art     : option[37]=-Xcompiler-option
01-31 17:55:01.021  3592  3592 I art     : option[38]=--instruction-set-variant=exynos-m2
01-31 17:55:01.021  3592  3592 I art     : option[39]=-Ximage-compiler-option
01-31 17:55:01.021  3592  3592 I art     : option[40]=--instruction-set-features=default
01-31 17:55:01.021  3592  3592 I art     : option[41]=-Xcompiler-option
01-31 17:55:01.021  3592  3592 I art     : option[42]=--instruction-set-features=default
01-31 17:55:01.021  3592  3592 I art     : option[43]=-Duser.locale=en-GB
01-31 17:55:01.021  3592  3592 I art     : option[44]=--cpu-abilist=arm64-v8a
01-31 17:55:01.021  3592  3592 I art     : option[45]=-Xfingerprint:samsung/dreamltexx/dreamlte:7.0/NRD90M/G950FXXU1AQL5:user/release-keys
01-31 17:55:01.023  3592  3592 W art     : Incomplete boot detected(.proceeding). Pruning dalvik cache
01-31 17:55:01.026  3592  3592 I art     : Pruning dalvik-cache since we are relocating an image and will need to recompile
01-31 17:55:01.026  3592  3592 W art     : Prune Dex Cache
01-31 17:55:01.029  3592  3592 I art     : RelocateImage: /system/bin/patchoat --input-image-location=/system/framework/boot.art --output-image-file=/data/dalvik-cache/arm64/system@framework@boot.art --instruction-set=arm64 --base-offset-delta=-6365184
01-31 17:55:01.047  3630  3630 E patchoat: Could not create image space with image file '/system/framework/boot.art'. Attempting to fall back to imageless running. Error was: Only the zygote can create the global boot image.
01-31 17:55:01.047  3630  3630 E patchoat: Attempted image: /system/framework/boot-knoxsdk.art
01-31 17:55:01.056  3630  3630 W patchoat: Skipping non-existent dex file '/system/framework/SmpsManager.jar'
01-31 17:55:01.056  3630  3630 W patchoat: Failed to open .dex from file '/system/framework/core-oj.jar': Entry not found
01-31 17:55:01.057  3630  3630 W patchoat: Failed to open .dex from file '/system/framework/core-libart.jar': Entry not found
01-31 17:55:01.057  3630  3630 W patchoat: Failed to open .dex from file '/system/framework/conscrypt.jar': Entry not found
01-31 17:55:01.057  3630  3630 W patchoat: Failed to open .dex from file '/system/framework/okhttp.jar': Entry not found
01-31 17:55:01.057  3630  3630 W patchoat: Failed to open .dex from file '/system/framework/core-junit.jar': Entry not found
01-31 17:55:01.057  3630  3630 W patchoat: Failed to open .dex from file '/system/framework/bouncycastle.jar': Entry not found
01-31 17:55:01.058  3630  3630 W patchoat: Failed to open .dex from file '/system/framework/ext.jar': Entry not found
01-31 17:55:01.058  3630  3630 W patchoat: Failed to open .dex from file '/system/framework/framework.jar': Entry not found
01-31 17:55:01.058  3630  3630 W patchoat: Failed to open .dex from file '/system/framework/telephony-common.jar': Entry not found
01-31 17:55:01.058  3630  3630 W patchoat: Failed to open .dex from file '/system/framework/voip-common.jar': Entry not found
01-31 17:55:01.059  3630  3630 W patchoat: Failed to open .dex from file '/system/framework/ims-common.jar': Entry not found
01-31 17:55:01.059  3630  3630 W patchoat: Failed to open .dex from file '/system/framework/apache-xml.jar': Entry not found
01-31 17:55:01.059  3630  3630 W patchoat: Failed to open .dex from file '/system/framework/org.apache.http.legacy.boot.jar': Entry not found
01-31 17:55:01.059  3630  3630 W patchoat: Failed to open .dex from file '/system/framework/sprengine.jar': Entry not found
01-31 17:55:01.059  3630  3630 W patchoat: Skipping non-existent dex file '/system/framework/knoxsdk.jar'
01-31 17:55:01.059  3630  3630 W patchoat: Failed to open .dex from file '/system/framework/sec_edm.jar': Entry not found
01-31 17:55:01.059  3630  3630 W patchoat: Failed to open .dex from file '/system/framework/sagearpolicymanager.jar': Entry not found
01-31 17:55:01.059  3630  3630 W patchoat: Failed to open .dex from file '/system/framework/smartbondingservice.jar': Entry not found
01-31 17:55:01.059  3630  3630 W patchoat: Skipping non-existent dex file '/system/framework/timakeystore.jar'
01-31 17:55:01.059  3630  3630 W patchoat: Failed to open .dex from file '/system/framework/fipstimakeystore.jar': Entry not found
01-31 17:55:01.059  3630  3630 W patchoat: Skipping non-existent dex file '/system/framework/knoxvpnuidtag.jar'
01-31 17:55:01.060  3630  3630 W patchoat: Failed to open .dex from file '/system/framework/sec_sdp_sdk.jar': Entry not found
01-31 17:55:01.060  3630  3630 W patchoat: Failed to open .dex from file '/system/framework/sec_sdp_hidden_sdk.jar': Entry not found
01-31 17:55:01.060  3630  3630 W patchoat: Failed to open .dex from file '/system/framework/esecomm.jar': Entry not found
01-31 17:55:01.060  3630  3630 W patchoat: Failed to open .dex from file '/system/framework/SemAudioThumbnail.jar': Entry not found
01-31 17:55:01.060  3630  3630 W patchoat: Failed to open .dex from file '/system/framework/smatlib.jar': Entry not found
01-31 17:55:01.060  3630  3630 W patchoat: Failed to open .dex from file '/system/framework/samsung-framework.jar': Entry not found
01-31 17:55:01.060  3630  3630 W patchoat: Skipping non-existent dex file '/system/framework/iqclient.jar'
01-31 17:55:01.071  3592  3592 W art     : Prune Dex Cache
01-31 17:55:01.073  3592  3592 E art     : Could not create image space with image file '/system/framework/boot.art'. Attempting to fall back to imageless running. Error was: Attempted to use relocated version of /system/framework/boot.art at /data/dalvik-cache/arm64/system@framework@boot.art generated from /system/framework/arm64/boot.art but image failed to load: Invalid image header in '/data/dalvik-cache/arm64/system@framework@boot.art'
01-31 17:55:01.073  3592  3592 E art     : Attempted image: /system/framework/boot.art
01-31 17:55:01.078  3592  3592 W art     : Skipping non-existent dex file '/system/framework/SmpsManager.jar'
01-31 17:55:01.078  3592  3592 W art     : Failed to open .dex from file '/system/framework/core-oj.jar': Entry not found
01-31 17:55:01.078  3592  3592 W art     : Failed to open .dex from file '/system/framework/core-libart.jar': Entry not found
01-31 17:55:01.078  3592  3592 W art     : Failed to open .dex from file '/system/framework/conscrypt.jar': Entry not found
01-31 17:55:01.078  3592  3592 W art     : Failed to open .dex from file '/system/framework/okhttp.jar': Entry not found
01-31 17:55:01.078  3592  3592 W art     : Failed to open .dex from file '/system/framework/core-junit.jar': Entry not found
01-31 17:55:01.078  3592  3592 W art     : Failed to open .dex from file '/system/framework/bouncycastle.jar': Entry not found
01-31 17:55:01.079  3592  3592 W art     : Failed to open .dex from file '/system/framework/ext.jar': Entry not found
01-31 17:55:01.079  3592  3592 W art     : Failed to open .dex from file '/system/framework/framework.jar': Entry not found
01-31 17:55:01.079  3592  3592 W art     : Failed to open .dex from file '/system/framework/telephony-common.jar': Entry not found
01-31 17:55:01.079  3592  3592 W art     : Failed to open .dex from file '/system/framework/voip-common.jar': Entry not found
01-31 17:55:01.079  3592  3592 W art     : Failed to open .dex from file '/system/framework/ims-common.jar': Entry not found
01-31 17:55:01.079  3592  3592 W art     : Failed to open .dex from file '/system/framework/apache-xml.jar': Entry not found
01-31 17:55:01.079  3592  3592 W art     : Failed to open .dex from file '/system/framework/org.apache.http.legacy.boot.jar': Entry not found
01-31 17:55:01.079  3592  3592 W art     : Failed to open .dex from file '/system/framework/sprengine.jar': Entry not found
01-31 17:55:01.079  3592  3592 W art     : Skipping non-existent dex file '/system/framework/knoxsdk.jar'
01-31 17:55:01.079  3592  3592 W art     : Failed to open .dex from file '/system/framework/sec_edm.jar': Entry not found
01-31 17:55:01.079  3592  3592 W art     : Failed to open .dex from file '/system/framework/sagearpolicymanager.jar': Entry not found
01-31 17:55:01.079  3592  3592 W art     : Failed to open .dex from file '/system/framework/smartbondingservice.jar': Entry not found
01-31 17:55:01.079  3592  3592 W art     : Skipping non-existent dex file '/system/framework/timakeystore.jar'
01-31 17:55:01.079  3592  3592 W art     : Failed to open .dex from file '/system/framework/fipstimakeystore.jar': Entry not found
01-31 17:55:01.079  3592  3592 W art     : Skipping non-existent dex file '/system/framework/knoxvpnuidtag.jar'
01-31 17:55:01.079  3592  3592 W art     : Failed to open .dex from file '/system/framework/sec_sdp_sdk.jar': Entry not found
01-31 17:55:01.079  3592  3592 W art     : Failed to open .dex from file '/system/framework/sec_sdp_hidden_sdk.jar': Entry not found
01-31 17:55:01.079  3592  3592 W art     : Failed to open .dex from file '/system/framework/esecomm.jar': Entry not found
01-31 17:55:01.079  3592  3592 W art     : Failed to open .dex from file '/system/framework/SemAudioThumbnail.jar': Entry not found
01-31 17:55:01.080  3592  3592 W art     : Failed to open .dex from file '/system/framework/smatlib.jar': Entry not found
01-31 17:55:01.080  3592  3592 W art     : Failed to open .dex from file '/system/framework/samsung-framework.jar': Entry not found
01-31 17:55:01.080  3592  3592 W art     : Skipping non-existent dex file '/system/framework/iqclient.jar'
01-31 17:55:01.102  3592  3592 I [saiv 1.1]: saiv_OnLoadJNI.cpp(38): _init: Version 1.1 Build # 3532
01-31 17:55:01.102  3592  3592 I [saiv 1.1]: saiv_OnLoadJNI.cpp(43): _init: _init() was called
01-31 17:55:01.119  3592  3592 I MLDAP   :            libMLDAP/MLDAP.c:  53: ================================================
01-31 17:55:01.119  3592  3592 I MLDAP   :            libMLDAP/MLDAP.c:  53:  MLDAP_LIB v1.1.16
01-31 17:55:01.119  3592  3592 I MLDAP   :            libMLDAP/MLDAP.c:  53: ================================================
01-31 17:55:01.122  3593  3593 D SecurityManagerNative: SecurityManagerNative v2.7.2.6 On 32bit PLATFORM With BORINGSSL
01-31 17:55:01.139  3593  3593 E appproc : Enhanced Zygote ASLR: ro.knox.enhance.zygote.aslr != 1. Enhanced Zygote ASLR is DISABLED!
01-31 17:55:01.139  3593  3593 D AndroidRuntime: >>>>>> START com.android.internal.os.ZygoteInit uid 0 <<<<<<
01-31 17:55:01.142  3593  3593 D AndroidRuntime: CheckJNI is OFF
01-31 17:55:01.143  3593  3593 D AndroidRuntime: addProductProperty: start
01-31 17:55:01.143  3593  3593 I art     : option[0]=-Xzygote
01-31 17:55:01.143  3593  3593 I art     : option[1]=-Xstacktracefile:/data/anr/traces.txt
01-31 17:55:01.143  3593  3593 I art     : option[2]=exit
01-31 17:55:01.143  3593  3593 I art     : option[3]=vfprintf
01-31 17:55:01.143  3593  3593 I art     : option[4]=sensitiveThread
01-31 17:55:01.143  3593  3593 I art     : option[5]=-verbose:gc
01-31 17:55:01.143  3593  3593 I art     : option[6]=-Xms8m
01-31 17:55:01.143  3593  3593 I art     : option[7]=-Xmx512m
01-31 17:55:01.143  3593  3593 I art     : option[8]=-XX:HeapGrowthLimit=256m
01-31 17:55:01.143  3593  3593 I art     : option[9]=-XX:HeapMinFree=2m
01-31 17:55:01.143  3593  3593 I art     : option[10]=-XX:HeapMaxFree=8m
01-31 17:55:01.143  3593  3593 I art     : option[11]=-XX:HeapTargetUtilization=0.75
01-31 17:55:01.143  3593  3593 I art     : option[12]=-Xusejit:true
01-31 17:55:01.143  3593  3593 I art     : option[13]=-Xjitsaveprofilinginfo
01-31 17:55:01.143  3593  3593 I art     : option[14]=-agentlib:jdwp=transport=dt_android_adb,suspend=n,server=y
01-31 17:55:01.143  3593  3593 I art     : option[15]=-Ximage-compiler-option
01-31 17:55:01.143  3593  3593 I art     : option[16]=--runtime-arg
01-31 17:55:01.143  3593  3593 I art     : option[17]=-Ximage-compiler-option
01-31 17:55:01.143  3593  3593 I art     : option[18]=-Xms64m
01-31 17:55:01.143  3593  3593 I art     : option[19]=-Ximage-compiler-option
01-31 17:55:01.143  3593  3593 I art     : option[20]=--runtime-arg
01-31 17:55:01.143  3593  3593 I art     : option[21]=-Ximage-compiler-option
01-31 17:55:01.143  3593  3593 I art     : option[22]=-Xmx64m
01-31 17:55:01.143  3593  3593 I art     : option[23]=-Ximage-compiler-option
01-31 17:55:01.143  3593  3593 I art     : option[24]=--image-classes=/system/etc/preloaded-classes
01-31 17:55:01.143  3593  3593 I art     : option[25]=-Ximage-compiler-option
01-31 17:55:01.143  3593  3593 I art     : option[26]=--compiled-classes=/system/etc/compiled-classes
01-31 17:55:01.143  3593  3593 I art     : option[27]=-Xcompiler-option
01-31 17:55:01.143  3593  3593 I art     : option[28]=--runtime-arg
01-31 17:55:01.143  3593  3593 I art     : option[29]=-Xcompiler-option
01-31 17:55:01.143  3593  3593 I art     : option[30]=-Xms64m
01-31 17:55:01.143  3593  3593 I art     : option[31]=-Xcompiler-option
01-31 17:55:01.143  3593  3593 I art     : option[32]=--runtime-arg
01-31 17:55:01.143  3593  3593 I art     : option[33]=-Xcompiler-option
01-31 17:55:01.143  3593  3593 I art     : option[34]=-Xmx512m
01-31 17:55:01.143  3593  3593 I art     : option[35]=-Ximage-compiler-option
01-31 17:55:01.143  3593  3593 I art     : option[36]=--instruction-set-variant=cortex-a53
01-31 17:55:01.143  3593  3593 I art     : option[37]=-Xcompiler-option
01-31 17:55:01.143  3593  3593 I art     : option[38]=--instruction-set-variant=cortex-a53
01-31 17:55:01.143  3593  3593 I art     : option[39]=-Ximage-compiler-option
01-31 17:55:01.143  3593  3593 I art     : option[40]=--instruction-set-features=default
01-31 17:55:01.143  3593  3593 I art     : option[41]=-Xcompiler-option
01-31 17:55:01.143  3593  3593 I art     : option[42]=--instruction-set-features=default
01-31 17:55:01.143  3593  3593 I art     : option[43]=-Duser.locale=en-GB
01-31 17:55:01.143  3593  3593 I art     : option[44]=--cpu-abilist=armeabi-v7a,armeabi
01-31 17:55:01.143  3593  3593 I art     : option[45]=-Xfingerprint:samsung/dreamltexx/dreamlte:7.0/NRD90M/G950FXXU1AQL5:user/release-keys
01-31 17:55:01.145  3593  3593 W art     : Incomplete boot detected(.proceeding). Pruning dalvik cache
01-31 17:55:01.152  3593  3593 I art     : Pruning dalvik-cache since we are relocating an image and will need to recompile
01-31 17:55:01.152  3593  3593 W art     : Prune Dex Cache
01-31 17:55:01.154  3593  3593 I art     : RelocateImage: /system/bin/patchoat --input-image-location=/system/framework/boot.art --output-image-file=/data/dalvik-cache/arm/system@framework@boot.art --instruction-set=arm --base-offset-delta=-7557120
01-31 17:55:01.165  3592  3592 I TMSDISP : AcsAndroidVirtualDisplayIntfImpl
01-31 17:55:01.186  3592  3592 D ICU     : No timezone override file found: /data/misc/zoneinfo/current/icu/icu_tzdata.dat
01-31 17:55:01.195  3638  3638 E patchoat: Could not create image space with image file '/system/framework/boot.art'. Attempting to fall back to imageless running. Error was: Only the zygote can create the global boot image.
01-31 17:55:01.195  3638  3638 E patchoat: Attempted image: /system/framework/boot-knoxsdk.art
01-31 17:55:01.204  3638  3638 W patchoat: Skipping non-existent dex file '/system/framework/SmpsManager.jar'
01-31 17:55:01.204  3638  3638 W patchoat: Failed to open .dex from file '/system/framework/core-oj.jar': Entry not found
01-31 17:55:01.206  3638  3638 W patchoat: Failed to open .dex from file '/system/framework/core-libart.jar': Entry not found
01-31 17:55:01.206  3638  3638 W patchoat: Failed to open .dex from file '/system/framework/conscrypt.jar': Entry not found
01-31 17:55:01.206  3638  3638 W patchoat: Failed to open .dex from file '/system/framework/okhttp.jar': Entry not found
01-31 17:55:01.206  3638  3638 W patchoat: Failed to open .dex from file '/system/framework/core-junit.jar': Entry not found
01-31 17:55:01.206  3638  3638 W patchoat: Failed to open .dex from file '/system/framework/bouncycastle.jar': Entry not found
01-31 17:55:01.232  3592  3592 I Radio-JNI: register_android_hardware_Radio DONE
01-31 17:55:01.255  3592  3592 D ReflectionHelper: loadKlass() : caller=android.app.Activity.<clinit>:7581 <bottom of call stack>
01-31 17:55:01.263  3638  3638 W patchoat: Failed to open .dex from file '/system/framework/ext.jar': Entry not found
01-31 17:55:01.263  3638  3638 W patchoat: Failed to open .dex from file '/system/framework/framework.jar': Entry not found
01-31 17:55:01.263  3638  3638 W patchoat: Failed to open .dex from file '/system/framework/telephony-common.jar': Entry not found
01-31 17:55:01.263  3638  3638 W patchoat: Failed to open .dex from file '/system/framework/voip-common.jar': Entry not found
01-31 17:55:01.264  3638  3638 W patchoat: Failed to open .dex from file '/system/framework/ims-common.jar': Entry not found
01-31 17:55:01.264  3638  3638 W patchoat: Failed to open .dex from file '/system/framework/apache-xml.jar': Entry not found
01-31 17:55:01.264  3638  3638 W patchoat: Failed to open .dex from file '/system/framework/org.apache.http.legacy.boot.jar': Entry not found
01-31 17:55:01.264  3638  3638 W patchoat: Failed to open .dex from file '/system/framework/sprengine.jar': Entry not found
01-31 17:55:01.264  3638  3638 W patchoat: Skipping non-existent dex file '/system/framework/knoxsdk.jar'
01-31 17:55:01.264  3638  3638 W patchoat: Failed to open .dex from file '/system/framework/sec_edm.jar': Entry not found
01-31 17:55:01.265  3638  3638 W patchoat: Failed to open .dex from file '/system/framework/sagearpolicymanager.jar': Entry not found
01-31 17:55:01.265  3638  3638 W patchoat: Failed to open .dex from file '/system/framework/smartbondingservice.jar': Entry not found
01-31 17:55:01.265  3638  3638 W patchoat: Skipping non-existent dex file '/system/framework/timakeystore.jar'
01-31 17:55:01.265  3638  3638 W patchoat: Failed to open .dex from file '/system/framework/fipstimakeystore.jar': Entry not found
01-31 17:55:01.265  3638  3638 W patchoat: Skipping non-existent dex file '/system/framework/knoxvpnuidtag.jar'
01-31 17:55:01.265  3638  3638 W patchoat: Failed to open .dex from file '/system/framework/sec_sdp_sdk.jar': Entry not found
01-31 17:55:01.266  3638  3638 W patchoat: Failed to open .dex from file '/system/framework/sec_sdp_hidden_sdk.jar': Entry not found
01-31 17:55:01.266  3638  3638 W patchoat: Failed to open .dex from file '/system/framework/esecomm.jar': Entry not found
01-31 17:55:01.266  3638  3638 W patchoat: Failed to open .dex from file '/system/framework/SemAudioThumbnail.jar': Entry not found
01-31 17:55:01.266  3638  3638 W patchoat: Failed to open .dex from file '/system/framework/smatlib.jar': Entry not found
01-31 17:55:01.266  3638  3638 W patchoat: Failed to open .dex from file '/system/framework/samsung-framework.jar': Entry not found
01-31 17:55:01.266  3638  3638 W patchoat: Skipping non-existent dex file '/system/framework/iqclient.jar'
01-31 17:55:01.270  3592  3592 D ReflectionHelper: Reflecting method.....  class <onScreenChanged>
01-31 17:55:01.270  3592  3592 F NativeActivity: Unable to find method finish
01-31 17:55:01.270  3592  3592 F libc    : Fatal signal 6 (SIGABRT), code -6 in tid 3592 (main)
01-31 17:55:01.271  3100  3100 W         : debuggerd: handling request: pid=3592 uid=0 gid=0 tid=3592
01-31 17:55:01.276  3593  3593 W art     : Prune Dex Cache
01-31 17:55:01.278  3593  3593 E art     : Could not create image space with image file '/system/framework/boot.art'. Attempting to fall back to imageless running. Error was: Attempted to use relocated version of /system/framework/boot.art at /data/dalvik-cache/arm/system@framework@boot.art generated from /system/framework/arm/boot.art but image failed to load: Invalid image header in '/data/dalvik-cache/arm/system@framework@boot.art'
01-31 17:55:01.278  3593  3593 E art     : Attempted image: /system/framework/boot.art
01-31 17:55:01.286  3593  3593 W art     : Skipping non-existent dex file '/system/framework/SmpsManager.jar'
01-31 17:55:01.286  3593  3593 W art     : Failed to open .dex from file '/system/framework/core-oj.jar': Entry not found
01-31 17:55:01.286  3593  3593 W art     : Failed to open .dex from file '/system/framework/core-libart.jar': Entry not found
01-31 17:55:01.286  3593  3593 W art     : Failed to open .dex from file '/system/framework/conscrypt.jar': Entry not found
01-31 17:55:01.286  3593  3593 W art     : Failed to open .dex from file '/system/framework/okhttp.jar': Entry not found
01-31 17:55:01.286  3593  3593 W art     : Failed to open .dex from file '/system/framework/core-junit.jar': Entry not found
01-31 17:55:01.286  3593  3593 W art     : Failed to open .dex from file '/system/framework/bouncycastle.jar': Entry not found
01-31 17:55:01.286  3652  3652 E         : debuggerd: Unable to connect to activity manager (connect failed: Connection refused)
01-31 17:55:01.287  3593  3593 W art     : Failed to open .dex from file '/system/framework/ext.jar': Entry not found
01-31 17:55:01.287  3593  3593 W art     : Failed to open .dex from file '/system/framework/framework.jar': Entry not found
01-31 17:55:01.287  3593  3593 W art     : Failed to open .dex from file '/system/framework/telephony-common.jar': Entry not found
01-31 17:55:01.287  3593  3593 W art     : Failed to open .dex from file '/system/framework/voip-common.jar': Entry not found
01-31 17:55:01.287  3593  3593 W art     : Failed to open .dex from file '/system/framework/ims-common.jar': Entry not found
01-31 17:55:01.287  3593  3593 W art     : Failed to open .dex from file '/system/framework/apache-xml.jar': Entry not found
01-31 17:55:01.287  3593  3593 W art     : Failed to open .dex from file '/system/framework/org.apache.http.legacy.boot.jar': Entry not found
01-31 17:55:01.287  3593  3593 W art     : Failed to open .dex from file '/system/framework/sprengine.jar': Entry not found
01-31 17:55:01.287  3593  3593 W art     : Skipping non-existent dex file '/system/framework/knoxsdk.jar'
01-31 17:55:01.287  3593  3593 W art     : Failed to open .dex from file '/system/framework/sec_edm.jar': Entry not found
01-31 17:55:01.287  3593  3593 W art     : Failed to open .dex from file '/system/framework/sagearpolicymanager.jar': Entry not found
01-31 17:55:01.287  3593  3593 W art     : Failed to open .dex from file '/system/framework/smartbondingservice.jar': Entry not found
01-31 17:55:01.287  3593  3593 W art     : Skipping non-existent dex file '/system/framework/timakeystore.jar'
01-31 17:55:01.287  3593  3593 W art     : Failed to open .dex from file '/system/framework/fipstimakeystore.jar': Entry not found
01-31 17:55:01.287  3593  3593 W art     : Skipping non-existent dex file '/system/framework/knoxvpnuidtag.jar'
01-31 17:55:01.288  3593  3593 W art     : Failed to open .dex from file '/system/framework/sec_sdp_sdk.jar': Entry not found
01-31 17:55:01.288  3593  3593 W art     : Failed to open .dex from file '/system/framework/sec_sdp_hidden_sdk.jar': Entry not found
01-31 17:55:01.288  3593  3593 W art     : Failed to open .dex from file '/system/framework/esecomm.jar': Entry not found
01-31 17:55:01.288  3593  3593 W art     : Failed to open .dex from file '/system/framework/SemAudioThumbnail.jar': Entry not found
01-31 17:55:01.288  3593  3593 W art     : Failed to open .dex from file '/system/framework/smatlib.jar': Entry not found
01-31 17:55:01.288  3593  3593 W art     : Failed to open .dex from file '/system/framework/samsung-framework.jar': Entry not found
01-31 17:55:01.288  3593  3593 W art     : Skipping non-existent dex file '/system/framework/iqclient.jar'
01-31 17:55:01.315  3593  3593 I [saiv 1.1]: saiv_OnLoadJNI.cpp(38): _init: Version 1.1 Build # 3532
01-31 17:55:01.315  3593  3593 I [saiv 1.1]: saiv_OnLoadJNI.cpp(43): _init: _init() was called
01-31 17:55:01.332  3593  3593 I MLDAP   : ================================================
01-31 17:55:01.332  3593  3593 I MLDAP   :  MLDAP_LIB v1.1.16
01-31 17:55:01.332  3593  3593 I MLDAP   : ================================================
01-31 17:55:01.337  3652  3652 F DEBUG   : *** *** *** *** *** *** *** *** *** *** *** *** *** *** *** ***
01-31 17:55:01.338  3652  3652 F DEBUG   : Build fingerprint: 'samsung/dreamltexx/dreamlte:7.0/NRD90M/G950FXXU1AQL5:user/release-keys'
01-31 17:55:01.338  3652  3652 F DEBUG   : Revision: '10'
01-31 17:55:01.338  3652  3652 F DEBUG   : ABI: 'arm64'
01-31 17:55:01.338  3652  3652 F DEBUG   : pid: 3592, tid: 3592, name: main  >>> zygote64 <<<
01-31 17:55:01.338  3652  3652 F DEBUG   : signal 6 (SIGABRT), code -6 (SI_TKILL), fault addr --------
01-31 17:55:01.344  3652  3652 F DEBUG   : Abort message: 'Unable to find method finish'
01-31 17:55:01.344  3652  3652 F DEBUG   :     x0   0000000000000000  x1   0000000000000e08  x2   0000000000000006  x3   0000000000000008
01-31 17:55:01.344  3652  3652 F DEBUG   :     x4   0000000000000021  x5   0000000000000000  x6   0000007ea900b000  x7   0000000000000000
01-31 17:55:01.344  3652  3652 F DEBUG   :     x8   0000000000000083  x9   ffffffffffffffdf  x10  0000000000000000  x11  ffffffffffffffff
01-31 17:55:01.344  3652  3652 F DEBUG   :     x12  0000000000000018  x13  0000000000000000  x14  0000000000000000  x15  00101e32eb5d8096
01-31 17:55:01.344  3652  3652 F DEBUG   :     x16  0000007ea7d11ed0  x17  0000007ea7cb99f4  x18  00000000ebad6082  x19  0000007ea90c4b40
01-31 17:55:01.345  3652  3652 F DEBUG   :     x20  0000000000000006  x21  0000007ea90c4a98  x22  0000000000000000  x23  0000007ea5cc9000
01-31 17:55:01.345  3652  3652 F DEBUG   :     x24  0000007ea5cc9378  x25  0000007ea5cc80e0  x26  0000005796ce2b6f  x27  0000005796cd9bb0
01-31 17:55:01.345  3652  3652 F DEBUG   :     x28  0000000000000003  x29  0000007fdf12c7e0  x30  0000007ea7cb6d14
01-31 17:55:01.345  3652  3652 F DEBUG   :     sp   0000007fdf12c7c0  pc   0000007ea7cb99fc  pstate 0000000060000000
01-31 17:55:01.350  3652  3652 F DEBUG   :
01-31 17:55:01.350  3652  3652 F DEBUG   : backtrace:
01-31 17:55:01.350  3652  3652 F DEBUG   :     #00 pc 000000000006f9fc  /system/lib64/libc.so (tgkill+8)
01-31 17:55:01.350  3652  3652 F DEBUG   :     #01 pc 000000000006cd10  /system/lib64/libc.so (pthread_kill+64)
01-31 17:55:01.350  3652  3652 F DEBUG   :     #02 pc 0000000000025078  /system/lib64/libc.so (raise+24)
01-31 17:55:01.350  3652  3652 F DEBUG   :     #03 pc 000000000001cc04  /system/lib64/libc.so (abort+52)
01-31 17:55:01.350  3652  3652 F DEBUG   :     #04 pc 0000000000011c4c  /system/lib64/libcutils.so (__android_log_assert+252)
01-31 17:55:01.350  3652  3652 F DEBUG   :     #05 pc 00000000000ac74c  /system/lib64/libandroid_runtime.so (_ZN7android35register_android_app_NativeActivityEP7_JNIEnv+428)
01-31 17:55:01.350  3652  3652 F DEBUG   :     #06 pc 00000000000a5c60  /system/lib64/libandroid_runtime.so (_ZN7android14AndroidRuntime8startRegEP7_JNIEnv+144)
01-31 17:55:01.350  3652  3652 F DEBUG   :     #07 pc 00000000000a7934  /system/lib64/libandroid_runtime.so (_ZN7android14AndroidRuntime5startEPKcRKNS_6VectorINS_7String8EEEb+372)
01-31 17:55:01.350  3652  3652 F DEBUG   :     #08 pc 0000000000004860  /system/bin/app_process64
01-31 17:55:01.350  3652  3652 F DEBUG   :     #09 pc 000000000001a8d8  /system/lib64/libc.so (__libc_init+88)
01-31 17:55:01.350  3652  3652 F DEBUG   :     #10 pc 000000000000413c  /system/bin/app_process64
01-31 17:55:01.383  3593  3593 I TMSDISP : AcsAndroidVirtualDisplayIntfImpl
01-31 17:55:01.394  3593  3593 D ICU     : No timezone override file found: /data/misc/zoneinfo/current/icu/icu_tzdata.dat
01-31 17:55:01.445  3593  3593 I Radio-JNI: register_android_hardware_Radio DONE
01-31 17:55:01.472  3593  3593 D ReflectionHelper: loadKlass() : caller=android.app.Activity.<clinit>:7581 <bottom of call stack>
01-31 17:55:01.472  3652  3652 E         : ro.debug_level = 0x4f4c
01-31 17:55:01.472  3652  3652 E         : sys.mobilecare.preload = false
01-31 17:55:01.473  3100  3100 W         : debuggerd: resuming target 3592
01-31 17:55:01.490  3593  3593 D ReflectionHelper: Reflecting method.....  class <onScreenChanged>
01-31 17:55:01.490  3593  3593 F NativeActivity: Unable to find method finish
01-31 17:55:01.490  3593  3593 F libc    : Fatal signal 6 (SIGABRT), code -6 in tid 3593 (main)
01-31 17:55:01.491  3099  3099 W         : debuggerd: handling request: pid=3593 uid=0 gid=0 tid=3593
01-31 17:55:01.499  3594  3594 E audio_route: Control 'VTS Execution Mode' doesn't exist - skipping
01-31 17:55:01.499  3594  3594 E audio_route: Control 'VTS VoiceRecognize Start' doesn't exist - skipping
01-31 17:55:01.501  3594  3594 E audio_route: Control 'VTS Execution Mode' doesn't exist - skipping
01-31 17:55:01.501  3594  3594 E audio_route: Control 'VTS VoiceRecognize Start' doesn't exist - skipping
01-31 17:55:01.502  3594  3594 E audio_route: Control 'VTS Execution Mode' doesn't exist - skipping
01-31 17:55:01.502  3594  3594 E audio_route: Control 'VTS VoiceRecognize Start' doesn't exist - skipping
01-31 17:55:01.502  3594  3594 E audio_route: Control 'VTS Execution Mode' doesn't exist - skipping
01-31 17:55:01.502  3594  3594 E audio_route: Control 'VTS VoiceRecognize Start' doesn't exist - skipping
01-31 17:55:01.505  3675  3675 E         : debuggerd: Unable to connect to activity manager (connect failed: Connection refused)
01-31 17:55:01.506  3594  3594 V audio_route: Control 'VTS VoiceTrigger Value' is to be controled by user
01-31 17:55:01.511  3594  3594 I audio_route: > audio_route_update_mixer : +
01-31 17:55:01.513  3594  3594 I audio_route: > audio_route_update_mixer : changed(3) -
01-31 17:55:01.513  3594  3594 D audio_hw_primary_abox: device-adev_open: Successed to init Route!
01-31 17:55:01.513  3594  3594 D audio_hw_primary_abox: device-adev_open: Opened Audio Primary HW Device
01-31 17:55:01.513  3594  3594 V audio_hw_primary_abox: device-adev_init_check: Audio Primary HW Device is already opened & initialized
01-31 17:55:01.513  3594  3594 D audio_hw_primary_abox: device-adev_get_master_volume: enter
01-31 17:55:01.513  3594  3594 D audio_hw_primary_abox: device-adev_get_master_volume: exit, Not supported Master Volume by AudioHAL
01-31 17:55:01.513  3594  3594 D audio_hw_primary_abox: device-adev_get_master_mute: enter
01-31 17:55:01.513  3594  3594 D audio_hw_primary_abox: device-adev_get_master_mute: exit, Not supported Master Mute by AudioHAL
01-31 17:55:01.513  3594  3594 D audio_hw_primary_abox: device-adev_set_master_volume: enter with volume level(1.000000)
01-31 17:55:01.513  3594  3594 D audio_hw_primary_abox: device-adev_set_master_volume: exit, Not supported Master Volume by AudioHAL
01-31 17:55:01.513  3594  3594 D audio_hw_primary_abox: device-adev_set_master_mute: enter with mute statue(0)
01-31 17:55:01.513  3594  3594 D audio_hw_primary_abox: device-adev_set_master_mute: exit, Not supported Master Mute by AudioHAL
01-31 17:55:01.513  3594  3594 I AudioFlinger: loadHwModule() Loaded primary audio interface from Exynos Primary AudioHAL (audio) handle 10
01-31 17:55:01.513  3594  3594 I AudioFlinger: openOutput(), module 10 Device 2, SamplingRate 48000, Format 0x000001, Channels 3, flags a
01-31 17:55:01.513  3594  3594 D audio_hw_primary_abox: device-adev_open_output_stream: enter: io_handle (13), sample_rate(48000) channel_mask(0x3) devices(0x2) flags(0xa)
01-31 17:55:01.513  3594  3594 D audio_hw_primary_abox: device-adev_open_output_stream: Requested open Primary output
01-31 17:55:01.513  3594  3594 I audio_hw_primary_abox: Check PCM Channel Count: Default(2), Request(2)
01-31 17:55:01.513  3594  3594 I audio_hw_primary_abox: Check PCM Smapling Rate: Default(48000), Request(48000)
01-31 17:55:01.513  3594  3594 I audio_hw_primary_abox: Check PCM Format: Default(0), Request(0)
