01-31 17:55:16.910  3883  3883 I FRIGATE_BIRD: * * * * * * * * * * * * * * * * * *
01-31 17:55:16.910  3883  3883 I FRIGATE_BIRD: Client : 6
01-31 17:55:16.910  3883  3883 I FRIGATE_BIRD: Send the reqeust to socket
01-31 17:55:16.910  3883  3883 I FRIGATE_BIRD: Reading from socket
01-31 17:55:16.910  3103  3128 I         : Write to block
01-31 17:55:16.912  3883  3883 I FRIGATE_BIRD: Close the client socket
01-31 17:55:16.912  3883  3883 I FRIGATE_BIRD: response_result : 16
01-31 17:55:16.913  3883  3883 I FRIGATE_BIRD: UID : 1000 / EUID : 1000
01-31 17:55:16.913  3883  3883 I FRIGATE_BIRD: * * * Verify Request Command * * *
01-31 17:55:16.913  3883  3883 I FRIGATE_BIRD: req_buf->oper : 162
01-31 17:55:16.913  3883  3883 I FRIGATE_BIRD: req_buf->device_len : 16
01-31 17:55:16.913  3883  3883 I FRIGATE_BIRD: req_buf->device : /dev/block/param
01-31 17:55:16.913  3883  3883 I FRIGATE_BIRD: req_buf->data_len : 16
01-31 17:55:16.913  3883  3883 I FRIGATE_BIRD: req_buf->data :
01-31 17:55:16.913  3883  3883 I FRIGATE_BIRD: req_buf->offset : -1024
01-31 17:55:16.913  3883  3883 I FRIGATE_BIRD: req_buf->ioctl_cmd : 0
01-31 17:55:16.913  3883  3883 I FRIGATE_BIRD: * * * * * * * * * * * * * * * * * *
01-31 17:55:16.913  3883  3883 I FRIGATE_BIRD: Client : 6
01-31 17:55:16.913  3883  3883 I FRIGATE_BIRD: Send the reqeust to socket
01-31 17:55:16.913  3883  3883 I FRIGATE_BIRD: Reading from socket
01-31 17:55:16.913  3103  3128 I         : Write to block
01-31 17:55:16.914  3883  3883 I FRIGATE_BIRD: Close the client socket
01-31 17:55:16.914  3883  3883 I FRIGATE_BIRD: response_result : 16
01-31 17:55:17.532  3337  3337 W AudioSystem: AudioPolicyService not published, waiting...
01-31 17:55:17.793  3235  3434 I ServiceManager: Waiting for service SveService...
01-31 17:55:18.033  3337  3337 I ServiceManager: Waiting for service media.audio_policy...
01-31 17:55:18.794  3235  3434 I ServiceManager: Waiting for service SveService...
01-31 17:55:19.033  3337  3337 I ServiceManager: Waiting for service media.audio_policy...
01-31 17:55:19.795  3235  3434 I ServiceManager: Waiting for service SveService...
01-31 17:55:20.034  3337  3337 I ServiceManager: Waiting for service media.audio_policy...
01-31 17:55:20.796  3235  3434 I ServiceManager: Waiting for service SveService...
01-31 17:55:20.925  3972  3972 I bootchecker: Leave previous log before plaform reset
01-31 17:55:20.982  3978  3978 D SecurityManagerNative: SecurityManagerNative v2.7.2.6 On 64bit PLATFORM With BORINGSSL
01-31 17:55:20.983  3978  3978 I Netd    : Netd 1.0 starting
01-31 17:55:20.983  3978  3978 D TetherController: Setting IP forward enable = 0
01-31 17:55:20.983  3978  3978 D TetherController: config_write_setting(/proc/sys/net/ipv6/conf/all/proxy_ndp, 0)
01-31 17:55:20.983  3978  3978 D TetherController: config_write_setting(/proc/sys/net/ipv6/conf/all/forwarding, 0)
01-31 17:55:20.987  3978  3978 I QtiConnectivityAdapter: Failed to open libconnctrl, some features may not be present.
01-31 17:55:20.987  3978  3978 E         : Failed to open libdatactrl, some features may not be present.
01-31 17:55:20.987  3978  3978 E         : Failed to open libcsm_data, some features may not be present.
01-31 17:55:21.035  3337  3337 I ServiceManager: Waiting for service media.audio_policy...
01-31 17:55:21.065  3975  3975 D SecurityManagerNative: SecurityManagerNative v2.7.2.6 On 32bit PLATFORM With BORINGSSL
01-31 17:55:21.066  3975  3975 I         : sMaxFastTracks = 8
01-31 17:55:21.070  3975  3975 I audioserver: ServiceManager: 0xe8599aa0
01-31 17:55:21.070  3975  3975 W BatteryNotifier: batterystats service unavailable!
01-31 17:55:21.071  3975  3975 I EffectsFactory: /system/lib/soundfx/libeffectproxy.so can support global effect
01-31 17:55:21.077  3975  3975 I EffectsFactory: /system/lib/soundfx/libmyspace.so can support global effect
01-31 17:55:21.081  3975  3975 I EffectsFactory: /system/lib/soundfx/libaudiosaplus_sec.so can support global effect
01-31 17:55:21.084  3975  3975 W EffectsFactory: loadLibrary() failed to open /system/lib/libmyspaceplus.so
01-31 17:55:21.091  3975  3975 W EffectsFactory: loadEffect() could not get library myspaceplus
01-31 17:55:21.091  3975  3975 W EffectsFactory: loadEffect() could not get library myspaceplus
01-31 17:55:21.091  3975  3975 W EffectsFactory: loadEffect() could not get library myspaceplus
01-31 17:55:21.093  3975  3975 I AudioFlinger: Using default 3000 mSec as standby time.
01-31 17:55:21.094  3975  3975 I audioserver: Add AudioFlinger on audioserver
01-31 17:55:21.094  3975  3975 I AudioPolicyService: AudioPolicyService CSTOR in new mode
01-31 17:55:21.094  3975  3975 D AudioInfo: MPS_CODE : XME, get MPS_CODE
01-31 17:55:21.094  3975  3975 D APM::SoundKitchen: SoundKitchen created
01-31 17:55:21.096  3975  3975 I APM::ConfigParsingUtils: loadAudioPolicyConfig() loaded /vendor/etc/audio_policy.conf
01-31 17:55:21.156  3975  3975 V audio_hw_primary_abox: device-adev_open: enter
01-31 17:55:21.156  3975  3975 V DiamondVoice: + diamondvoice_open
01-31 17:55:21.156  3975  3975 D AudioInfo: can not find AudioDataPath for fileName:/DiamondVoice/
01-31 17:55:21.157  3975  3975 V DiamondVoice: There is no DiamondVoice tuning data in CSC
01-31 17:55:21.157  3975  3975 V DiamondVoice: - diamondvoice_open
01-31 17:55:21.158  3975  3975 I AudioRil: ### mMultiSim : 1
01-31 17:55:21.159  3975  3975 D audio_hw_primary_abox: device-adev_open: Successed to init Voice Manager!
01-31 17:55:21.219  3973  3973 D SecurityManagerNative: SecurityManagerNative v2.7.2.6 On 64bit PLATFORM With BORINGSSL
01-31 17:55:21.225  3973  3973 E appproc : Enhanced Zygote ASLR: ro.knox.enhance.zygote.aslr != 1. Enhanced Zygote ASLR is DISABLED!
01-31 17:55:21.225  3973  3973 D AndroidRuntime: >>>>>> START com.android.internal.os.ZygoteInit uid 0 <<<<<<
01-31 17:55:21.228  3973  3973 D AndroidRuntime: CheckJNI is OFF
01-31 17:55:21.228  3973  3973 D AndroidRuntime: addProductProperty: start
01-31 17:55:21.228  3973  3973 I art     : option[0]=-Xzygote
01-31 17:55:21.228  3973  3973 I art     : option[1]=-Xstacktracefile:/data/anr/traces.txt
01-31 17:55:21.228  3973  3973 I art     : option[2]=exit
01-31 17:55:21.228  3973  3973 I art     : option[3]=vfprintf
01-31 17:55:21.228  3973  3973 I art     : option[4]=sensitiveThread
01-31 17:55:21.228  3973  3973 I art     : option[5]=-verbose:gc
01-31 17:55:21.228  3973  3973 I art     : option[6]=-Xms8m
01-31 17:55:21.228  3973  3973 I art     : option[7]=-Xmx512m
01-31 17:55:21.228  3973  3973 I art     : option[8]=-XX:HeapGrowthLimit=256m
01-31 17:55:21.228  3973  3973 I art     : option[9]=-XX:HeapMinFree=2m
01-31 17:55:21.228  3973  3973 I art     : option[10]=-XX:HeapMaxFree=8m
01-31 17:55:21.228  3973  3973 I art     : option[11]=-XX:HeapTargetUtilization=0.75
01-31 17:55:21.228  3973  3973 I art     : option[12]=-Xusejit:true
01-31 17:55:21.228  3973  3973 I art     : option[13]=-Xjitsaveprofilinginfo
01-31 17:55:21.228  3973  3973 I art     : option[14]=-agentlib:jdwp=transport=dt_android_adb,suspend=n,server=y
01-31 17:55:21.228  3973  3973 I art     : option[15]=-Ximage-compiler-option
01-31 17:55:21.228  3973  3973 I art     : option[16]=--runtime-arg
01-31 17:55:21.228  3973  3973 I art     : option[17]=-Ximage-compiler-option
01-31 17:55:21.228  3973  3973 I art     : option[18]=-Xms64m
01-31 17:55:21.228  3973  3973 I art     : option[19]=-Ximage-compiler-option
01-31 17:55:21.228  3973  3973 I art     : option[20]=--runtime-arg
01-31 17:55:21.228  3973  3973 I art     : option[21]=-Ximage-compiler-option
01-31 17:55:21.228  3973  3973 I art     : option[22]=-Xmx64m
01-31 17:55:21.228  3973  3973 I art     : option[23]=-Ximage-compiler-option
01-31 17:55:21.228  3973  3973 I art     : option[24]=--image-classes=/system/etc/preloaded-classes
01-31 17:55:21.228  3973  3973 I art     : option[25]=-Ximage-compiler-option
01-31 17:55:21.228  3973  3973 I art     : option[26]=--compiled-classes=/system/etc/compiled-classes
01-31 17:55:21.228  3973  3973 I art     : option[27]=-Xcompiler-option
01-31 17:55:21.229  3973  3973 I art     : option[28]=--runtime-arg
01-31 17:55:21.229  3973  3973 I art     : option[29]=-Xcompiler-option
01-31 17:55:21.229  3973  3973 I art     : option[30]=-Xms64m
01-31 17:55:21.229  3973  3973 I art     : option[31]=-Xcompiler-option
01-31 17:55:21.229  3973  3973 I art     : option[32]=--runtime-arg
01-31 17:55:21.229  3973  3973 I art     : option[33]=-Xcompiler-option
01-31 17:55:21.229  3973  3973 I art     : option[34]=-Xmx512m
01-31 17:55:21.229  3973  3973 I art     : option[35]=-Ximage-compiler-option
01-31 17:55:21.229  3973  3973 I art     : option[36]=--instruction-set-variant=exynos-m2
01-31 17:55:21.229  3973  3973 I art     : option[37]=-Xcompiler-option
01-31 17:55:21.229  3973  3973 I art     : option[38]=--instruction-set-variant=exynos-m2
01-31 17:55:21.229  3973  3973 I art     : option[39]=-Ximage-compiler-option
01-31 17:55:21.229  3973  3973 I art     : option[40]=--instruction-set-features=default
01-31 17:55:21.229  3973  3973 I art     : option[41]=-Xcompiler-option
01-31 17:55:21.229  3973  3973 I art     : option[42]=--instruction-set-features=default
01-31 17:55:21.229  3973  3973 I art     : option[43]=-Duser.locale=en-GB
01-31 17:55:21.229  3973  3973 I art     : option[44]=--cpu-abilist=arm64-v8a
01-31 17:55:21.229  3973  3973 I art     : option[45]=-Xfingerprint:samsung/dreamltexx/dreamlte:7.0/NRD90M/G950FXXU1AQL5:user/release-keys
01-31 17:55:21.232  3973  3973 W art     : Incomplete boot detected(.proceeding). Pruning dalvik cache
01-31 17:55:21.236  3973  3973 I art     : Pruning dalvik-cache since we are relocating an image and will need to recompile
01-31 17:55:21.236  3973  3973 W art     : Prune Dex Cache
01-31 17:55:21.239  3973  3973 I art     : RelocateImage: /system/bin/patchoat --input-image-location=/system/framework/boot.art --output-image-file=/data/dalvik-cache/arm64/system@framework@boot.art --instruction-set=arm64 --base-offset-delta=14028800
01-31 17:55:21.250  3972  3972 I bootchecker: Sleep for 8 minutes
01-31 17:55:21.264  4003  4003 E patchoat: Could not create image space with image file '/system/framework/boot.art'. Attempting to fall back to imageless running. Error was: Only the zygote can create the global boot image.
01-31 17:55:21.264  4003  4003 E patchoat: Attempted image: /system/framework/boot-knoxsdk.art
01-31 17:55:21.267  4003  4003 W patchoat: Skipping non-existent dex file '/system/framework/SmpsManager.jar'
01-31 17:55:21.268  4003  4003 W patchoat: Failed to open .dex from file '/system/framework/core-oj.jar': Entry not found
01-31 17:55:21.268  4003  4003 W patchoat: Failed to open .dex from file '/system/framework/core-libart.jar': Entry not found
01-31 17:55:21.268  4003  4003 W patchoat: Failed to open .dex from file '/system/framework/conscrypt.jar': Entry not found
01-31 17:55:21.268  4003  4003 W patchoat: Failed to open .dex from file '/system/framework/okhttp.jar': Entry not found
01-31 17:55:21.268  4003  4003 W patchoat: Failed to open .dex from file '/system/framework/core-junit.jar': Entry not found
01-31 17:55:21.268  4003  4003 W patchoat: Failed to open .dex from file '/system/framework/bouncycastle.jar': Entry not found
01-31 17:55:21.268  4003  4003 W patchoat: Failed to open .dex from file '/system/framework/ext.jar': Entry not found
01-31 17:55:21.268  4003  4003 W patchoat: Failed to open .dex from file '/system/framework/framework.jar': Entry not found
01-31 17:55:21.268  4003  4003 W patchoat: Failed to open .dex from file '/system/framework/telephony-common.jar': Entry not found
01-31 17:55:21.268  4003  4003 W patchoat: Failed to open .dex from file '/system/framework/voip-common.jar': Entry not found
01-31 17:55:21.268  4003  4003 W patchoat: Failed to open .dex from file '/system/framework/ims-common.jar': Entry not found
01-31 17:55:21.268  4003  4003 W patchoat: Failed to open .dex from file '/system/framework/apache-xml.jar': Entry not found
01-31 17:55:21.268  4003  4003 W patchoat: Failed to open .dex from file '/system/framework/org.apache.http.legacy.boot.jar': Entry not found
01-31 17:55:21.269  4003  4003 W patchoat: Failed to open .dex from file '/system/framework/sprengine.jar': Entry not found
01-31 17:55:21.269  4003  4003 W patchoat: Skipping non-existent dex file '/system/framework/knoxsdk.jar'
01-31 17:55:21.269  4003  4003 W patchoat: Failed to open .dex from file '/system/framework/sec_edm.jar': Entry not found
01-31 17:55:21.269  4003  4003 W patchoat: Failed to open .dex from file '/system/framework/sagearpolicymanager.jar': Entry not found
01-31 17:55:21.269  4003  4003 W patchoat: Failed to open .dex from file '/system/framework/smartbondingservice.jar': Entry not found
01-31 17:55:21.269  4003  4003 W patchoat: Skipping non-existent dex file '/system/framework/timakeystore.jar'
01-31 17:55:21.269  4003  4003 W patchoat: Failed to open .dex from file '/system/framework/fipstimakeystore.jar': Entry not found
01-31 17:55:21.269  4003  4003 W patchoat: Skipping non-existent dex file '/system/framework/knoxvpnuidtag.jar'
01-31 17:55:21.269  4003  4003 W patchoat: Failed to open .dex from file '/system/framework/sec_sdp_sdk.jar': Entry not found
01-31 17:55:21.269  4003  4003 W patchoat: Failed to open .dex from file '/system/framework/sec_sdp_hidden_sdk.jar': Entry not found
01-31 17:55:21.269  4003  4003 W patchoat: Failed to open .dex from file '/system/framework/esecomm.jar': Entry not found
01-31 17:55:21.269  4003  4003 W patchoat: Failed to open .dex from file '/system/framework/SemAudioThumbnail.jar': Entry not found
01-31 17:55:21.269  4003  4003 W patchoat: Failed to open .dex from file '/system/framework/smatlib.jar': Entry not found
01-31 17:55:21.269  4003  4003 W patchoat: Failed to open .dex from file '/system/framework/samsung-framework.jar': Entry not found
01-31 17:55:21.269  4003  4003 W patchoat: Skipping non-existent dex file '/system/framework/iqclient.jar'
01-31 17:55:21.278  3973  3973 W art     : Prune Dex Cache
01-31 17:55:21.280  3973  3973 E art     : Could not create image space with image file '/system/framework/boot.art'. Attempting to fall back to imageless running. Error was: Attempted to use relocated version of /system/framework/boot.art at /data/dalvik-cache/arm64/system@framework@boot.art generated from /system/framework/arm64/boot.art but image failed to load: Invalid image header in '/data/dalvik-cache/arm64/system@framework@boot.art'
01-31 17:55:21.280  3973  3973 E art     : Attempted image: /system/framework/boot.art
01-31 17:55:21.288  3973  3973 W art     : Skipping non-existent dex file '/system/framework/SmpsManager.jar'
01-31 17:55:21.288  3973  3973 W art     : Failed to open .dex from file '/system/framework/core-oj.jar': Entry not found
01-31 17:55:21.288  3973  3973 W art     : Failed to open .dex from file '/system/framework/core-libart.jar': Entry not found
01-31 17:55:21.288  3973  3973 W art     : Failed to open .dex from file '/system/framework/conscrypt.jar': Entry not found
01-31 17:55:21.288  3973  3973 W art     : Failed to open .dex from file '/system/framework/okhttp.jar': Entry not found
01-31 17:55:21.288  3973  3973 W art     : Failed to open .dex from file '/system/framework/core-junit.jar': Entry not found
01-31 17:55:21.288  3973  3973 W art     : Failed to open .dex from file '/system/framework/bouncycastle.jar': Entry not found
01-31 17:55:21.289  3973  3973 W art     : Failed to open .dex from file '/system/framework/ext.jar': Entry not found
01-31 17:55:21.289  3973  3973 W art     : Failed to open .dex from file '/system/framework/framework.jar': Entry not found
01-31 17:55:21.289  3973  3973 W art     : Failed to open .dex from file '/system/framework/telephony-common.jar': Entry not found
01-31 17:55:21.289  3973  3973 W art     : Failed to open .dex from file '/system/framework/voip-common.jar': Entry not found
01-31 17:55:21.289  3973  3973 W art     : Failed to open .dex from file '/system/framework/ims-common.jar': Entry not found
01-31 17:55:21.289  3973  3973 W art     : Failed to open .dex from file '/system/framework/apache-xml.jar': Entry not found
01-31 17:55:21.289  3973  3973 W art     : Failed to open .dex from file '/system/framework/org.apache.http.legacy.boot.jar': Entry not found
01-31 17:55:21.289  3973  3973 W art     : Failed to open .dex from file '/system/framework/sprengine.jar': Entry not found
01-31 17:55:21.289  3973  3973 W art     : Skipping non-existent dex file '/system/framework/knoxsdk.jar'
01-31 17:55:21.289  3973  3973 W art     : Failed to open .dex from file '/system/framework/sec_edm.jar': Entry not found
01-31 17:55:21.289  3973  3973 W art     : Failed to open .dex from file '/system/framework/sagearpolicymanager.jar': Entry not found
01-31 17:55:21.289  3973  3973 W art     : Failed to open .dex from file '/system/framework/smartbondingservice.jar': Entry not found
01-31 17:55:21.289  3973  3973 W art     : Skipping non-existent dex file '/system/framework/timakeystore.jar'
01-31 17:55:21.289  3973  3973 W art     : Failed to open .dex from file '/system/framework/fipstimakeystore.jar': Entry not found
01-31 17:55:21.289  3973  3973 W art     : Skipping non-existent dex file '/system/framework/knoxvpnuidtag.jar'
01-31 17:55:21.289  3973  3973 W art     : Failed to open .dex from file '/system/framework/sec_sdp_sdk.jar': Entry not found
01-31 17:55:21.289  3973  3973 W art     : Failed to open .dex from file '/system/framework/sec_sdp_hidden_sdk.jar': Entry not found
01-31 17:55:21.289  3973  3973 W art     : Failed to open .dex from file '/system/framework/esecomm.jar': Entry not found
01-31 17:55:21.289  3973  3973 W art     : Failed to open .dex from file '/system/framework/SemAudioThumbnail.jar': Entry not found
01-31 17:55:21.289  3973  3973 W art     : Failed to open .dex from file '/system/framework/smatlib.jar': Entry not found
01-31 17:55:21.290  3973  3973 W art     : Failed to open .dex from file '/system/framework/samsung-framework.jar': Entry not found
01-31 17:55:21.290  3973  3973 W art     : Skipping non-existent dex file '/system/framework/iqclient.jar'
01-31 17:55:21.315  3973  3973 I [saiv 1.1]: saiv_OnLoadJNI.cpp(38): _init: Version 1.1 Build # 3532
01-31 17:55:21.316  3973  3973 I [saiv 1.1]: saiv_OnLoadJNI.cpp(43): _init: _init() was called
01-31 17:55:21.344  3973  3973 I MLDAP   :            libMLDAP/MLDAP.c:  53: ================================================
01-31 17:55:21.344  3973  3973 I MLDAP   :            libMLDAP/MLDAP.c:  53:  MLDAP_LIB v1.1.16
01-31 17:55:21.344  3973  3973 I MLDAP   :            libMLDAP/MLDAP.c:  53: ================================================
01-31 17:55:21.444  3973  3973 I TMSDISP : AcsAndroidVirtualDisplayIntfImpl
01-31 17:55:21.448  3974  3974 D SecurityManagerNative: SecurityManagerNative v2.7.2.6 On 32bit PLATFORM With BORINGSSL
01-31 17:55:21.451  3974  3974 E appproc : Enhanced Zygote ASLR: ro.knox.enhance.zygote.aslr != 1. Enhanced Zygote ASLR is DISABLED!
01-31 17:55:21.452  3974  3974 D AndroidRuntime: >>>>>> START com.android.internal.os.ZygoteInit uid 0 <<<<<<
01-31 17:55:21.454  3974  3974 D AndroidRuntime: CheckJNI is OFF
01-31 17:55:21.455  3974  3974 D AndroidRuntime: addProductProperty: start
01-31 17:55:21.455  3974  3974 I art     : option[0]=-Xzygote
01-31 17:55:21.455  3974  3974 I art     : option[1]=-Xstacktracefile:/data/anr/traces.txt
01-31 17:55:21.455  3974  3974 I art     : option[2]=exit
01-31 17:55:21.455  3974  3974 I art     : option[3]=vfprintf
01-31 17:55:21.455  3974  3974 I art     : option[4]=sensitiveThread
01-31 17:55:21.455  3974  3974 I art     : option[5]=-verbose:gc
01-31 17:55:21.455  3974  3974 I art     : option[6]=-Xms8m
01-31 17:55:21.455  3974  3974 I art     : option[7]=-Xmx512m
01-31 17:55:21.455  3974  3974 I art     : option[8]=-XX:HeapGrowthLimit=256m
01-31 17:55:21.455  3974  3974 I art     : option[9]=-XX:HeapMinFree=2m
01-31 17:55:21.455  3974  3974 I art     : option[10]=-XX:HeapMaxFree=8m
01-31 17:55:21.455  3974  3974 I art     : option[11]=-XX:HeapTargetUtilization=0.75
01-31 17:55:21.455  3974  3974 I art     : option[12]=-Xusejit:true
01-31 17:55:21.455  3974  3974 I art     : option[13]=-Xjitsaveprofilinginfo
01-31 17:55:21.455  3974  3974 I art     : option[14]=-agentlib:jdwp=transport=dt_android_adb,suspend=n,server=y
01-31 17:55:21.455  3974  3974 I art     : option[15]=-Ximage-compiler-option
01-31 17:55:21.455  3974  3974 I art     : option[16]=--runtime-arg
01-31 17:55:21.455  3974  3974 I art     : option[17]=-Ximage-compiler-option
01-31 17:55:21.455  3974  3974 I art     : option[18]=-Xms64m
01-31 17:55:21.455  3974  3974 I art     : option[19]=-Ximage-compiler-option
01-31 17:55:21.455  3974  3974 I art     : option[20]=--runtime-arg
01-31 17:55:21.455  3974  3974 I art     : option[21]=-Ximage-compiler-option
01-31 17:55:21.455  3974  3974 I art     : option[22]=-Xmx64m
01-31 17:55:21.455  3974  3974 I art     : option[23]=-Ximage-compiler-option
01-31 17:55:21.455  3974  3974 I art     : option[24]=--image-classes=/system/etc/preloaded-classes
01-31 17:55:21.455  3974  3974 I art     : option[25]=-Ximage-compiler-option
01-31 17:55:21.455  3974  3974 I art     : option[26]=--compiled-classes=/system/etc/compiled-classes
01-31 17:55:21.455  3974  3974 I art     : option[27]=-Xcompiler-option
01-31 17:55:21.455  3974  3974 I art     : option[28]=--runtime-arg
01-31 17:55:21.455  3974  3974 I art     : option[29]=-Xcompiler-option
01-31 17:55:21.455  3974  3974 I art     : option[30]=-Xms64m
01-31 17:55:21.455  3974  3974 I art     : option[31]=-Xcompiler-option
01-31 17:55:21.455  3974  3974 I art     : option[32]=--runtime-arg
01-31 17:55:21.455  3974  3974 I art     : option[33]=-Xcompiler-option
01-31 17:55:21.455  3974  3974 I art     : option[34]=-Xmx512m
01-31 17:55:21.455  3974  3974 I art     : option[35]=-Ximage-compiler-option
01-31 17:55:21.455  3974  3974 I art     : option[36]=--instruction-set-variant=cortex-a53
01-31 17:55:21.455  3974  3974 I art     : option[37]=-Xcompiler-option
01-31 17:55:21.455  3974  3974 I art     : option[38]=--instruction-set-variant=cortex-a53
01-31 17:55:21.455  3974  3974 I art     : option[39]=-Ximage-compiler-option
01-31 17:55:21.455  3974  3974 I art     : option[40]=--instruction-set-features=default
01-31 17:55:21.455  3974  3974 I art     : option[41]=-Xcompiler-option
01-31 17:55:21.455  3974  3974 I art     : option[42]=--instruction-set-features=default
01-31 17:55:21.455  3974  3974 I art     : option[43]=-Duser.locale=en-GB
01-31 17:55:21.455  3974  3974 I art     : option[44]=--cpu-abilist=armeabi-v7a,armeabi
01-31 17:55:21.455  3974  3974 I art     : option[45]=-Xfingerprint:samsung/dreamltexx/dreamlte:7.0/NRD90M/G950FXXU1AQL5:user/release-keys
01-31 17:55:21.457  3974  3974 W art     : Incomplete boot detected(.proceeding). Pruning dalvik cache
01-31 17:55:21.463  3974  3974 I art     : Pruning dalvik-cache since we are relocating an image and will need to recompile
01-31 17:55:21.463  3974  3974 W art     : Prune Dex Cache
01-31 17:55:21.466  3974  3974 I art     : RelocateImage: /system/bin/patchoat --input-image-location=/system/framework/boot.art --output-image-file=/data/dalvik-cache/arm/system@framework@boot.art --instruction-set=arm --base-offset-delta=11464704
01-31 17:55:21.478  3973  3973 D ICU     : No timezone override file found: /data/misc/zoneinfo/current/icu/icu_tzdata.dat
01-31 17:55:21.517  4021  4021 E patchoat: Could not create image space with image file '/system/framework/boot.art'. Attempting to fall back to imageless running. Error was: Only the zygote can create the global boot image.
01-31 17:55:21.517  4021  4021 E patchoat: Attempted image: /system/framework/boot-knoxsdk.art
01-31 17:55:21.520  4021  4021 W patchoat: Skipping non-existent dex file '/system/framework/SmpsManager.jar'
01-31 17:55:21.520  4021  4021 W patchoat: Failed to open .dex from file '/system/framework/core-oj.jar': Entry not found
01-31 17:55:21.520  4021  4021 W patchoat: Failed to open .dex from file '/system/framework/core-libart.jar': Entry not found
01-31 17:55:21.520  4021  4021 W patchoat: Failed to open .dex from file '/system/framework/conscrypt.jar': Entry not found
01-31 17:55:21.520  4021  4021 W patchoat: Failed to open .dex from file '/system/framework/okhttp.jar': Entry not found
01-31 17:55:21.520  4021  4021 W patchoat: Failed to open .dex from file '/system/framework/core-junit.jar': Entry not found
01-31 17:55:21.520  4021  4021 W patchoat: Failed to open .dex from file '/system/framework/bouncycastle.jar': Entry not found
01-31 17:55:21.521  4021  4021 W patchoat: Failed to open .dex from file '/system/framework/ext.jar': Entry not found
01-31 17:55:21.521  4021  4021 W patchoat: Failed to open .dex from file '/system/framework/framework.jar': Entry not found
01-31 17:55:21.521  4021  4021 W patchoat: Failed to open .dex from file '/system/framework/telephony-common.jar': Entry not found
01-31 17:55:21.521  4021  4021 W patchoat: Failed to open .dex from file '/system/framework/voip-common.jar': Entry not found
01-31 17:55:21.521  4021  4021 W patchoat: Failed to open .dex from file '/system/framework/ims-common.jar': Entry not found
01-31 17:55:21.521  4021  4021 W patchoat: Failed to open .dex from file '/system/framework/apache-xml.jar': Entry not found
01-31 17:55:21.521  4021  4021 W patchoat: Failed to open .dex from file '/system/framework/org.apache.http.legacy.boot.jar': Entry not found
01-31 17:55:21.521  4021  4021 W patchoat: Failed to open .dex from file '/system/framework/sprengine.jar': Entry not found
01-31 17:55:21.521  4021  4021 W patchoat: Skipping non-existent dex file '/system/framework/knoxsdk.jar'
01-31 17:55:21.521  4021  4021 W patchoat: Failed to open .dex from file '/system/framework/sec_edm.jar': Entry not found
01-31 17:55:21.521  4021  4021 W patchoat: Failed to open .dex from file '/system/framework/sagearpolicymanager.jar': Entry not found
01-31 17:55:21.521  4021  4021 W patchoat: Failed to open .dex from file '/system/framework/smartbondingservice.jar': Entry not found
01-31 17:55:21.521  4021  4021 W patchoat: Skipping non-existent dex file '/system/framework/timakeystore.jar'
01-31 17:55:21.521  4021  4021 W patchoat: Failed to open .dex from file '/system/framework/fipstimakeystore.jar': Entry not found
01-31 17:55:21.521  4021  4021 W patchoat: Skipping non-existent dex file '/system/framework/knoxvpnuidtag.jar'
01-31 17:55:21.521  4021  4021 W patchoat: Failed to open .dex from file '/system/framework/sec_sdp_sdk.jar': Entry not found
01-31 17:55:21.521  4021  4021 W patchoat: Failed to open .dex from file '/system/framework/sec_sdp_hidden_sdk.jar': Entry not found
01-31 17:55:21.522  4021  4021 W patchoat: Failed to open .dex from file '/system/framework/esecomm.jar': Entry not found
01-31 17:55:21.522  4021  4021 W patchoat: Failed to open .dex from file '/system/framework/SemAudioThumbnail.jar': Entry not found
01-31 17:55:21.522  4021  4021 W patchoat: Failed to open .dex from file '/system/framework/smatlib.jar': Entry not found
01-31 17:55:21.522  4021  4021 W patchoat: Failed to open .dex from file '/system/framework/samsung-framework.jar': Entry not found
01-31 17:55:21.522  4021  4021 W patchoat: Skipping non-existent dex file '/system/framework/iqclient.jar'
01-31 17:55:21.523  3973  3973 I Radio-JNI: register_android_hardware_Radio DONE
01-31 17:55:21.530  3974  3974 W art     : Prune Dex Cache
01-31 17:55:21.532  3974  3974 E art     : Could not create image space with image file '/system/framework/boot.art'. Attempting to fall back to imageless running. Error was: Attempted to use relocated version of /system/framework/boot.art at /data/dalvik-cache/arm/system@framework@boot.art generated from /system/framework/arm/boot.art but image failed to load: Invalid image header in '/data/dalvik-cache/arm/system@framework@boot.art'
01-31 17:55:21.532  3974  3974 E art     : Attempted image: /system/framework/boot.art
01-31 17:55:21.544  3974  3974 W art     : Skipping non-existent dex file '/system/framework/SmpsManager.jar'
01-31 17:55:21.544  3974  3974 W art     : Failed to open .dex from file '/system/framework/core-oj.jar': Entry not found
01-31 17:55:21.544  3974  3974 W art     : Failed to open .dex from file '/system/framework/core-libart.jar': Entry not found
01-31 17:55:21.545  3974  3974 W art     : Failed to open .dex from file '/system/framework/conscrypt.jar': Entry not found
01-31 17:55:21.545  3974  3974 W art     : Failed to open .dex from file '/system/framework/okhttp.jar': Entry not found
01-31 17:55:21.545  3974  3974 W art     : Failed to open .dex from file '/system/framework/core-junit.jar': Entry not found
01-31 17:55:21.545  3974  3974 W art     : Failed to open .dex from file '/system/framework/bouncycastle.jar': Entry not found
01-31 17:55:21.546  3974  3974 W art     : Failed to open .dex from file '/system/framework/ext.jar': Entry not found
01-31 17:55:21.546  3974  3974 W art     : Failed to open .dex from file '/system/framework/framework.jar': Entry not found
01-31 17:55:21.547  3974  3974 W art     : Failed to open .dex from file '/system/framework/telephony-common.jar': Entry not found
01-31 17:55:21.547  3974  3974 W art     : Failed to open .dex from file '/system/framework/voip-common.jar': Entry not found
01-31 17:55:21.547  3973  3973 D ReflectionHelper: loadKlass() : caller=android.app.Activity.<clinit>:7581 <bottom of call stack>
01-31 17:55:21.547  3974  3974 W art     : Failed to open .dex from file '/system/framework/ims-common.jar': Entry not found
01-31 17:55:21.547  3974  3974 W art     : Failed to open .dex from file '/system/framework/apache-xml.jar': Entry not found
01-31 17:55:21.547  3974  3974 W art     : Failed to open .dex from file '/system/framework/org.apache.http.legacy.boot.jar': Entry not found
01-31 17:55:21.547  3974  3974 W art     : Failed to open .dex from file '/system/framework/sprengine.jar': Entry not found
01-31 17:55:21.547  3974  3974 W art     : Skipping non-existent dex file '/system/framework/knoxsdk.jar'
01-31 17:55:21.548  3974  3974 W art     : Failed to open .dex from file '/system/framework/sec_edm.jar': Entry not found
01-31 17:55:21.548  3974  3974 W art     : Failed to open .dex from file '/system/framework/sagearpolicymanager.jar': Entry not found
01-31 17:55:21.548  3974  3974 W art     : Failed to open .dex from file '/system/framework/smartbondingservice.jar': Entry not found
01-31 17:55:21.548  3974  3974 W art     : Skipping non-existent dex file '/system/framework/timakeystore.jar'
01-31 17:55:21.548  3974  3974 W art     : Failed to open .dex from file '/system/framework/fipstimakeystore.jar': Entry not found
01-31 17:55:21.548  3974  3974 W art     : Skipping non-existent dex file '/system/framework/knoxvpnuidtag.jar'
01-31 17:55:21.549  3974  3974 W art     : Failed to open .dex from file '/system/framework/sec_sdp_sdk.jar': Entry not found
01-31 17:55:21.549  3974  3974 W art     : Failed to open .dex from file '/system/framework/sec_sdp_hidden_sdk.jar': Entry not found
01-31 17:55:21.549  3974  3974 W art     : Failed to open .dex from file '/system/framework/esecomm.jar': Entry not found
01-31 17:55:21.549  3974  3974 W art     : Failed to open .dex from file '/system/framework/SemAudioThumbnail.jar': Entry not found
01-31 17:55:21.549  3974  3974 W art     : Failed to open .dex from file '/system/framework/smatlib.jar': Entry not found
01-31 17:55:21.549  3974  3974 W art     : Failed to open .dex from file '/system/framework/samsung-framework.jar': Entry not found
01-31 17:55:21.549  3974  3974 W art     : Skipping non-existent dex file '/system/framework/iqclient.jar'
01-31 17:55:21.561  3973  3973 D ReflectionHelper: Reflecting method.....  class <onScreenChanged>
01-31 17:55:21.562  3973  3973 F NativeActivity: Unable to find method finish
01-31 17:55:21.562  3973  3973 F libc    : Fatal signal 6 (SIGABRT), code -6 in tid 3973 (main)
01-31 17:55:21.562  3100  3100 W         : debuggerd: handling request: pid=3973 uid=0 gid=0 tid=3973
01-31 17:55:21.576  4033  4033 E         : debuggerd: Unable to connect to activity manager (connect failed: Connection refused)
01-31 17:55:21.582  3974  3974 I [saiv 1.1]: saiv_OnLoadJNI.cpp(38): _init: Version 1.1 Build # 3532
01-31 17:55:21.582  3974  3974 I [saiv 1.1]: saiv_OnLoadJNI.cpp(43): _init: _init() was called
01-31 17:55:21.600  3974  3974 I MLDAP   : ================================================
01-31 17:55:21.600  3974  3974 I MLDAP   :  MLDAP_LIB v1.1.16
01-31 17:55:21.600  3974  3974 I MLDAP   : ================================================
01-31 17:55:21.627  4033  4033 F DEBUG   : *** *** *** *** *** *** *** *** *** *** *** *** *** *** *** ***
01-31 17:55:21.627  4033  4033 F DEBUG   : Build fingerprint: 'samsung/dreamltexx/dreamlte:7.0/NRD90M/G950FXXU1AQL5:user/release-keys'
01-31 17:55:21.627  4033  4033 F DEBUG   : Revision: '10'
01-31 17:55:21.627  4033  4033 F DEBUG   : ABI: 'arm64'
01-31 17:55:21.627  4033  4033 F DEBUG   : pid: 3973, tid: 3973, name: main  >>> zygote64 <<<
01-31 17:55:21.627  4033  4033 F DEBUG   : signal 6 (SIGABRT), code -6 (SI_TKILL), fault addr --------
01-31 17:55:21.633  4033  4033 F DEBUG   : Abort message: 'Unable to find method finish'
01-31 17:55:21.633  4033  4033 F DEBUG   :     x0   0000000000000000  x1   0000000000000f85  x2   0000000000000006  x3   0000000000000008
01-31 17:55:21.633  4033  4033 F DEBUG   :     x4   0000000000000021  x5   0000000000000000  x6   0000007110d8c000  x7   0000000000000000
01-31 17:55:21.633  4033  4033 F DEBUG   :     x8   0000000000000083  x9   ffffffffffffffdf  x10  0000000000000000  x11  ffffffffffffffff
01-31 17:55:21.633  4033  4033 F DEBUG   :     x12  0000000000000018  x13  0000000000000000  x14  0000000000000000  x15  00218306b0d9f580
01-31 17:55:21.633  4033  4033 F DEBUG   :     x16  000000710e23eed0  x17  000000710e1e69f4  x18  00000000ebad6082  x19  0000007110e45b40
01-31 17:55:21.633  4033  4033 F DEBUG   :     x20  0000000000000006  x21  0000007110e45a98  x22  0000000000000000  x23  000000710cccc000
01-31 17:55:21.633  4033  4033 F DEBUG   :     x24  000000710cccc378  x25  000000710cccb0e0  x26  0000006027a48b6f  x27  0000006027a3fbb0
01-31 17:55:21.633  4033  4033 F DEBUG   :     x28  0000000000000003  x29  0000007fcee840a0  x30  000000710e1e3d14
01-31 17:55:21.633  4033  4033 F DEBUG   :     sp   0000007fcee84080  pc   000000710e1e69fc  pstate 0000000060000000
01-31 17:55:21.637  4033  4033 F DEBUG   :
01-31 17:55:21.637  4033  4033 F DEBUG   : backtrace:
01-31 17:55:21.637  4033  4033 F DEBUG   :     #00 pc 000000000006f9fc  /system/lib64/libc.so (tgkill+8)
01-31 17:55:21.637  4033  4033 F DEBUG   :     #01 pc 000000000006cd10  /system/lib64/libc.so (pthread_kill+64)
01-31 17:55:21.638  4033  4033 F DEBUG   :     #02 pc 0000000000025078  /system/lib64/libc.so (raise+24)
01-31 17:55:21.638  4033  4033 F DEBUG   :     #03 pc 000000000001cc04  /system/lib64/libc.so (abort+52)
01-31 17:55:21.638  4033  4033 F DEBUG   :     #04 pc 0000000000011c4c  /system/lib64/libcutils.so (__android_log_assert+252)
01-31 17:55:21.638  4033  4033 F DEBUG   :     #05 pc 00000000000ac74c  /system/lib64/libandroid_runtime.so (_ZN7android35register_android_app_NativeActivityEP7_JNIEnv+428)
01-31 17:55:21.638  4033  4033 F DEBUG   :     #06 pc 00000000000a5c60  /system/lib64/libandroid_runtime.so (_ZN7android14AndroidRuntime8startRegEP7_JNIEnv+144)
01-31 17:55:21.638  4033  4033 F DEBUG   :     #07 pc 00000000000a7934  /system/lib64/libandroid_runtime.so (_ZN7android14AndroidRuntime5startEPKcRKNS_6VectorINS_7String8EEEb+372)
01-31 17:55:21.638  4033  4033 F DEBUG   :     #08 pc 0000000000004860  /system/bin/app_process64
01-31 17:55:21.638  4033  4033 F DEBUG   :     #09 pc 000000000001a8d8  /system/lib64/libc.so (__libc_init+88)
01-31 17:55:21.638  4033  4033 F DEBUG   :     #10 pc 000000000000413c  /system/bin/app_process64
01-31 17:55:21.650  3974  3974 I TMSDISP : AcsAndroidVirtualDisplayIntfImpl
01-31 17:55:21.661  3974  3974 D ICU     : No timezone override file found: /data/misc/zoneinfo/current/icu/icu_tzdata.dat
01-31 17:55:21.713  3974  3974 I Radio-JNI: register_android_hardware_Radio DONE
01-31 17:55:21.723  3975  3975 E audio_route: Control 'VTS Execution Mode' doesn't exist - skipping
01-31 17:55:21.723  3975  3975 E audio_route: Control 'VTS VoiceRecognize Start' doesn't exist - skipping
01-31 17:55:21.726  3975  3975 E audio_route: Control 'VTS Execution Mode' doesn't exist - skipping
01-31 17:55:21.726  3975  3975 E audio_route: Control 'VTS VoiceRecognize Start' doesn't exist - skipping
01-31 17:55:21.726  3975  3975 E audio_route: Control 'VTS Execution Mode' doesn't exist - skipping
01-31 17:55:21.726  3975  3975 E audio_route: Control 'VTS VoiceRecognize Start' doesn't exist - skipping
01-31 17:55:21.726  3975  3975 E audio_route: Control 'VTS Execution Mode' doesn't exist - skipping
01-31 17:55:21.726  3975  3975 E audio_route: Control 'VTS VoiceRecognize Start' doesn't exist - skipping
01-31 17:55:21.731  3975  3975 V audio_route: Control 'VTS VoiceTrigger Value' is to be controled by user
01-31 17:55:21.735  3975  3975 I audio_route: > audio_route_update_mixer : +
01-31 17:55:21.736  3975  3975 I audio_route: > audio_route_update_mixer : changed(0) -
01-31 17:55:21.736  3975  3975 D audio_hw_primary_abox: device-adev_open: Successed to init Route!
01-31 17:55:21.736  3975  3975 D audio_hw_primary_abox: device-adev_open: Opened Audio Primary HW Device
01-31 17:55:21.736  3975  3975 V audio_hw_primary_abox: device-adev_init_check: Audio Primary HW Device is already opened & initialized
01-31 17:55:21.736  3975  3975 D audio_hw_primary_abox: device-adev_get_master_volume: enter
01-31 17:55:21.736  3975  3975 D audio_hw_primary_abox: device-adev_get_master_volume: exit, Not supported Master Volume by AudioHAL
01-31 17:55:21.736  3975  3975 D audio_hw_primary_abox: device-adev_get_master_mute: enter
01-31 17:55:21.736  3975  3975 D audio_hw_primary_abox: device-adev_get_master_mute: exit, Not supported Master Mute by AudioHAL
01-31 17:55:21.736  3975  3975 D audio_hw_primary_abox: device-adev_set_master_volume: enter with volume level(1.000000)
01-31 17:55:21.736  3975  3975 D audio_hw_primary_abox: device-adev_set_master_volume: exit, Not supported Master Volume by AudioHAL
01-31 17:55:21.736  3975  3975 D audio_hw_primary_abox: device-adev_set_master_mute: enter with mute statue(0)
01-31 17:55:21.736  3975  3975 D audio_hw_primary_abox: device-adev_set_master_mute: exit, Not supported Master Mute by AudioHAL
01-31 17:55:21.736  3975  3975 I AudioFlinger: loadHwModule() Loaded primary audio interface from Exynos Primary AudioHAL (audio) handle 10
01-31 17:55:21.736  3975  3975 I AudioFlinger: openOutput(), module 10 Device 2, SamplingRate 48000, Format 0x000001, Channels 3, flags a
01-31 17:55:21.736  3975  3975 D audio_hw_primary_abox: device-adev_open_output_stream: enter: io_handle (13), sample_rate(48000) channel_mask(0x3) devices(0x2) flags(0xa)
01-31 17:55:21.736  3975  3975 D audio_hw_primary_abox: device-adev_open_output_stream: Requested open Primary output
01-31 17:55:21.736  3975  3975 I audio_hw_primary_abox: Check PCM Channel Count: Default(2), Request(2)
01-31 17:55:21.736  3975  3975 I audio_hw_primary_abox: Check PCM Smapling Rate: Default(48000), Request(48000)
01-31 17:55:21.736  3975  3975 I audio_hw_primary_abox: Check PCM Format: Default(0), Request(0)
01-31 17:55:21.736  3975  3975 I audio_hw_primary_abox: primary_out-adev_open_output_stream: Transit to Standby
01-31 17:55:21.736  3975  3975 D audio_hw_primary_abox: primary_out-add_audio_usage: Primary Playback Usage initialized with out_dev(none), in_dev(none), out_mode(normal), in_mode(normal)
01-31 17:55:21.736  3975  3975 V audio_hw_primary_abox: primary_out-add_audio_usage: Added Audio Stream into Audio Usage list!
01-31 17:55:21.736  3975  3975 D audio_hw_primary_abox: device-adev_open_output_stream: Opened primary_out stream
01-31 17:55:21.736  3975  3975 V audio_hw_primary_abox: primary_out-out_get_format: exit with audio format = 0x1
01-31 17:55:21.736  3975  3975 V audio_hw_primary_abox: primary_out-out_get_channels: exit with channel mask = 0x3
01-31 17:55:21.736  3975  3975 V audio_hw_primary_abox: primary_out-out_get_sample_rate: exit with sample rate = 48000
01-31 17:55:21.736  3975  3975 V audio_hw_primary_abox: primary_out-out_get_channels: exit with channel mask = 0x3
01-31 17:55:21.736  3975  3975 V audio_hw_primary_abox: primary_out-out_get_format: exit with audio format = 0x1
01-31 17:55:21.736  3975  3975 V audio_hw_primary_abox: primary_out-out_get_format: exit with audio format = 0x1
01-31 17:55:21.736  3975  3975 V audio_hw_primary_abox: primary_out-out_get_format: exit with audio format = 0x1
01-31 17:55:21.736  3975  3975 V audio_hw_primary_abox: primary_out-out_get_channels: exit with channel mask = 0x3
01-31 17:55:21.736  3975  3975 V audio_hw_primary_abox: primary_out-out_get_buffer_size: Period Size = 960, Frame Size = 4
01-31 17:55:21.736  3975  3975 V audio_hw_primary_abox: primary_out-out_get_format: exit with audio format = 0x1
01-31 17:55:21.736  3975  3975 V audio_hw_primary_abox: primary_out-out_get_channels: exit with channel mask = 0x3
01-31 17:55:21.736  3975  3975 I AudioFlinger: HAL output buffer size 960 frames, normal sink buffer size 960 frames
01-31 17:55:21.736  3975  3975 I AudioFlinger: readOutputParameters thread max 384000, mask 7
01-31 17:55:21.736  3975  3975 D SoundAliveResampler: [SoundAliveResampler] Init+++
01-31 17:55:21.736  3975  3975 D SoundAliveResampler: [SoundAliveResampler] Init+++
01-31 17:55:21.736  3975  3975 D SoundAliveResampler: [SoundAliveResampler] Init+++
01-31 17:55:21.736  3975  3975 I SoundBooster8: SoundBooster_Factory::Create(1)
01-31 17:55:21.736  3975  3975 I SoundBooster8: SoundBooster(Mode : 1)
01-31 17:55:21.737  3975  3975 I SoundBoosterEffectPlus: Allocate SoundBooster mode:1
01-31 17:55:21.737  3975  3975 I SoundBooster8: Init(0)
01-31 17:55:21.737  3975  3975 I SoundBooster8: SamplingRateConfig(48000)
01-31 17:55:21.737  3975  3975 D AudioInfo: can not find AudioDataPath for fileName:/SoundBoosterParam.txt
01-31 17:55:21.737  3975  3975 I SoundBooster_plus: Use HardCoding Values
01-31 17:55:21.737  3975  3975 I SoundBooster8: SetPar()
01-31 17:55:21.737  3975  3975 I SoundBooster8: SetVolumeTable()
01-31 17:55:21.737  3975  3975 I SoundBooster_plus: successful to make ABOX_SB_PARAM_FILE_PATH
01-31 17:55:21.737  3975  3975 D AudioSAEffectSecPlus: EffectCreate - Allocating SessionNo 0 for SessionId -3
01-31 17:55:21.737  3975  3975 D AudioSAEffectSecPlus: EffectCreate - This is the first effect in current sessionId -3 sessionNo 0
01-31 17:55:21.737  3975  3975 D AudioSAEffectSecPlus: AudioSAEffectSec::AudioSAEffectSec ctor
01-31 17:55:21.737  3975  3975 D AudioSAEffectSecPlus: AudioSAEffectSec::createSA
01-31 17:55:21.737  3975  3975 D AudioSASecPlus: AudioSASec::AudioSASec : 0xe85c67c0
01-31 17:55:21.737  3975  3975 D AudioSASecPlus: AudioSASec::AudioSASec : 0xe85c67c0 -
01-31 17:55:21.737  3975  3975 D AudioSAEffectSecPlus: AudioSAEffectSec::createSA(0xe85c67c0)
01-31 17:55:21.737  3975  3975 I AudioSASecPlus: AudioSASec::Configure(56, 44100, 2, 1)
01-31 17:55:21.737  3975  3975 I AudioSASecPlus: AudioSASec::Configure(56, 44100, 2, 1)
01-31 17:55:21.737  3975  3975 I AudioSAEffectSecPlus: EFFECT_CMD_INIT mTrackChannel = 2, mThreadChannel = 2 mTrackFormat = 0x1
01-31 17:55:21.737  3975  3975 D AudioSASecPlus: AudioSASec::Init() trackChannel = 2, threadChannel = 2 format=1
01-31 17:55:21.737  3975  3975 D AudioSASecPlus: int android::AudioSASec::Init(int, int, int) mChannels:2 mCurPreset:0 mBitDepth:0 mSampleRate:44100
01-31 17:55:21.737  3975  3975 I SoundAlive_Interface: Samsung_SoundAlive_play_Factory::Create()
01-31 17:55:21.740  3975  3975 D SoundAlive_Interface: [ -1 ][ -1 ]SoundAlive_Interface()
01-31 17:55:21.740  3975  3975 I SoundAlive_Core: [ -399866424 ][ -412313856 ](interface-API)SoundAlive_Core()
01-31 17:55:21.740  3975  3975 D SoundAlive_Core: [ -1 ][ -1 ](internal-API)Init()
01-31 17:55:21.740  3975  3975 I SoundAlive_PrePost: [ -1 ][ -1 ]SoundAlive_PrePost()
01-31 17:55:21.740  3975  3975 I SoundAlive_Effect: [ -1 ][ -1 ]SoundAlive_Effect()
01-31 17:55:21.741  3974  3974 D ReflectionHelper: loadKlass() : caller=android.app.Activity.<clinit>:7581 <bottom of call stack>
01-31 17:55:21.741  3975  3975 I SoundAlive_Effect: [ -1 ][ -1 ]Init() nch : 2  bitdepth : 0
01-31 17:55:21.741  3975  3975 I SoundAlive_Interface: [ -412313856 ][ 44100 ]SoundAlive_Config() SamplingRate : 44100 , nch : 2
01-31 17:55:21.741  3975  3975 I SoundAlive_Core: [ -412313856 ][ 44100 ](interface-API)SoundAlive_Config() SamplingRate : 44100 , nch : 2
01-31 17:55:21.741  3975  3975 I SoundAlive_PrePost: [ -412313856 ][ 44100 ]SoundAlive_Config()
01-31 17:55:21.741  3975  3975 I SoundAlive_Effect: [ -412313856 ][ 44100 ]SoundAlive_Config()
01-31 17:55:21.741  3975  3975 D SoundAlive_Core: [ -412313856 ][ 44100 ](internal-API)ReOpen( ConfigMode : 0 )
01-31 17:55:21.741  3975  3975 I SoundAlive_PrePost: [ -412313856 ][ 44100 ]Init()
01-31 17:55:21.741  3975  3975 I SoundAlive_PrePost: [ -412313856 ][ 44100 ]SamplingRateConfig()  SamplingRate : 44100
01-31 17:55:21.741  3975  3975 I SoundAlive_PrePost: [ -412313856 ][ 44100 ]OutDevConfig() OutMode : 1
01-31 17:55:21.741  3975  3975 I SoundAlive_Effect: [ -412313856 ][ 44100 ]Init() nch : 2  bitdepth : 0
01-31 17:55:21.741  3975  3975 I SoundAlive_Effect: [ -412313856 ][ 44100 ]SamplingRateConfig() SamplingRate : 44100
01-31 17:55:21.741  3975  3975 I SoundAlive_Effect: [ -412313856 ][ 44100 ]OutDevConfig() OutDevConfig : 1
01-31 17:55:21.741  3975  3975 D SoundAlive_Core: [ -412313856 ][ 44100 ](internal-API)Set_Current_Effect_Configuration( ConfigMode : 0 )
01-31 17:55:21.741  3975  3975 I SoundAlive_PrePost: [ -412313856 ][ 44100 ]Set_Preset()  Preset : 0
01-31 17:55:21.741  3975  3975 I SoundAlive_PrePost: [ -412313856 ][ 44100 ]Set_User_BWE 0
01-31 17:55:21.741  3975  3975 I SoundAlive_PrePost: [ -412313856 ][ 44100 ]Set_User_CH() OnOff : 0
01-31 17:55:21.741  3975  3975 I SoundAlive_PrePost: [ -412313856 ][ 44100 ]Set_SquareUI() Sqrow : 4  ,  Sqcol : 4
01-31 17:55:21.742  3975  3975 I SoundAlive_Effect: [ -412313856 ][ 44100 ]Set_Preset() : 0
01-31 17:55:21.742  3975  3975 I SoundAlive_Effect: [ -412313856 ][ 44100 ]Set_User_BWE() 0
01-31 17:55:21.742  3975  3975 I SoundAlive_Effect: [ -412313856 ][ 44100 ]Set_User_CH() : 0
01-31 17:55:21.742  3975  3975 I SoundAlive_Effect: [ -412313856 ][ 44100 ]Set_SquareUI() : 4 , 4
01-31 17:55:21.742  3975  3975 I SoundAlive_Effect: [ -412313856 ][ 44100 ]Set_User_3D() : 0
01-31 17:55:21.742  3975  3975 I SoundAlive_Effect: [ -412313856 ][ 44100 ]Set_User_BE() : 0
01-31 17:55:21.742  3975  3975 D AudioSASecPlus: AudioSASec::Init() - TrackStart
01-31 17:55:21.742  3975  3975 I SoundAlive_Interface: [ -412313856 ][ 44100 ]Set_Speaker_Output()
01-31 17:55:21.742  3975  3975 I SoundAlive_Core: [ -412313856 ][ 44100 ](interface-API)Set_Speaker_Output()
01-31 17:55:21.742  3975  3975 I SoundAlive_Interface: [ -412313856 ][ 44100 ]Set_Preset() Preset : 0
01-31 17:55:21.742  3975  3975 I SoundAlive_Core: [ -412313856 ][ 44100 ](interface-API)Set_Preset() Preset : 0
01-31 17:55:21.742  3975  3975 I SoundAlive_PrePost: [ -412313856 ][ 44100 ]Set_Preset()  Preset : 0
01-31 17:55:21.742  3975  3975 I SoundAlive_Effect: [ -412313856 ][ 44100 ]Set_Preset() : 0
01-31 17:55:21.742  3975  3975 I SoundAlive_Interface: [ -412313856 ][ 44100 ]Set_User_CH() : 0
01-31 17:55:21.742  3975  3975 I SoundAlive_Core: [ -412313856 ][ 44100 ](interface-API)Set_User_CH() : 0
01-31 17:55:21.742  3975  3975 I SoundAlive_PrePost: [ -412313856 ][ 44100 ]Set_User_CH() OnOff : 0
01-31 17:55:21.742  3975  3975 I SoundAlive_Effect: [ -412313856 ][ 44100 ]Set_User_CH() : 0
01-31 17:55:21.742  3975  3975 I SoundAlive_Interface: [ -412313856 ][ 44100 ]Set_User_BWE() 0
01-31 17:55:21.742  3975  3975 I SoundAlive_Core: [ -412313856 ][ 44100 ](interface-API)Set_User_BWE() : 0
01-31 17:55:21.742  3975  3975 I SoundAlive_PrePost: [ -412313856 ][ 44100 ]Set_User_BWE 0
01-31 17:55:21.742  3975  3975 I SoundAlive_Effect: [ -412313856 ][ 44100 ]Set_User_BWE() 0
01-31 17:55:21.742  3975  3975 I SoundAlive_Interface: [ -412313856 ][ 44100 ]Set_User_BWE_bypass() 0
01-31 17:55:21.742  3975  3975 D AudioSASecPlus: AudioSASec::Init()
01-31 17:55:21.742  3975  3975 I AudioSASecPlus: AudioSASec::Configure(960, 48000, 2, 1)
01-31 17:55:21.742  3975  3975 I AudioSASecPlus: AudioSASec::Configure(960, 48000, 2, 1)
01-31 17:55:21.742  3975  3975 D MySoundEffect: MySound EffectCreate start - session -3
01-31 17:55:21.742  3975  3975 D MySoundEffect: MS EffectCreate - Allocating SessionNo 0 for SessionId -3
01-31 17:55:21.742  3975  3975 D MySoundEffect: MS EffectCreate - This is the first effect in current sessionId -3 sessionNo 0
01-31 17:55:21.742  3975  3975 D MySoundEffect: MySoundEffect::MySoundEffect ctor
01-31 17:55:21.742  3975  3975 D MySound : MySound::Init, mSampleRate = 48000, mFrameCount = 0
01-31 17:55:21.742  3975  3975 I AudioSASecPlus: AudioSASec::Configure(960, 48000, 2, 1)
01-31 17:55:21.742  3975  3975 I AudioSASecPlus: AudioSASec::Configure(960, 48000, 2, 1)
01-31 17:55:21.742  3975  3975 D MySound : MySound::Init, mSampleRate = 48000, mFrameCount = 960
01-31 17:55:21.742  3975  3975 I SoundBooster8: SoundBooster_Factory::Create(1)
01-31 17:55:21.742  3975  3975 I SoundBooster8: SoundBooster(Mode : 1)
01-31 17:55:21.742  3975  3975 I SoundBoosterEffectPlus: Allocate SoundBooster mode:1
01-31 17:55:21.742  3975  3975 I SoundBooster8: Init(0)
01-31 17:55:21.742  3975  3975 I SoundBooster8: SamplingRateConfig(48000)
