01-31 17:55:06.852  3689  3689 I SoundAlive_PrePost: [ -264463872 ][ 44100 ]Set_Preset()  Preset : 0
01-31 17:55:06.852  3689  3689 I SoundAlive_PrePost: [ -264463872 ][ 44100 ]Set_User_BWE 0
01-31 17:55:06.852  3689  3689 I SoundAlive_PrePost: [ -264463872 ][ 44100 ]Set_User_CH() OnOff : 0
01-31 17:55:06.852  3689  3689 I SoundAlive_PrePost: [ -264463872 ][ 44100 ]Set_SquareUI() Sqrow : 4  ,  Sqcol : 4
01-31 17:55:06.852  3689  3689 I SoundAlive_Effect: [ -264463872 ][ 44100 ]Set_Preset() : 0
01-31 17:55:06.852  3689  3689 I SoundAlive_Effect: [ -264463872 ][ 44100 ]Set_User_BWE() 0
01-31 17:55:06.852  3689  3689 I SoundAlive_Effect: [ -264463872 ][ 44100 ]Set_User_CH() : 0
01-31 17:55:06.852  3689  3689 I SoundAlive_Effect: [ -264463872 ][ 44100 ]Set_SquareUI() : 4 , 4
01-31 17:55:06.852  3689  3689 I SoundAlive_Effect: [ -264463872 ][ 44100 ]Set_User_3D() : 0
01-31 17:55:06.852  3689  3689 I SoundAlive_Effect: [ -264463872 ][ 44100 ]Set_User_BE() : 0
01-31 17:55:06.852  3689  3689 D AudioSASecPlus: AudioSASec::Init() - TrackStart
01-31 17:55:06.852  3689  3689 I SoundAlive_Interface: [ -264463872 ][ 44100 ]Set_Speaker_Output()
01-31 17:55:06.852  3689  3689 I SoundAlive_Core: [ -264463872 ][ 44100 ](interface-API)Set_Speaker_Output()
01-31 17:55:06.852  3689  3689 I SoundAlive_Interface: [ -264463872 ][ 44100 ]Set_Preset() Preset : 0
01-31 17:55:06.852  3689  3689 I SoundAlive_Core: [ -264463872 ][ 44100 ](interface-API)Set_Preset() Preset : 0
01-31 17:55:06.852  3689  3689 I SoundAlive_PrePost: [ -264463872 ][ 44100 ]Set_Preset()  Preset : 0
01-31 17:55:06.852  3689  3689 I SoundAlive_Effect: [ -264463872 ][ 44100 ]Set_Preset() : 0
01-31 17:55:06.852  3689  3689 I SoundAlive_Interface: [ -264463872 ][ 44100 ]Set_User_CH() : 0
01-31 17:55:06.852  3689  3689 I SoundAlive_Core: [ -264463872 ][ 44100 ](interface-API)Set_User_CH() : 0
01-31 17:55:06.852  3689  3689 I SoundAlive_PrePost: [ -264463872 ][ 44100 ]Set_User_CH() OnOff : 0
01-31 17:55:06.852  3689  3689 I SoundAlive_Effect: [ -264463872 ][ 44100 ]Set_User_CH() : 0
01-31 17:55:06.852  3689  3689 I SoundAlive_Interface: [ -264463872 ][ 44100 ]Set_User_BWE() 0
01-31 17:55:06.852  3689  3689 I SoundAlive_Core: [ -264463872 ][ 44100 ](interface-API)Set_User_BWE() : 0
01-31 17:55:06.852  3689  3689 I SoundAlive_PrePost: [ -264463872 ][ 44100 ]Set_User_BWE 0
01-31 17:55:06.853  3689  3689 I SoundAlive_Effect: [ -264463872 ][ 44100 ]Set_User_BWE() 0
01-31 17:55:06.853  3689  3689 I SoundAlive_Interface: [ -264463872 ][ 44100 ]Set_User_BWE_bypass() 0
01-31 17:55:06.853  3689  3689 D AudioSASecPlus: AudioSASec::Init()
01-31 17:55:06.853  3689  3689 I AudioSASecPlus: AudioSASec::Configure(1152, 48000, 2, 1)
01-31 17:55:06.853  3689  3689 I AudioSASecPlus: AudioSASec::Configure(1152, 48000, 2, 1)
01-31 17:55:06.853  3689  3689 D MySoundEffect: MySound EffectCreate start - session -9
01-31 17:55:06.853  3689  3689 D MySoundEffect: MS EffectCreate - Allocating SessionNo 4 for SessionId -9
01-31 17:55:06.853  3689  3689 D MySoundEffect: MS EffectCreate - This is the first effect in current sessionId -9 sessionNo 4
01-31 17:55:06.853  3689  3689 D MySoundEffect: MySoundEffect::MySoundEffect ctor
01-31 17:55:06.853  3689  3689 D MySound : MySound::Init, mSampleRate = 48000, mFrameCount = 0
01-31 17:55:06.853  3689  3689 I AudioSASecPlus: AudioSASec::Configure(1152, 48000, 2, 1)
01-31 17:55:06.853  3689  3689 I AudioSASecPlus: AudioSASec::Configure(1152, 48000, 2, 1)
01-31 17:55:06.853  3689  3689 D MySound : MySound::Init, mSampleRate = 48000, mFrameCount = 1152
01-31 17:55:06.853  3689  3689 I SoundBooster8: SoundBooster_Factory::Create(0)
01-31 17:55:06.853  3689  3689 I SoundBooster8: SoundBooster(Mode : 0)
01-31 17:55:06.853  3689  3689 I SoundBoosterEffectPlus: Allocate SoundBooster mode:0
01-31 17:55:06.853  3689  3689 I SoundBooster8: Init(0)
01-31 17:55:06.853  3689  3689 I SoundBooster8: SamplingRateConfig(48000)
01-31 17:55:06.853  3689  3689 D AudioInfo: can not find AudioDataPath for fileName:/SoundBoosterParam.txt
01-31 17:55:06.853  3689  3689 I SoundBooster_plus: Use HardCoding Values
01-31 17:55:06.853  3689  3689 I SoundBooster8: SetPar()
01-31 17:55:06.853  3689  3689 I SoundBooster8: SetVolumeTable()
01-31 17:55:06.853  3689  3689 I SoundBooster_plus: successful to make ABOX_SB_PARAM_FILE_PATH
01-31 17:55:06.853  3689  3689 E AudioEffectStage:   EffectStages count : main 1, running sample : 0
01-31 17:55:06.853  3689  3689 E AudioEffectStage:     Stage Name                                       Stage Type    sessionId    activeCnt    Enable    stageBuffer    FrameCount    Volume(float)
01-31 17:55:06.853  3689  3689 E AudioEffectStage:     low_output_main_normal    1                               -8
                         0                       1                       0xefc7b000              1152            0.000000
01-31 17:55:06.853  3689  3689 E AudioEffectStage:     Stage Name                                       Stage Type    sessionId    activeCnt    Enable    stageBuffer    FrameCount    Volume(float)
01-31 17:55:06.853  3689  3689 E AudioEffectStage:     low_output_sub1_normal    2                               -9
                         0                       1                       0xefc7c400              1152            0.000000
01-31 17:55:06.853  3689  3689 I AudioEffectStage: setRunningSampleRate prev 0, now 48000
01-31 17:55:06.853  3689  3689 V audio_hw_primary_abox: fast_out-out_get_format: exit with audio format = 0x1
01-31 17:55:06.853  3689  3689 V audio_hw_primary_abox: fast_out-out_get_channels: exit with channel mask = 0x3
01-31 17:55:06.853  3689  3689 V audio_hw_primary_abox: fast_out-out_get_buffer_size: Period Size = 192, Frame Size = 4
01-31 17:55:06.853  3689  3689 V audio_hw_primary_abox: fast_out-out_get_format: exit with audio format = 0x1
01-31 17:55:06.853  3689  3689 V audio_hw_primary_abox: fast_out-out_get_channels: exit with channel mask = 0x3
01-31 17:55:06.853  3689  3689 V audio_hw_primary_abox: fast_out-out_get_format: exit with audio format = 0x1
01-31 17:55:06.853  3689  3689 V audio_hw_primary_abox: fast_out-out_get_sample_rate: exit with sample rate = 48000
01-31 17:55:06.853  3689  3689 V audio_hw_primary_abox: fast_out-out_get_channels: exit with channel mask = 0x3
01-31 17:55:06.858  3689  3766 I AudioFlinger: AudioFlinger's thread 0xef783000 ready to run
01-31 17:55:06.859  3689  3766 W BatteryNotifier: batterystats service unavailable!
01-31 17:55:06.859  3689  3766 I MySound : setDevice 2, 0
01-31 17:55:06.859  3689  3766 I AudioFlinger: change audio_format 0x1 to hal
01-31 17:55:06.859  3689  3766 D audio_hw_primary_abox: fast_out-out_set_parameters: enter with param = audio_format=1;force_routing=2
01-31 17:55:06.859  3689  3766 D audio_hw_primary_abox: fast_out-out_set_parameters: exit
01-31 17:55:06.859  3689  3766 D audio_hw_primary_abox: fast_out-out_set_parameters: enter with param = routing=2
01-31 17:55:06.859  3689  3766 D audio_hw_primary_abox: fast_out-out_set_parameters: Requested to change route from 0x2 to 0x2
01-31 17:55:06.860  3689  3766 D audio_hw_primary_abox: fast_out-out_set_parameters: exit
01-31 17:55:06.860  3689  3766 D AudioFlinger: setCurDevice() 0x2
01-31 17:55:06.860  3689  3766 V audio_hw_primary_abox: fast_out-out_standby: enter
01-31 17:55:06.860  3689  3766 V audio_hw_primary_abox: fast_out-out_standby: exit
01-31 17:55:06.860  3689  3766 W BatteryNotifier: batterystats service unavailable!
01-31 17:55:06.860  3689  3766 W BatteryNotifier: batterystats service unavailable!
01-31 17:55:06.860  3689  3766 W AudioFlinger: no wake lock to update, system not ready yet
01-31 17:55:06.861  3689  3689 D audio_hw_primary_abox: device-adev_open_input_stream: enter: io_handle (14), sample_rate(48000) channel_mask(0xc) devices(0x80000004) flags(0) source(1)
01-31 17:55:06.861  3689  3689 I audio_hw_primary_abox: device-adev_open_input_stream: requested input samplerate decides audio path of csvt and vowifi, sample_rate = 48000
01-31 17:55:06.861  3689  3689 D audio_hw_primary_abox: device-adev_open_input_stream: Requested open Primary input
01-31 17:55:06.861  3689  3689 I audio_hw_primary_abox: is_voice_wakeup : ret =  0  , wakeup_baby_cry_enabled = 0  ,  wakeup_mic_enabled = 0
01-31 17:55:06.861  3689  3689 I audio_hw_primary_abox: primary_in-adev_open_input_stream: Transit to Standby
01-31 17:55:06.861  3689  3689 V audio_hw_primary_abox: primary_in-add_audio_usage: Added Audio Stream into Audio Usage list!
01-31 17:55:06.861  3689  3689 D audio_hw_primary_abox: adev_open_input_stream: preprocessing_latency = 0
01-31 17:55:06.861  3689  3689 I audio_hw_primary_abox: adev_open_input_stream: input is null, set new input stream
01-31 17:55:06.861  3689  3689 D audio_hw_primary_abox: device-adev_open_input_stream: Opened primary_in stream
01-31 17:55:06.865  3689  3768 I AudioFlinger: AudioFlinger's thread 0xef283e00 ready to run
01-31 17:55:06.865  3689  3689 D audio_hw_primary_abox: device-adev_close_input_stream: enter with Audio Usage(primary_in)
01-31 17:55:06.865  3689  3689 V audio_hw_primary_abox: stop_voice_note_recording
01-31 17:55:06.865  3689  3689 D audio_hw_primary_abox: primary_in-in_standby: enter
01-31 17:55:06.865  3689  3689 D audio_hw_primary_abox: primary_in-in_standby: exit
01-31 17:55:06.865  3689  3689 V audio_hw_primary_abox: primary_in-remove_audio_usage: Removed Audio Usage from Audio Usage list!
01-31 17:55:06.865  3689  3689 E audio_hw_primary_abox: adev_close_input_stream, set jack_in to null
01-31 17:55:06.865  3689  3689 D audio_hw_primary_abox: device-adev_close_input_stream: Closed primary_in stream
01-31 17:55:06.866  3689  3689 I bt_a2dp_hw: adev_open:  adev_open in A2dp_hw module
01-31 17:55:06.866  3689  3689 I AudioFlinger: loadHwModule() Loaded a2dp audio interface from A2DP Audio HW HAL (audio) handle 18
01-31 17:55:06.866  3689  3689 I AudioFlinger: loadHwModule() Loaded usb audio interface from USB audio HW HAL (audio) handle 26
01-31 17:55:06.867  3689  3689 I AudioFlinger: loadHwModule() Loaded tms audio interface from TMS Audio HW HAL (audio) handle 34
01-31 17:55:06.867  3689  3689 I r_submix: adev_open(name=audio_hw_if)
01-31 17:55:06.867  3689  3689 I r_submix: adev_init_check()
01-31 17:55:06.867  3689  3689 I AudioFlinger: loadHwModule() Loaded r_submix audio interface from Wifi Display audio HAL (audio) handle 42
01-31 17:55:06.867  3689  3689 D r_submix: adev_open_input_stream(addr=0)
01-31 17:55:06.867  3689  3689 D r_submix: submix_audio_device_create_pipe_l(addr=0, idx=9)
01-31 17:55:06.867  3689  3689 D r_submix:   now using address 0 for route 9
01-31 17:55:06.870  3689  3772 I AudioFlinger: AudioFlinger's thread 0xef003a80 ready to run
01-31 17:55:06.870  3689  3689 D r_submix: adev_close_input_stream()
01-31 17:55:06.870  3689  3689 D r_submix: submix_audio_device_release_pipe_l(idx=9) addr=0
01-31 17:55:06.870  3689  3689 D r_submix: submix_audio_device_destroy_pipe_l(): pipe destroyed
01-31 17:55:06.870  3689  3689 I playback_record: adev_open(name=audio_hw_if)
01-31 17:55:06.870  3689  3689 I AudioFlinger: loadHwModule() Loaded playback_record audio interface from Playback record audio HAL (audio) handle 50
01-31 17:55:06.870  3689  3689 D playback_record: adev_open_input_stream()
01-31 17:55:06.874  3689  3773 I AudioFlinger: AudioFlinger's thread 0xeef83e00 ready to run
01-31 17:55:06.874  3689  3689 D playback_record: adev_close_input_stream()
01-31 17:55:06.874  3689  3704 D audio_hw_primary_abox: device-adev_set_parameters: enter with key(support_output_device=3)
01-31 17:55:06.875  3689  3704 I audio_hw_primary_abox: support output @audio_hw 3
01-31 17:55:06.875  3689  3704 I audio_hw_primary_abox: support reciever @audio_hw
01-31 17:55:06.875  3689  3704 D audio_hw_primary_abox: device-adev_set_parameters: exit
01-31 17:55:06.876  3689  3704 D audio_hw_primary_abox: device-adev_set_parameters: enter with key(support_input_device=-2078277180)
01-31 17:55:06.876  3689  3704 I audio_hw_primary_abox: support input @audio_hw -2078277180
01-31 17:55:06.876  3689  3704 I audio_hw_primary_abox: support backmic @audio_hw
01-31 17:55:06.876  3689  3704 I audio_hw_primary_abox: support thirdmic @audio_hw
01-31 17:55:06.876  3689  3704 D audio_hw_primary_abox: device-adev_set_parameters: exit
01-31 17:55:06.876  3689  3689 W VolumeCustomizer: createVolumeTable device=0
01-31 17:55:06.876  3689  3689 D AudioInfo: can not find AudioDataPath for fileName:/Volume.data
01-31 17:55:06.876  3689  3689 D VolumeCustomizer: volume tuning file does NOT exist!!! use default VolumeTable
01-31 17:55:06.876  3689  3689 W VolumeCustomizer: createVolumeTable device=1
01-31 17:55:06.876  3689  3689 D VolumeCustomizer: volume tuning file does NOT exist!!! use default VolumeTable
01-31 17:55:06.876  3689  3689 W VolumeCustomizer: createVolumeTable device=2
01-31 17:55:06.876  3689  3689 D VolumeCustomizer: volume tuning file does NOT exist!!! use default VolumeTable
01-31 17:55:06.876  3689  3689 W VolumeCustomizer: createVolumeTable device=3
01-31 17:55:06.876  3689  3689 D VolumeCustomizer: volume tuning file does NOT exist!!! use default VolumeTable
01-31 17:55:06.876  3689  3689 W VolumeCustomizer: createVolumeTable device=4
01-31 17:55:06.876  3689  3689 D VolumeCustomizer: volume tuning file does NOT exist!!! use default VolumeTable
01-31 17:55:06.876  3689  3689 W VolumeCustomizer: createVolumeTable device=5
01-31 17:55:06.876  3689  3689 D VolumeCustomizer: volume tuning file does NOT exist!!! use default VolumeTable
01-31 17:55:06.876  3689  3689 W VolumeCustomizer: createVolumeTable device=6
01-31 17:55:06.876  3689  3689 D VolumeCustomizer: volume tuning file does NOT exist!!! use default VolumeTable
01-31 17:55:06.876  3689  3704 D audio_hw_primary_abox: device-adev_set_parameters: enter with key(FixedRingVol=0.0354813375;FixedRingVolBt=0.1122018397)
01-31 17:55:06.876  3689  3704 D audio_hw_primary_abox: device-adev_set_parameters: exit
01-31 17:55:06.877  3689  3689 I APM_AudioPolicyManager: ENFORCED_AUDIBLE cannot be muted
01-31 17:55:06.877  3689  3704 D audio_hw_primary_abox: device-adev_set_parameters: enter with key(mCameraForced)
01-31 17:55:06.877  3689  3704 D audio_hw_primary_abox: device-adev_set_parameters: exit
01-31 17:55:06.877  3689  3704 I AudioFlinger: mCameraForced
01-31 17:55:06.877  3689  3689 I APM_AudioPolicyManager: Set the flinger 'ro.camera.sound.forced
01-31 17:55:06.878  3689  3689 I audioserver: Add AudioPolicyService on audioserver
01-31 17:55:06.878  3689  3689 I RadioService: RadioService
01-31 17:55:06.878  3689  3689 I RadioService: onFirstRef
01-31 17:55:06.878  3689  3689 E RadioService: couldn't load radio module radio.primary (No such file or directory)
01-31 17:55:06.878  3689  3689 I audioserver: Add RadioService on audioserver
01-31 17:55:06.879  3689  3689 E SoundTriggerHwService: couldn't load sound trigger module sound_trigger.primary (No such file or directory)
01-31 17:55:06.879  3689  3689 I audioserver: Add SoundTriggerHwService on audioserver
01-31 17:55:06.879  3688  3688 I Radio-JNI: register_android_hardware_Radio DONE
01-31 17:55:06.906  3688  3688 D ReflectionHelper: loadKlass() : caller=android.app.Activity.<clinit>:7581 <bottom of call stack>
01-31 17:55:06.924  3688  3688 D ReflectionHelper: Reflecting method.....  class <onScreenChanged>
01-31 17:55:06.924  3688  3688 F NativeActivity: Unable to find method finish
01-31 17:55:06.924  3688  3688 F libc    : Fatal signal 6 (SIGABRT), code -6 in tid 3688 (main)
01-31 17:55:06.925  3099  3099 W         : debuggerd: handling request: pid=3688 uid=0 gid=0 tid=3688
01-31 17:55:06.936  3748  3748 E         : ro.debug_level = 0x4f4c
01-31 17:55:06.936  3748  3748 E         : sys.mobilecare.preload = false
01-31 17:55:06.939  3100  3100 W         : debuggerd: resuming target 3687
01-31 17:55:06.941  3782  3782 E         : debuggerd: Unable to connect to activity manager (connect failed: Connection refused)
01-31 17:55:06.970  3218  3218 I ServiceManager: service 'media.sound_trigger_hw' died
01-31 17:55:06.970  3218  3218 I ServiceManager: service 'media.radio' died
01-31 17:55:06.970  3218  3218 I ServiceManager: service 'media.audio_flinger' died
01-31 17:55:06.970  3218  3218 I ServiceManager: service 'media.audio_policy' died
01-31 17:55:06.992  3782  3782 F DEBUG   : *** *** *** *** *** *** *** *** *** *** *** *** *** *** *** ***
01-31 17:55:06.992  3782  3782 F DEBUG   : Build fingerprint: 'samsung/dreamltexx/dreamlte:7.0/NRD90M/G950FXXU1AQL5:user/release-keys'
01-31 17:55:06.992  3782  3782 F DEBUG   : Revision: '10'
01-31 17:55:06.992  3782  3782 F DEBUG   : ABI: 'arm'
01-31 17:55:06.992  3782  3782 F DEBUG   : pid: 3688, tid: 3688, name: main  >>> zygote <<<
01-31 17:55:06.992  3782  3782 F DEBUG   : signal 6 (SIGABRT), code -6 (SI_TKILL), fault addr --------
01-31 17:55:06.997  3782  3782 F DEBUG   : Abort message: 'Unable to find method finish'
01-31 17:55:06.997  3782  3782 F DEBUG   :     r0 00000000  r1 00000e68  r2 00000006  r3 00000008
01-31 17:55:06.997  3782  3782 F DEBUG   :     r4 ea5d858c  r5 00000006  r6 ea5d8534  r7 0000010c
01-31 17:55:06.997  3782  3782 F DEBUG   :     r8 e804cfa8  r9 e74f5058  sl e8075d60  fp 00000001
01-31 17:55:06.997  3782  3782 F DEBUG   :     ip 00000000  sp ff9d0e48  lr e9859f97  pc e985c7f4  cpsr 200e0010
01-31 17:55:07.001  3782  3782 F DEBUG   :
01-31 17:55:07.001  3782  3782 F DEBUG   : backtrace:
01-31 17:55:07.001  3782  3782 F DEBUG   :     #00 pc 0004a7f4  /system/lib/libc.so (tgkill+12)
01-31 17:55:07.001  3782  3782 F DEBUG   :     #01 pc 00047f93  /system/lib/libc.so (pthread_kill+34)
01-31 17:55:07.001  3782  3782 F DEBUG   :     #02 pc 0001daad  /system/lib/libc.so (raise+10)
01-31 17:55:07.001  3782  3782 F DEBUG   :     #03 pc 00019231  /system/lib/libc.so (__libc_android_abort+34)
01-31 17:55:07.001  3782  3782 F DEBUG   :     #04 pc 0001714c  /system/lib/libc.so (abort+4)
01-31 17:55:07.001  3782  3782 F DEBUG   :     #05 pc 0000c931  /system/lib/libcutils.so (__android_log_assert+112)
01-31 17:55:07.001  3782  3782 F DEBUG   :     #06 pc 0006d5b1  /system/lib/libandroid_runtime.so
01-31 17:55:07.001  3782  3782 F DEBUG   :     #07 pc 0006d843  /system/lib/libandroid_runtime.so (_ZN7android35register_android_app_NativeActivityEP7_JNIEnv+58)
01-31 17:55:07.001  3782  3782 F DEBUG   :     #08 pc 00069e15  /system/lib/libandroid_runtime.so (_ZN7android14AndroidRuntime8startRegEP7_JNIEnv+108)
01-31 17:55:07.001  3782  3782 F DEBUG   :     #09 pc 0006b303  /system/lib/libandroid_runtime.so (_ZN7android14AndroidRuntime5startEPKcRKNS_6VectorINS_7String8EEEb+310)
01-31 17:55:07.001  3782  3782 F DEBUG   :     #10 pc 00002e69  /system/bin/app_process32
01-31 17:55:07.001  3782  3782 F DEBUG   :     #11 pc 00016d65  /system/lib/libc.so (__libc_init+48)
01-31 17:55:07.001  3782  3782 F DEBUG   :     #12 pc 0000295c  /system/bin/app_process32
01-31 17:55:07.025  3337  3337 I ServiceManager: Waiting for service media.audio_policy...
01-31 17:55:07.193  3782  3782 E         : ro.debug_level = 0x4f4c
01-31 17:55:07.193  3782  3782 E         : sys.mobilecare.preload = false
01-31 17:55:07.195  3099  3099 W         : debuggerd: resuming target 3688
01-31 17:55:07.685  3235  3434 I ServiceManager: Waiting for service SveService...
01-31 17:55:08.026  3337  3337 I ServiceManager: Waiting for service media.audio_policy...
01-31 17:55:08.686  3235  3434 I ServiceManager: Waiting for service SveService...
01-31 17:55:09.027  3337  3337 I ServiceManager: Waiting for service media.audio_policy...
01-31 17:55:09.687  3235  3434 I ServiceManager: Waiting for service SveService...
01-31 17:55:10.028  3337  3337 I ServiceManager: Waiting for service media.audio_policy...
01-31 17:55:10.687  3235  3434 I ServiceManager: Waiting for service SveService...
01-31 17:55:11.028  3337  3337 I ServiceManager: Waiting for service media.audio_policy...
01-31 17:55:11.368  3790  3790 I bootchecker: Leave previous log before plaform reset
01-31 17:55:11.408  3796  3796 D SecurityManagerNative: SecurityManagerNative v2.7.2.6 On 64bit PLATFORM With BORINGSSL
01-31 17:55:11.409  3796  3796 I Netd    : Netd 1.0 starting
01-31 17:55:11.409  3796  3796 D TetherController: Setting IP forward enable = 0
01-31 17:55:11.409  3796  3796 D TetherController: config_write_setting(/proc/sys/net/ipv6/conf/all/proxy_ndp, 0)
01-31 17:55:11.409  3796  3796 D TetherController: config_write_setting(/proc/sys/net/ipv6/conf/all/forwarding, 0)
01-31 17:55:11.411  3796  3796 I QtiConnectivityAdapter: Failed to open libconnctrl, some features may not be present.
01-31 17:55:11.411  3796  3796 E         : Failed to open libdatactrl, some features may not be present.
01-31 17:55:11.412  3796  3796 E         : Failed to open libcsm_data, some features may not be present.
01-31 17:55:11.592  3790  3790 I bootchecker: Sleep for 8 minutes
01-31 17:55:11.610  3789  3789 E ICD     : file open err (system/app/SysScope/SysScope.apk)
01-31 17:55:11.610  3789  3789 E ICD     : calculation error: 0 (-2)
01-31 17:55:11.611  3789  3789 I FRIGATE_BIRD: UID : 1000 / EUID : 1000
01-31 17:55:11.611  3789  3789 I FRIGATE_BIRD: * * * Verify Request Command * * *
01-31 17:55:11.611  3789  3789 I FRIGATE_BIRD: req_buf->oper : 162
01-31 17:55:11.611  3789  3789 I FRIGATE_BIRD: req_buf->device_len : 16
01-31 17:55:11.611  3789  3789 I FRIGATE_BIRD: req_buf->device : /dev/block/param
01-31 17:55:11.611  3789  3789 I FRIGATE_BIRD: req_buf->data_len : 16
01-31 17:55:11.611  3789  3789 I FRIGATE_BIRD: req_buf->data :
01-31 17:55:11.611  3789  3789 I FRIGATE_BIRD: req_buf->offset : -1024
01-31 17:55:11.611  3789  3789 I FRIGATE_BIRD: req_buf->ioctl_cmd : 0
01-31 17:55:11.611  3789  3789 I FRIGATE_BIRD: * * * * * * * * * * * * * * * * * *
01-31 17:55:11.611  3789  3789 I FRIGATE_BIRD: Client : 6
01-31 17:55:11.611  3789  3789 I FRIGATE_BIRD: Send the reqeust to socket
01-31 17:55:11.611  3789  3789 I FRIGATE_BIRD: Reading from socket
01-31 17:55:11.612  3103  3128 I         : Write to block
01-31 17:55:11.620  3789  3789 I FRIGATE_BIRD: Close the client socket
01-31 17:55:11.620  3789  3789 I FRIGATE_BIRD: response_result : 16
01-31 17:55:11.620  3789  3789 I FRIGATE_BIRD: UID : 1000 / EUID : 1000
01-31 17:55:11.620  3789  3789 I FRIGATE_BIRD: * * * Verify Request Command * * *
01-31 17:55:11.620  3789  3789 I FRIGATE_BIRD: req_buf->oper : 162
01-31 17:55:11.620  3789  3789 I FRIGATE_BIRD: req_buf->device_len : 16
01-31 17:55:11.620  3789  3789 I FRIGATE_BIRD: req_buf->device : /dev/block/param
01-31 17:55:11.620  3789  3789 I FRIGATE_BIRD: req_buf->data_len : 16
01-31 17:55:11.620  3789  3789 I FRIGATE_BIRD: req_buf->data :
01-31 17:55:11.620  3789  3789 I FRIGATE_BIRD: req_buf->offset : -1024
01-31 17:55:11.620  3789  3789 I FRIGATE_BIRD: req_buf->ioctl_cmd : 0
01-31 17:55:11.620  3789  3789 I FRIGATE_BIRD: * * * * * * * * * * * * * * * * * *
01-31 17:55:11.621  3789  3789 I FRIGATE_BIRD: Client : 6
01-31 17:55:11.621  3789  3789 I FRIGATE_BIRD: Send the reqeust to socket
01-31 17:55:11.621  3789  3789 I FRIGATE_BIRD: Reading from socket
01-31 17:55:11.621  3103  3128 I         : Write to block
01-31 17:55:11.622  3789  3789 I FRIGATE_BIRD: Close the client socket
01-31 17:55:11.622  3789  3789 I FRIGATE_BIRD: response_result : 16
01-31 17:55:11.654  3793  3793 D SecurityManagerNative: SecurityManagerNative v2.7.2.6 On 32bit PLATFORM With BORINGSSL
01-31 17:55:11.657  3793  3793 I         : sMaxFastTracks = 8
01-31 17:55:11.658  3793  3793 I audioserver: ServiceManager: 0xf2619aa0
01-31 17:55:11.658  3793  3793 W BatteryNotifier: batterystats service unavailable!
01-31 17:55:11.659  3793  3793 I EffectsFactory: /system/lib/soundfx/libeffectproxy.so can support global effect
01-31 17:55:11.660  3791  3791 D SecurityManagerNative: SecurityManagerNative v2.7.2.6 On 64bit PLATFORM With BORINGSSL
01-31 17:55:11.662  3793  3793 I EffectsFactory: /system/lib/soundfx/libmyspace.so can support global effect
01-31 17:55:11.664  3793  3793 I EffectsFactory: /system/lib/soundfx/libaudiosaplus_sec.so can support global effect
01-31 17:55:11.664  3793  3793 W EffectsFactory: loadLibrary() failed to open /system/lib/libmyspaceplus.so
01-31 17:55:11.666  3791  3791 E appproc : Enhanced Zygote ASLR: ro.knox.enhance.zygote.aslr != 1. Enhanced Zygote ASLR is DISABLED!
01-31 17:55:11.667  3791  3791 D AndroidRuntime: >>>>>> START com.android.internal.os.ZygoteInit uid 0 <<<<<<
01-31 17:55:11.667  3793  3793 W EffectsFactory: loadEffect() could not get library myspaceplus
01-31 17:55:11.667  3793  3793 W EffectsFactory: loadEffect() could not get library myspaceplus
01-31 17:55:11.667  3793  3793 W EffectsFactory: loadEffect() could not get library myspaceplus
01-31 17:55:11.668  3793  3793 I AudioFlinger: Using default 3000 mSec as standby time.
01-31 17:55:11.670  3793  3793 I audioserver: Add AudioFlinger on audioserver
01-31 17:55:11.670  3791  3791 D AndroidRuntime: CheckJNI is OFF
01-31 17:55:11.671  3791  3791 D AndroidRuntime: addProductProperty: start
01-31 17:55:11.671  3791  3791 I art     : option[0]=-Xzygote
01-31 17:55:11.671  3791  3791 I art     : option[1]=-Xstacktracefile:/data/anr/traces.txt
01-31 17:55:11.671  3791  3791 I art     : option[2]=exit
01-31 17:55:11.671  3791  3791 I art     : option[3]=vfprintf
01-31 17:55:11.671  3791  3791 I art     : option[4]=sensitiveThread
01-31 17:55:11.671  3791  3791 I art     : option[5]=-verbose:gc
01-31 17:55:11.671  3791  3791 I art     : option[6]=-Xms8m
01-31 17:55:11.671  3791  3791 I art     : option[7]=-Xmx512m
01-31 17:55:11.671  3791  3791 I art     : option[8]=-XX:HeapGrowthLimit=256m
01-31 17:55:11.671  3791  3791 I art     : option[9]=-XX:HeapMinFree=2m
01-31 17:55:11.671  3791  3791 I art     : option[10]=-XX:HeapMaxFree=8m
01-31 17:55:11.671  3791  3791 I art     : option[11]=-XX:HeapTargetUtilization=0.75
01-31 17:55:11.671  3791  3791 I art     : option[12]=-Xusejit:true
01-31 17:55:11.671  3791  3791 I art     : option[13]=-Xjitsaveprofilinginfo
01-31 17:55:11.671  3791  3791 I art     : option[14]=-agentlib:jdwp=transport=dt_android_adb,suspend=n,server=y
01-31 17:55:11.671  3791  3791 I art     : option[15]=-Ximage-compiler-option
01-31 17:55:11.671  3791  3791 I art     : option[16]=--runtime-arg
01-31 17:55:11.671  3791  3791 I art     : option[17]=-Ximage-compiler-option
01-31 17:55:11.671  3791  3791 I art     : option[18]=-Xms64m
01-31 17:55:11.671  3791  3791 I art     : option[19]=-Ximage-compiler-option
01-31 17:55:11.671  3791  3791 I art     : option[20]=--runtime-arg
01-31 17:55:11.671  3791  3791 I art     : option[21]=-Ximage-compiler-option
01-31 17:55:11.671  3791  3791 I art     : option[22]=-Xmx64m
01-31 17:55:11.671  3791  3791 I art     : option[23]=-Ximage-compiler-option
01-31 17:55:11.671  3791  3791 I art     : option[24]=--image-classes=/system/etc/preloaded-classes
01-31 17:55:11.671  3791  3791 I art     : option[25]=-Ximage-compiler-option
01-31 17:55:11.671  3791  3791 I art     : option[26]=--compiled-classes=/system/etc/compiled-classes
01-31 17:55:11.671  3791  3791 I art     : option[27]=-Xcompiler-option
01-31 17:55:11.671  3791  3791 I art     : option[28]=--runtime-arg
01-31 17:55:11.671  3791  3791 I art     : option[29]=-Xcompiler-option
01-31 17:55:11.671  3791  3791 I art     : option[30]=-Xms64m
01-31 17:55:11.671  3791  3791 I art     : option[31]=-Xcompiler-option
01-31 17:55:11.671  3791  3791 I art     : option[32]=--runtime-arg
01-31 17:55:11.671  3791  3791 I art     : option[33]=-Xcompiler-option
01-31 17:55:11.671  3791  3791 I art     : option[34]=-Xmx512m
01-31 17:55:11.671  3791  3791 I art     : option[35]=-Ximage-compiler-option
01-31 17:55:11.671  3791  3791 I art     : option[36]=--instruction-set-variant=exynos-m2
01-31 17:55:11.671  3791  3791 I art     : option[37]=-Xcompiler-option
01-31 17:55:11.671  3791  3791 I art     : option[38]=--instruction-set-variant=exynos-m2
01-31 17:55:11.671  3791  3791 I art     : option[39]=-Ximage-compiler-option
01-31 17:55:11.671  3791  3791 I art     : option[40]=--instruction-set-features=default
01-31 17:55:11.671  3791  3791 I art     : option[41]=-Xcompiler-option
01-31 17:55:11.671  3791  3791 I art     : option[42]=--instruction-set-features=default
01-31 17:55:11.671  3791  3791 I art     : option[43]=-Duser.locale=en-GB
01-31 17:55:11.671  3791  3791 I art     : option[44]=--cpu-abilist=arm64-v8a
01-31 17:55:11.671  3791  3791 I art     : option[45]=-Xfingerprint:samsung/dreamltexx/dreamlte:7.0/NRD90M/G950FXXU1AQL5:user/release-keys
01-31 17:55:11.673  3791  3791 W art     : Incomplete boot detected(.proceeding). Pruning dalvik cache
01-31 17:55:11.673  3793  3793 I AudioPolicyService: AudioPolicyService CSTOR in new mode
01-31 17:55:11.673  3793  3793 D AudioInfo: MPS_CODE : XME, get MPS_CODE
01-31 17:55:11.673  3793  3793 D APM::SoundKitchen: SoundKitchen created
01-31 17:55:11.674  3793  3793 I APM::ConfigParsingUtils: loadAudioPolicyConfig() loaded /vendor/etc/audio_policy.conf
01-31 17:55:11.687  3791  3791 I art     : Pruning dalvik-cache since we are relocating an image and will need to recompile
01-31 17:55:11.687  3791  3791 W art     : Prune Dex Cache
01-31 17:55:11.697  3791  3791 I art     : RelocateImage: /system/bin/patchoat --input-image-location=/system/framework/boot.art --output-image-file=/data/dalvik-cache/arm64/system@framework@boot.art --instruction-set=arm64 --base-offset-delta=13234176
01-31 17:55:11.722  3826  3826 E patchoat: Could not create image space with image file '/system/framework/boot.art'. Attempting to fall back to imageless running. Error was: Only the zygote can create the global boot image.
01-31 17:55:11.722  3826  3826 E patchoat: Attempted image: /system/framework/boot-knoxsdk.art
01-31 17:55:11.725  3826  3826 W patchoat: Skipping non-existent dex file '/system/framework/SmpsManager.jar'
01-31 17:55:11.725  3826  3826 W patchoat: Failed to open .dex from file '/system/framework/core-oj.jar': Entry not found
01-31 17:55:11.725  3826  3826 W patchoat: Failed to open .dex from file '/system/framework/core-libart.jar': Entry not found
01-31 17:55:11.726  3826  3826 W patchoat: Failed to open .dex from file '/system/framework/conscrypt.jar': Entry not found
01-31 17:55:11.726  3826  3826 W patchoat: Failed to open .dex from file '/system/framework/okhttp.jar': Entry not found
01-31 17:55:11.726  3826  3826 W patchoat: Failed to open .dex from file '/system/framework/core-junit.jar': Entry not found
01-31 17:55:11.726  3826  3826 W patchoat: Failed to open .dex from file '/system/framework/bouncycastle.jar': Entry not found
01-31 17:55:11.726  3826  3826 W patchoat: Failed to open .dex from file '/system/framework/ext.jar': Entry not found
01-31 17:55:11.726  3826  3826 W patchoat: Failed to open .dex from file '/system/framework/framework.jar': Entry not found
01-31 17:55:11.726  3826  3826 W patchoat: Failed to open .dex from file '/system/framework/telephony-common.jar': Entry not found
01-31 17:55:11.726  3826  3826 W patchoat: Failed to open .dex from file '/system/framework/voip-common.jar': Entry not found
01-31 17:55:11.726  3826  3826 W patchoat: Failed to open .dex from file '/system/framework/ims-common.jar': Entry not found
01-31 17:55:11.726  3826  3826 W patchoat: Failed to open .dex from file '/system/framework/apache-xml.jar': Entry not found
01-31 17:55:11.727  3826  3826 W patchoat: Failed to open .dex from file '/system/framework/org.apache.http.legacy.boot.jar': Entry not found
01-31 17:55:11.727  3826  3826 W patchoat: Failed to open .dex from file '/system/framework/sprengine.jar': Entry not found
01-31 17:55:11.727  3826  3826 W patchoat: Skipping non-existent dex file '/system/framework/knoxsdk.jar'
01-31 17:55:11.727  3826  3826 W patchoat: Failed to open .dex from file '/system/framework/sec_edm.jar': Entry not found
01-31 17:55:11.727  3826  3826 W patchoat: Failed to open .dex from file '/system/framework/sagearpolicymanager.jar': Entry not found
01-31 17:55:11.727  3826  3826 W patchoat: Failed to open .dex from file '/system/framework/smartbondingservice.jar': Entry not found
01-31 17:55:11.727  3826  3826 W patchoat: Skipping non-existent dex file '/system/framework/timakeystore.jar'
01-31 17:55:11.727  3826  3826 W patchoat: Failed to open .dex from file '/system/framework/fipstimakeystore.jar': Entry not found
01-31 17:55:11.727  3826  3826 W patchoat: Skipping non-existent dex file '/system/framework/knoxvpnuidtag.jar'
01-31 17:55:11.727  3826  3826 W patchoat: Failed to open .dex from file '/system/framework/sec_sdp_sdk.jar': Entry not found
01-31 17:55:11.727  3826  3826 W patchoat: Failed to open .dex from file '/system/framework/sec_sdp_hidden_sdk.jar': Entry not found
01-31 17:55:11.727  3826  3826 W patchoat: Failed to open .dex from file '/system/framework/esecomm.jar': Entry not found
01-31 17:55:11.727  3826  3826 W patchoat: Failed to open .dex from file '/system/framework/SemAudioThumbnail.jar': Entry not found
01-31 17:55:11.727  3826  3826 W patchoat: Failed to open .dex from file '/system/framework/smatlib.jar': Entry not found
01-31 17:55:11.727  3826  3826 W patchoat: Failed to open .dex from file '/system/framework/samsung-framework.jar': Entry not found
01-31 17:55:11.727  3826  3826 W patchoat: Skipping non-existent dex file '/system/framework/iqclient.jar'
01-31 17:55:11.733  3793  3793 V audio_hw_primary_abox: device-adev_open: enter
01-31 17:55:11.733  3793  3793 V DiamondVoice: + diamondvoice_open
01-31 17:55:11.733  3793  3793 D AudioInfo: can not find AudioDataPath for fileName:/DiamondVoice/
01-31 17:55:11.733  3793  3793 V DiamondVoice: There is no DiamondVoice tuning data in CSC
01-31 17:55:11.733  3793  3793 V DiamondVoice: - diamondvoice_open
01-31 17:55:11.734  3793  3793 I AudioRil: ### mMultiSim : 1
01-31 17:55:11.734  3793  3793 D audio_hw_primary_abox: device-adev_open: Successed to init Voice Manager!
01-31 17:55:11.738  3235  3434 E SveClient: getService failed. retry 2
01-31 17:55:11.738  3235  3434 I ServiceManager: Waiting for service SveService...
01-31 17:55:11.741  3791  3791 W art     : Prune Dex Cache
01-31 17:55:11.743  3791  3791 E art     : Could not create image space with image file '/system/framework/boot.art'. Attempting to fall back to imageless running. Error was: Attempted to use relocated version of /system/framework/boot.art at /data/dalvik-cache/arm64/system@framework@boot.art generated from /system/framework/arm64/boot.art but image failed to load: Invalid image header in '/data/dalvik-cache/arm64/system@framework@boot.art'
01-31 17:55:11.743  3791  3791 E art     : Attempted image: /system/framework/boot.art
01-31 17:55:11.752  3791  3791 W art     : Skipping non-existent dex file '/system/framework/SmpsManager.jar'
01-31 17:55:11.752  3791  3791 W art     : Failed to open .dex from file '/system/framework/core-oj.jar': Entry not found
01-31 17:55:11.752  3791  3791 W art     : Failed to open .dex from file '/system/framework/core-libart.jar': Entry not found
01-31 17:55:11.752  3791  3791 W art     : Failed to open .dex from file '/system/framework/conscrypt.jar': Entry not found
01-31 17:55:11.752  3791  3791 W art     : Failed to open .dex from file '/system/framework/okhttp.jar': Entry not found
01-31 17:55:11.752  3791  3791 W art     : Failed to open .dex from file '/system/framework/core-junit.jar': Entry not found
01-31 17:55:11.752  3791  3791 W art     : Failed to open .dex from file '/system/framework/bouncycastle.jar': Entry not found
01-31 17:55:11.752  3791  3791 W art     : Failed to open .dex from file '/system/framework/ext.jar': Entry not found
01-31 17:55:11.752  3791  3791 W art     : Failed to open .dex from file '/system/framework/framework.jar': Entry not found
01-31 17:55:11.753  3791  3791 W art     : Failed to open .dex from file '/system/framework/telephony-common.jar': Entry not found
01-31 17:55:11.753  3791  3791 W art     : Failed to open .dex from file '/system/framework/voip-common.jar': Entry not found
01-31 17:55:11.753  3791  3791 W art     : Failed to open .dex from file '/system/framework/ims-common.jar': Entry not found
01-31 17:55:11.753  3791  3791 W art     : Failed to open .dex from file '/system/framework/apache-xml.jar': Entry not found
01-31 17:55:11.753  3791  3791 W art     : Failed to open .dex from file '/system/framework/org.apache.http.legacy.boot.jar': Entry not found
01-31 17:55:11.753  3791  3791 W art     : Failed to open .dex from file '/system/framework/sprengine.jar': Entry not found
01-31 17:55:11.753  3791  3791 W art     : Skipping non-existent dex file '/system/framework/knoxsdk.jar'
01-31 17:55:11.753  3791  3791 W art     : Failed to open .dex from file '/system/framework/sec_edm.jar': Entry not found
01-31 17:55:11.753  3791  3791 W art     : Failed to open .dex from file '/system/framework/sagearpolicymanager.jar': Entry not found
01-31 17:55:11.753  3791  3791 W art     : Failed to open .dex from file '/system/framework/smartbondingservice.jar': Entry not found
01-31 17:55:11.753  3791  3791 W art     : Skipping non-existent dex file '/system/framework/timakeystore.jar'
01-31 17:55:11.753  3791  3791 W art     : Failed to open .dex from file '/system/framework/fipstimakeystore.jar': Entry not found
01-31 17:55:11.753  3791  3791 W art     : Skipping non-existent dex file '/system/framework/knoxvpnuidtag.jar'
01-31 17:55:11.753  3791  3791 W art     : Failed to open .dex from file '/system/framework/sec_sdp_sdk.jar': Entry not found
01-31 17:55:11.753  3791  3791 W art     : Failed to open .dex from file '/system/framework/sec_sdp_hidden_sdk.jar': Entry not found
01-31 17:55:11.753  3791  3791 W art     : Failed to open .dex from file '/system/framework/esecomm.jar': Entry not found
01-31 17:55:11.753  3791  3791 W art     : Failed to open .dex from file '/system/framework/SemAudioThumbnail.jar': Entry not found
01-31 17:55:11.753  3791  3791 W art     : Failed to open .dex from file '/system/framework/smatlib.jar': Entry not found
01-31 17:55:11.753  3791  3791 W art     : Failed to open .dex from file '/system/framework/samsung-framework.jar': Entry not found
01-31 17:55:11.753  3791  3791 W art     : Skipping non-existent dex file '/system/framework/iqclient.jar'
01-31 17:55:11.807  3791  3791 I [saiv 1.1]: saiv_OnLoadJNI.cpp(38): _init: Version 1.1 Build # 3532
01-31 17:55:11.807  3791  3791 I [saiv 1.1]: saiv_OnLoadJNI.cpp(43): _init: _init() was called
01-31 17:55:11.820  3792  3792 D SecurityManagerNative: SecurityManagerNative v2.7.2.6 On 32bit PLATFORM With BORINGSSL
01-31 17:55:11.823  3792  3792 E appproc : Enhanced Zygote ASLR: ro.knox.enhance.zygote.aslr != 1. Enhanced Zygote ASLR is DISABLED!
01-31 17:55:11.823  3792  3792 D AndroidRuntime: >>>>>> START com.android.internal.os.ZygoteInit uid 0 <<<<<<
01-31 17:55:11.826  3792  3792 D AndroidRuntime: CheckJNI is OFF
01-31 17:55:11.827  3792  3792 D AndroidRuntime: addProductProperty: start
01-31 17:55:11.827  3792  3792 I art     : option[0]=-Xzygote
01-31 17:55:11.827  3792  3792 I art     : option[1]=-Xstacktracefile:/data/anr/traces.txt
01-31 17:55:11.827  3792  3792 I art     : option[2]=exit
01-31 17:55:11.827  3792  3792 I art     : option[3]=vfprintf
01-31 17:55:11.827  3792  3792 I art     : option[4]=sensitiveThread
01-31 17:55:11.827  3792  3792 I art     : option[5]=-verbose:gc
01-31 17:55:11.827  3792  3792 I art     : option[6]=-Xms8m
01-31 17:55:11.827  3792  3792 I art     : option[7]=-Xmx512m
01-31 17:55:11.827  3792  3792 I art     : option[8]=-XX:HeapGrowthLimit=256m
01-31 17:55:11.827  3792  3792 I art     : option[9]=-XX:HeapMinFree=2m
01-31 17:55:11.827  3792  3792 I art     : option[10]=-XX:HeapMaxFree=8m
01-31 17:55:11.827  3792  3792 I art     : option[11]=-XX:HeapTargetUtilization=0.75
01-31 17:55:11.827  3792  3792 I art     : option[12]=-Xusejit:true
01-31 17:55:11.827  3792  3792 I art     : option[13]=-Xjitsaveprofilinginfo
01-31 17:55:11.827  3792  3792 I art     : option[14]=-agentlib:jdwp=transport=dt_android_adb,suspend=n,server=y
01-31 17:55:11.827  3792  3792 I art     : option[15]=-Ximage-compiler-option
01-31 17:55:11.827  3792  3792 I art     : option[16]=--runtime-arg
01-31 17:55:11.827  3792  3792 I art     : option[17]=-Ximage-compiler-option
01-31 17:55:11.827  3792  3792 I art     : option[18]=-Xms64m
01-31 17:55:11.827  3792  3792 I art     : option[19]=-Ximage-compiler-option
01-31 17:55:11.827  3792  3792 I art     : option[20]=--runtime-arg
01-31 17:55:11.827  3792  3792 I art     : option[21]=-Ximage-compiler-option
01-31 17:55:11.827  3792  3792 I art     : option[22]=-Xmx64m
01-31 17:55:11.827  3792  3792 I art     : option[23]=-Ximage-compiler-option
01-31 17:55:11.827  3792  3792 I art     : option[24]=--image-classes=/system/etc/preloaded-classes
01-31 17:55:11.827  3792  3792 I art     : option[25]=-Ximage-compiler-option
01-31 17:55:11.827  3792  3792 I art     : option[26]=--compiled-classes=/system/etc/compiled-classes
01-31 17:55:11.827  3792  3792 I art     : option[27]=-Xcompiler-option
01-31 17:55:11.827  3792  3792 I art     : option[28]=--runtime-arg
01-31 17:55:11.827  3792  3792 I art     : option[29]=-Xcompiler-option
01-31 17:55:11.827  3792  3792 I art     : option[30]=-Xms64m
01-31 17:55:11.827  3792  3792 I art     : option[31]=-Xcompiler-option
01-31 17:55:11.827  3792  3792 I art     : option[32]=--runtime-arg
01-31 17:55:11.827  3792  3792 I art     : option[33]=-Xcompiler-option
01-31 17:55:11.827  3792  3792 I art     : option[34]=-Xmx512m
01-31 17:55:11.827  3792  3792 I art     : option[35]=-Ximage-compiler-option
01-31 17:55:11.827  3792  3792 I art     : option[36]=--instruction-set-variant=cortex-a53
01-31 17:55:11.827  3792  3792 I art     : option[37]=-Xcompiler-option
01-31 17:55:11.827  3792  3792 I art     : option[38]=--instruction-set-variant=cortex-a53
01-31 17:55:11.827  3792  3792 I art     : option[39]=-Ximage-compiler-option
01-31 17:55:11.827  3792  3792 I art     : option[40]=--instruction-set-features=default
01-31 17:55:11.827  3792  3792 I art     : option[41]=-Xcompiler-option
01-31 17:55:11.827  3792  3792 I art     : option[42]=--instruction-set-features=default
01-31 17:55:11.827  3792  3792 I art     : option[43]=-Duser.locale=en-GB
01-31 17:55:11.827  3792  3792 I art     : option[44]=--cpu-abilist=armeabi-v7a,armeabi
01-31 17:55:11.827  3792  3792 I art     : option[45]=-Xfingerprint:samsung/dreamltexx/dreamlte:7.0/NRD90M/G950FXXU1AQL5:user/release-keys
01-31 17:55:11.829  3792  3792 W art     : Incomplete boot detected(.proceeding). Pruning dalvik cache
01-31 17:55:11.832  3791  3791 I MLDAP   :            libMLDAP/MLDAP.c:  53: ================================================
01-31 17:55:11.832  3791  3791 I MLDAP   :            libMLDAP/MLDAP.c:  53:  MLDAP_LIB v1.1.16
01-31 17:55:11.832  3791  3791 I MLDAP   :            libMLDAP/MLDAP.c:  53: ================================================
01-31 17:55:11.853  3792  3792 I art     : Pruning dalvik-cache since we are relocating an image and will need to recompile
01-31 17:55:11.853  3792  3792 W art     : Prune Dex Cache
01-31 17:55:11.856  3792  3792 I art     : RelocateImage: /system/bin/patchoat --input-image-location=/system/framework/boot.art --output-image-file=/data/dalvik-cache/arm/system@framework@boot.art --instruction-set=arm --base-offset-delta=9940992
01-31 17:55:11.876  3791  3791 I TMSDISP : AcsAndroidVirtualDisplayIntfImpl
01-31 17:55:11.897  3841  3841 E patchoat: Could not create image space with image file '/system/framework/boot.art'. Attempting to fall back to imageless running. Error was: Only the zygote can create the global boot image.
01-31 17:55:11.897  3841  3841 E patchoat: Attempted image: /system/framework/boot-knoxsdk.art
01-31 17:55:11.898  3791  3791 D ICU     : No timezone override file found: /data/misc/zoneinfo/current/icu/icu_tzdata.dat
01-31 17:55:11.905  3841  3841 W patchoat: Skipping non-existent dex file '/system/framework/SmpsManager.jar'
01-31 17:55:11.905  3841  3841 W patchoat: Failed to open .dex from file '/system/framework/core-oj.jar': Entry not found
01-31 17:55:11.905  3841  3841 W patchoat: Failed to open .dex from file '/system/framework/core-libart.jar': Entry not found
01-31 17:55:11.905  3841  3841 W patchoat: Failed to open .dex from file '/system/framework/conscrypt.jar': Entry not found
01-31 17:55:11.905  3841  3841 W patchoat: Failed to open .dex from file '/system/framework/okhttp.jar': Entry not found
01-31 17:55:11.906  3841  3841 W patchoat: Failed to open .dex from file '/system/framework/core-junit.jar': Entry not found
01-31 17:55:11.906  3841  3841 W patchoat: Failed to open .dex from file '/system/framework/bouncycastle.jar': Entry not found
01-31 17:55:11.907  3841  3841 W patchoat: Failed to open .dex from file '/system/framework/ext.jar': Entry not found
01-31 17:55:11.907  3841  3841 W patchoat: Failed to open .dex from file '/system/framework/framework.jar': Entry not found
01-31 17:55:11.907  3841  3841 W patchoat: Failed to open .dex from file '/system/framework/telephony-common.jar': Entry not found
01-31 17:55:11.907  3841  3841 W patchoat: Failed to open .dex from file '/system/framework/voip-common.jar': Entry not found
01-31 17:55:11.907  3841  3841 W patchoat: Failed to open .dex from file '/system/framework/ims-common.jar': Entry not found
01-31 17:55:11.907  3841  3841 W patchoat: Failed to open .dex from file '/system/framework/apache-xml.jar': Entry not found
01-31 17:55:11.907  3841  3841 W patchoat: Failed to open .dex from file '/system/framework/org.apache.http.legacy.boot.jar': Entry not found
01-31 17:55:11.908  3841  3841 W patchoat: Failed to open .dex from file '/system/framework/sprengine.jar': Entry not found
01-31 17:55:11.908  3841  3841 W patchoat: Skipping non-existent dex file '/system/framework/knoxsdk.jar'
01-31 17:55:11.908  3841  3841 W patchoat: Failed to open .dex from file '/system/framework/sec_edm.jar': Entry not found
01-31 17:55:11.908  3841  3841 W patchoat: Failed to open .dex from file '/system/framework/sagearpolicymanager.jar': Entry not found
01-31 17:55:11.908  3841  3841 W patchoat: Failed to open .dex from file '/system/framework/smartbondingservice.jar': Entry not found
01-31 17:55:11.908  3841  3841 W patchoat: Skipping non-existent dex file '/system/framework/timakeystore.jar'
01-31 17:55:11.908  3841  3841 W patchoat: Failed to open .dex from file '/system/framework/fipstimakeystore.jar': Entry not found
01-31 17:55:11.909  3841  3841 W patchoat: Skipping non-existent dex file '/system/framework/knoxvpnuidtag.jar'
01-31 17:55:11.909  3841  3841 W patchoat: Failed to open .dex from file '/system/framework/sec_sdp_sdk.jar': Entry not found
01-31 17:55:11.909  3841  3841 W patchoat: Failed to open .dex from file '/system/framework/sec_sdp_hidden_sdk.jar': Entry not found
01-31 17:55:11.909  3841  3841 W patchoat: Failed to open .dex from file '/system/framework/esecomm.jar': Entry not found
01-31 17:55:11.909  3841  3841 W patchoat: Failed to open .dex from file '/system/framework/SemAudioThumbnail.jar': Entry not found
01-31 17:55:11.909  3841  3841 W patchoat: Failed to open .dex from file '/system/framework/smatlib.jar': Entry not found
01-31 17:55:11.909  3841  3841 W patchoat: Failed to open .dex from file '/system/framework/samsung-framework.jar': Entry not found
01-31 17:55:11.909  3841  3841 W patchoat: Skipping non-existent dex file '/system/framework/iqclient.jar'
01-31 17:55:11.922  3792  3792 W art     : Prune Dex Cache
01-31 17:55:11.924  3792  3792 E art     : Could not create image space with image file '/system/framework/boot.art'. Attempting to fall back to imageless running. Error was: Attempted to use relocated version of /system/framework/boot.art at /data/dalvik-cache/arm/system@framework@boot.art generated from /system/framework/arm/boot.art but image failed to load: Invalid image header in '/data/dalvik-cache/arm/system@framework@boot.art'
01-31 17:55:11.924  3792  3792 E art     : Attempted image: /system/framework/boot.art
01-31 17:55:11.939  3792  3792 W art     : Skipping non-existent dex file '/system/framework/SmpsManager.jar'
01-31 17:55:11.940  3792  3792 W art     : Failed to open .dex from file '/system/framework/core-oj.jar': Entry not found
01-31 17:55:11.940  3792  3792 W art     : Failed to open .dex from file '/system/framework/core-libart.jar': Entry not found
01-31 17:55:11.940  3792  3792 W art     : Failed to open .dex from file '/system/framework/conscrypt.jar': Entry not found
01-31 17:55:11.940  3792  3792 W art     : Failed to open .dex from file '/system/framework/okhttp.jar': Entry not found
01-31 17:55:11.941  3792  3792 W art     : Failed to open .dex from file '/system/framework/core-junit.jar': Entry not found
01-31 17:55:11.941  3792  3792 W art     : Failed to open .dex from file '/system/framework/bouncycastle.jar': Entry not found
01-31 17:55:11.942  3792  3792 W art     : Failed to open .dex from file '/system/framework/ext.jar': Entry not found
01-31 17:55:11.942  3792  3792 W art     : Failed to open .dex from file '/system/framework/framework.jar': Entry not found
01-31 17:55:11.942  3792  3792 W art     : Failed to open .dex from file '/system/framework/telephony-common.jar': Entry not found
01-31 17:55:11.942  3792  3792 W art     : Failed to open .dex from file '/system/framework/voip-common.jar': Entry not found
01-31 17:55:11.942  3792  3792 W art     : Failed to open .dex from file '/system/framework/ims-common.jar': Entry not found
01-31 17:55:11.942  3792  3792 W art     : Failed to open .dex from file '/system/framework/apache-xml.jar': Entry not found
01-31 17:55:11.943  3792  3792 W art     : Failed to open .dex from file '/system/framework/org.apache.http.legacy.boot.jar': Entry not found
