31 JANUARY 2018 - UNABLE TO BOOT

01-31 17:54:57.044  3247  3247 I SoundAlive_Effect: [ -1 ][ -1 ]SoundAlive_Effect()
01-31 17:54:57.045  3247  3247 I SoundAlive_Effect: [ -1 ][ -1 ]Init() nch : 2  bitdepth : 0
01-31 17:54:57.045  3247  3247 I SoundAlive_Interface: [ -263436288 ][ 44100 ]SoundAlive_Config() SamplingRate : 44100 , nch : 2
01-31 17:54:57.045  3247  3247 I SoundAlive_Core: [ -263436288 ][ 44100 ](interface-API)SoundAlive_Config() SamplingRate : 44100 , nch : 2
01-31 17:54:57.045  3247  3247 I SoundAlive_PrePost: [ -263436288 ][ 44100 ]SoundAlive_Config()
01-31 17:54:57.045  3247  3247 I SoundAlive_Effect: [ -263436288 ][ 44100 ]SoundAlive_Config()
01-31 17:54:57.045  3247  3247 D SoundAlive_Core: [ -263436288 ][ 44100 ](internal-API)ReOpen( ConfigMode : 0 )
01-31 17:54:57.045  3247  3247 I SoundAlive_PrePost: [ -263436288 ][ 44100 ]Init()
01-31 17:54:57.045  3247  3247 I SoundAlive_PrePost: [ -263436288 ][ 44100 ]SamplingRateConfig()  SamplingRate : 44100
01-31 17:54:57.045  3247  3247 I SoundAlive_PrePost: [ -263436288 ][ 44100 ]OutDevConfig() OutMode : 1
01-31 17:54:57.045  3247  3247 I SoundAlive_Effect: [ -263436288 ][ 44100 ]Init() nch : 2  bitdepth : 2
01-31 17:54:57.045  3247  3247 I SoundAlive_Effect: [ -263436288 ][ 44100 ]SamplingRateConfig() SamplingRate : 44100
01-31 17:54:57.046  3247  3247 I SoundAlive_Effect: [ -263436288 ][ 44100 ]OutDevConfig() OutDevConfig : 1
01-31 17:54:57.046  3247  3247 D SoundAlive_Core: [ -263436288 ][ 44100 ](internal-API)Set_Current_Effect_Configuration( ConfigMode : 0 )
01-31 17:54:57.046  3247  3247 I SoundAlive_PrePost: [ -263436288 ][ 44100 ]Set_Preset()  Preset : 0
01-31 17:54:57.046  3247  3247 I SoundAlive_PrePost: [ -263436288 ][ 44100 ]Set_User_BWE 0
01-31 17:54:57.046  3247  3247 I SoundAlive_PrePost: [ -263436288 ][ 44100 ]Set_User_CH() OnOff : 0
01-31 17:54:57.046  3247  3247 I SoundAlive_PrePost: [ -263436288 ][ 44100 ]Set_SquareUI() Sqrow : 4  ,  Sqcol : 4
01-31 17:54:57.046  3247  3247 I SoundAlive_Effect: [ -263436288 ][ 44100 ]Set_Preset() : 0
01-31 17:54:57.046  3247  3247 I SoundAlive_Effect: [ -263436288 ][ 44100 ]Set_User_BWE() 0
01-31 17:54:57.046  3247  3247 I SoundAlive_Effect: [ -263436288 ][ 44100 ]Set_User_CH() : 0
01-31 17:54:57.046  3247  3247 I SoundAlive_Effect: [ -263436288 ][ 44100 ]Set_SquareUI() : 4 , 4
01-31 17:54:57.046  3247  3247 I SoundAlive_Effect: [ -263436288 ][ 44100 ]Set_User_3D() : 0
01-31 17:54:57.046  3247  3247 I SoundAlive_Effect: [ -263436288 ][ 44100 ]Set_User_BE() : 0
01-31 17:54:57.046  3247  3247 D AudioSASecPlus: AudioSASec::Init() - TrackStart
01-31 17:54:57.046  3247  3247 I SoundAlive_Interface: [ -263436288 ][ 44100 ]Set_Speaker_Output()
01-31 17:54:57.046  3247  3247 I SoundAlive_Core: [ -263436288 ][ 44100 ](interface-API)Set_Speaker_Output()
01-31 17:54:57.046  3247  3247 I SoundAlive_Interface: [ -263436288 ][ 44100 ]Set_Preset() Preset : 0
01-31 17:54:57.046  3247  3247 I SoundAlive_Core: [ -263436288 ][ 44100 ](interface-API)Set_Preset() Preset : 0
01-31 17:54:57.046  3247  3247 I SoundAlive_PrePost: [ -263436288 ][ 44100 ]Set_Preset()  Preset : 0
01-31 17:54:57.046  3247  3247 I SoundAlive_Effect: [ -263436288 ][ 44100 ]Set_Preset() : 0
01-31 17:54:57.046  3247  3247 I SoundAlive_Interface: [ -263436288 ][ 44100 ]Set_User_CH() : 0
01-31 17:54:57.046  3247  3247 I SoundAlive_Core: [ -263436288 ][ 44100 ](interface-API)Set_User_CH() : 0
01-31 17:54:57.046  3247  3247 I SoundAlive_PrePost: [ -263436288 ][ 44100 ]Set_User_CH() OnOff : 0
01-31 17:54:57.046  3247  3247 I SoundAlive_Effect: [ -263436288 ][ 44100 ]Set_User_CH() : 0
01-31 17:54:57.046  3247  3247 I SoundAlive_Interface: [ -263436288 ][ 44100 ]Set_User_BWE() 0
01-31 17:54:57.046  3247  3247 I SoundAlive_Core: [ -263436288 ][ 44100 ](interface-API)Set_User_BWE() : 0
01-31 17:54:57.047  3247  3247 I SoundAlive_PrePost: [ -263436288 ][ 44100 ]Set_User_BWE 0
01-31 17:54:57.047  3247  3247 I SoundAlive_Effect: [ -263436288 ][ 44100 ]Set_User_BWE() 0
01-31 17:54:57.047  3247  3247 I SoundAlive_Interface: [ -263436288 ][ 44100 ]Set_User_BWE_bypass() 0
01-31 17:54:57.047  3247  3247 D AudioSASecPlus: AudioSASec::Init()
01-31 17:54:57.047  3247  3247 I AudioSASecPlus: AudioSASec::Configure(7680, 384000, 2, 3)
01-31 17:54:57.047  3247  3247 I AudioSASecPlus: AudioSASec::Configure(7680, 384000, 2, 3)
01-31 17:54:57.047  3247  3247 D MySoundEffect: MySound EffectCreate start - session -7
01-31 17:54:57.047  3247  3247 D MySoundEffect: MS EffectCreate - Allocating SessionNo 2 for SessionId -7
01-31 17:54:57.047  3247  3247 D MySoundEffect: MS EffectCreate - This is the first effect in current sessionId -7 sessionNo 2
01-31 17:54:57.047  3247  3247 D MySoundEffect: MySoundEffect::MySoundEffect ctor
01-31 17:54:57.047  3247  3247 D MySound : MySound::Init, mSampleRate = 48000, mFrameCount = 0
01-31 17:54:57.047  3247  3247 I AudioSASecPlus: AudioSASec::Configure(7680, 384000, 2, 3)
01-31 17:54:57.047  3247  3247 I AudioSASecPlus: AudioSASec::Configure(7680, 384000, 2, 3)
01-31 17:54:57.047  3247  3247 D MySound : MySound::Init, mSampleRate = 384000, mFrameCount = 7680
01-31 17:54:57.047  3247  3247 D AudioSAEffectSecPlus: EffectCreate - Allocating SessionNo 3 for SessionId -16
01-31 17:54:57.047  3247  3247 D AudioSAEffectSecPlus: EffectCreate - This is the first effect in current sessionId -16 sessionNo 3
01-31 17:54:57.047  3247  3247 D AudioSAEffectSecPlus: AudioSAEffectSec::AudioSAEffectSec ctor
01-31 17:54:57.047  3247  3247 D AudioSAEffectSecPlus: AudioSAEffectSec::createSA
01-31 17:54:57.047  3247  3247 D AudioSASecPlus: AudioSASec::AudioSASec : 0xf1146b80
01-31 17:54:57.047  3247  3247 D AudioSASecPlus: AudioSASec::AudioSASec : 0xf1146b80 -
01-31 17:54:57.047  3247  3247 D AudioSAEffectSecPlus: AudioSAEffectSec::createSA(0xf1146b80)
01-31 17:54:57.047  3247  3247 I AudioSASecPlus: AudioSASec::Configure(0, 44100, 2, 1)
01-31 17:54:57.047  3247  3247 I AudioSASecPlus: AudioSASec::Configure(0, 44100, 2, 1)
01-31 17:54:57.047  3247  3247 D AudioSAEffectOffload: EffectCreate : pContext:0xf04c4880 effect_type:3
01-31 17:54:57.047  3247  3247 I AudioSAEffectSecPlus: EFFECT_CMD_INIT mTrackChannel = 2, mThreadChannel = 2 mTrackFormat = 0x1
01-31 17:54:57.047  3247  3247 D AudioSASecPlus: AudioSASec::Init() trackChannel = 2, threadChannel = 2 format=1
01-31 17:54:57.047  3247  3247 D AudioSASecPlus: int android::AudioSASec::Init(int, int, int) mChannels:2 mCurPreset:0 mBitDepth:0 mSampleRate:44100
01-31 17:54:57.048  3247  3247 I SoundAlive_Interface: Samsung_SoundAlive_play_Factory::Create()
01-31 17:54:57.048  3247  3247 D SoundAlive_Interface: [ -1 ][ -1 ]SoundAlive_Interface()
01-31 17:54:57.048  3247  3247 I SoundAlive_Core: [ -253590072 ][ -263436032 ](interface-API)SoundAlive_Core()
01-31 17:54:57.048  3247  3247 D SoundAlive_Core: [ -1 ][ -1 ](internal-API)Init()
01-31 17:54:57.048  3247  3247 I SoundAlive_PrePost: [ -1 ][ -1 ]SoundAlive_PrePost()
01-31 17:54:57.048  3247  3247 I SoundAlive_Effect: [ -1 ][ -1 ]SoundAlive_Effect()
01-31 17:54:57.050  3247  3247 I SoundAlive_Effect: [ -1 ][ -1 ]Init() nch : 2  bitdepth : 0
01-31 17:54:57.050  3247  3247 I SoundAlive_Interface: [ -263436032 ][ 44100 ]SoundAlive_Config() SamplingRate : 44100 , nch : 2
01-31 17:54:57.050  3247  3247 I SoundAlive_Core: [ -263436032 ][ 44100 ](interface-API)SoundAlive_Config() SamplingRate : 44100 , nch : 2
01-31 17:54:57.050  3247  3247 I SoundAlive_PrePost: [ -263436032 ][ 44100 ]SoundAlive_Config()
01-31 17:54:57.050  3247  3247 I SoundAlive_Effect: [ -263436032 ][ 44100 ]SoundAlive_Config()
01-31 17:54:57.050  3247  3247 D SoundAlive_Core: [ -263436032 ][ 44100 ](internal-API)ReOpen( ConfigMode : 0 )
01-31 17:54:57.050  3247  3247 I SoundAlive_PrePost: [ -263436032 ][ 44100 ]Init()
01-31 17:54:57.050  3247  3247 I SoundAlive_PrePost: [ -263436032 ][ 44100 ]SamplingRateConfig()  SamplingRate : 44100
01-31 17:54:57.050  3247  3247 I SoundAlive_PrePost: [ -263436032 ][ 44100 ]OutDevConfig() OutMode : 1
01-31 17:54:57.050  3247  3247 I SoundAlive_Effect: [ -263436032 ][ 44100 ]Init() nch : 2  bitdepth : 0
01-31 17:54:57.050  3247  3247 I SoundAlive_Effect: [ -263436032 ][ 44100 ]SamplingRateConfig() SamplingRate : 44100
01-31 17:54:57.050  3247  3247 I SoundAlive_Effect: [ -263436032 ][ 44100 ]OutDevConfig() OutDevConfig : 1
01-31 17:54:57.050  3247  3247 D SoundAlive_Core: [ -263436032 ][ 44100 ](internal-API)Set_Current_Effect_Configuration( ConfigMode : 0 )
01-31 17:54:57.050  3247  3247 I SoundAlive_PrePost: [ -263436032 ][ 44100 ]Set_Preset()  Preset : 0
01-31 17:54:57.050  3247  3247 I SoundAlive_PrePost: [ -263436032 ][ 44100 ]Set_User_BWE 0
01-31 17:54:57.050  3247  3247 I SoundAlive_PrePost: [ -263436032 ][ 44100 ]Set_User_CH() OnOff : 0
01-31 17:54:57.050  3247  3247 I SoundAlive_PrePost: [ -263436032 ][ 44100 ]Set_SquareUI() Sqrow : 4  ,  Sqcol : 4
01-31 17:54:57.050  3247  3247 I SoundAlive_Effect: [ -263436032 ][ 44100 ]Set_Preset() : 0
01-31 17:54:57.050  3247  3247 I SoundAlive_Effect: [ -263436032 ][ 44100 ]Set_User_BWE() 0
01-31 17:54:57.050  3247  3247 I SoundAlive_Effect: [ -263436032 ][ 44100 ]Set_User_CH() : 0
01-31 17:54:57.050  3247  3247 I SoundAlive_Effect: [ -263436032 ][ 44100 ]Set_SquareUI() : 4 , 4
01-31 17:54:57.050  3247  3247 I SoundAlive_Effect: [ -263436032 ][ 44100 ]Set_User_3D() : 0
01-31 17:54:57.050  3247  3247 I SoundAlive_Effect: [ -263436032 ][ 44100 ]Set_User_BE() : 0
01-31 17:54:57.051  3247  3247 D AudioSASecPlus: AudioSASec::Init() - TrackStart
01-31 17:54:57.051  3247  3247 I SoundAlive_Interface: [ -263436032 ][ 44100 ]Set_Speaker_Output()
01-31 17:54:57.051  3247  3247 I SoundAlive_Core: [ -263436032 ][ 44100 ](interface-API)Set_Speaker_Output()
01-31 17:54:57.051  3247  3247 I SoundAlive_Interface: [ -263436032 ][ 44100 ]Set_Preset() Preset : 0
01-31 17:54:57.051  3247  3247 I SoundAlive_Core: [ -263436032 ][ 44100 ](interface-API)Set_Preset() Preset : 0
01-31 17:54:57.051  3247  3247 I SoundAlive_PrePost: [ -263436032 ][ 44100 ]Set_Preset()  Preset : 0
01-31 17:54:57.051  3247  3247 I SoundAlive_Effect: [ -263436032 ][ 44100 ]Set_Preset() : 0
01-31 17:54:57.051  3247  3247 I SoundAlive_Interface: [ -263436032 ][ 44100 ]Set_User_CH() : 0
01-31 17:54:57.051  3247  3247 I SoundAlive_Core: [ -263436032 ][ 44100 ](interface-API)Set_User_CH() : 0
01-31 17:54:57.051  3247  3247 I SoundAlive_PrePost: [ -263436032 ][ 44100 ]Set_User_CH() OnOff : 0
01-31 17:54:57.051  3247  3247 I SoundAlive_Effect: [ -263436032 ][ 44100 ]Set_User_CH() : 0
01-31 17:54:57.051  3247  3247 I SoundAlive_Interface: [ -263436032 ][ 44100 ]Set_User_BWE() 0
01-31 17:54:57.051  3247  3247 I SoundAlive_Core: [ -263436032 ][ 44100 ](interface-API)Set_User_BWE() : 0
01-31 17:54:57.051  3247  3247 I SoundAlive_PrePost: [ -263436032 ][ 44100 ]Set_User_BWE 0
01-31 17:54:57.051  3247  3247 I SoundAlive_Effect: [ -263436032 ][ 44100 ]Set_User_BWE() 0
01-31 17:54:57.051  3247  3247 I SoundAlive_Interface: [ -263436032 ][ 44100 ]Set_User_BWE_bypass() 0
01-31 17:54:57.051  3247  3247 D AudioSASecPlus: AudioSASec::Init()
01-31 17:54:57.051  3247  3247 I AudioSASecPlus: AudioSASec::Configure(0, 48000, 2, 1)
01-31 17:54:57.051  3247  3247 I AudioSASecPlus: AudioSASec::Configure(0, 48000, 2, 1)
01-31 17:54:57.051  3247  3247 D MySoundEffect: MySound EffectCreate start - session -16
01-31 17:54:57.051  3247  3247 D MySoundEffect: MS EffectCreate - Allocating SessionNo 3 for SessionId -16
01-31 17:54:57.051  3247  3247 D MySoundEffect: MS EffectCreate - This is the first effect in current sessionId -16 sessionNo 3
01-31 17:54:57.051  3247  3247 D MySoundEffect: MySoundEffect::MySoundEffect ctor
01-31 17:54:57.051  3247  3247 D AudioSAEffectOffload: EffectCreate : pContext:0xf04c4980 effect_type:4
01-31 17:54:57.051  3247  3247 D MySound : MySound::Init, mSampleRate = 48000, mFrameCount = 0
01-31 17:54:57.051  3247  3247 I AudioSASecPlus: AudioSASec::Configure(0, 48000, 2, 1)
01-31 17:54:57.051  3247  3247 I AudioSASecPlus: AudioSASec::Configure(0, 48000, 2, 1)
01-31 17:54:57.051  3247  3247 E AudioEffectStage:   EffectStages count : main 4, running sample : 0
01-31 17:54:57.051  3247  3247 E AudioEffectStage:     Stage Name                                       Stage Type    sessionId    activeCnt    Enable    stageBuffer    FrameCount    Volume(float)
01-31 17:54:57.051  3247  3247 E AudioEffectStage:     primary_output_main_normal        1
 -2                              0                       1                       0xf057f000          960
 0.000000
01-31 17:54:57.051  3247  3247 E AudioEffectStage:     Converter Info - Count : 1
01-31 17:54:57.051  3247  3247 E AudioEffectStage:     Dst Sample    Dst Format    Src Sample    Src Format
01-31 17:54:57.051  3247  3247 E AudioStageBase:     48000                                       1
 192000                          4
01-31 17:54:57.052  3247  3247 E AudioEffectStage:     Stage Name                                       Stage Type    sessionId    activeCnt    Enable    stageBuffer    FrameCount    Volume(float)
01-31 17:54:57.052  3247  3247 E AudioEffectStage:     primary_output_sub1_normal        2
 -3                              0                       1                       0xf0483000          960
 0.000000
01-31 17:54:57.052  3247  3247 E AudioEffectStage:     Stage Name                                       Stage Type    sessionId    activeCnt    Enable    stageBuffer    FrameCount    Volume(float)
01-31 17:54:57.052  3247  3247 E AudioEffectStage:     primary_output_main_uhq   1                               -4
                         0                       1                       0xf0455000              3840            0.000000
01-31 17:54:57.052  3247  3247 E AudioEffectStage:     Converter Info - Count : 1
01-31 17:54:57.052  3247  3247 E AudioEffectStage:     Dst Sample    Dst Format    Src Sample    Src Format
01-31 17:54:57.052  3247  3247 E AudioStageBase:     192000                                      4
 48000                           1
01-31 17:54:57.052  3247  3247 E AudioEffectStage:     Stage Name                                       Stage Type    sessionId    activeCnt    Enable    stageBuffer    FrameCount    Volume(float)
01-31 17:54:57.052  3247  3247 E AudioEffectStage:     primary_output_sub1_uhq   2                               -5
                         0                       1                       0xf03f3000              3840            0.000000
01-31 17:54:57.052  3247  3247 E AudioEffectStage:     Stage Name                                       Stage Type    sessionId    activeCnt    Enable    stageBuffer    FrameCount    Volume(float)
01-31 17:54:57.052  3247  3247 E AudioEffectStage:     primary_output_main_suhq  1                               -6
                         0                       1                       0xf045e000              7680            0.000000
01-31 17:54:57.052  3247  3247 E AudioEffectStage:     Converter Info - Count : 1
01-31 17:54:57.052  3247  3247 E AudioEffectStage:     Dst Sample    Dst Format    Src Sample    Src Format
01-31 17:54:57.052  3247  3247 E AudioStageBase:     384000                                      3
 48000                           1
01-31 17:54:57.052  3247  3247 E AudioEffectStage:     Stage Name                                       Stage Type    sessionId    activeCnt    Enable    stageBuffer    FrameCount    Volume(float)
01-31 17:54:57.052  3247  3247 E AudioEffectStage:     primary_output_sub1_suhq  2
 -7                              0                       1                       0xeff65000          7680
 0.000000
01-31 17:54:57.052  3247  3247 E AudioEffectStage:     Stage Name                                       Stage Type    sessionId    activeCnt    Enable    stageBuffer    FrameCount    Volume(float)
01-31 17:54:57.052  3247  3247 E AudioEffectStage:     offload_output_main_normal        1
 -16                             0                       1                       0x0             0       0.000000

01-31 17:54:57.052  3247  3247 I AudioEffectStage: setRunningSampleRate prev 0, now 48000
01-31 17:54:57.052  3247  3247 I BufferProvider: found effect "Multichannel Downmix To Stereo" from The Android Open Source Project
01-31 17:54:57.052  3247  3247 V audio_hw_primary_abox: primary_out-out_get_format: exit with audio format = 0x1
01-31 17:54:57.052  3247  3247 V audio_hw_primary_abox: primary_out-out_get_channels: exit with channel mask = 0x3
01-31 17:54:57.052  3247  3247 V audio_hw_primary_abox: primary_out-out_get_buffer_size: Period Size = 960, Frame Size = 4
01-31 17:54:57.052  3247  3247 V audio_hw_primary_abox: primary_out-out_get_format: exit with audio format = 0x1
01-31 17:54:57.052  3247  3247 V audio_hw_primary_abox: primary_out-out_get_channels: exit with channel mask = 0x3
01-31 17:54:57.052  3247  3247 V audio_hw_primary_abox: primary_out-out_get_format: exit with audio format = 0x1
01-31 17:54:57.052  3247  3247 V audio_hw_primary_abox: primary_out-out_get_sample_rate: exit with sample rate = 48000
01-31 17:54:57.052  3247  3247 V audio_hw_primary_abox: primary_out-out_get_channels: exit with channel mask = 0x3
01-31 17:54:57.053  3247  3247 I AudioFlinger: Using module 10 has the primary audio interface
01-31 17:54:57.053  3247  3247 D audio_hw_primary_abox: device-adev_set_mode: enter with mode = 0, previous mode = 0
01-31 17:54:57.053  3247  3247 D audio_hw_primary_abox: device-adev_set_mode: exit
01-31 17:54:57.053  3247  3484 I AudioFlinger: AudioFlinger's thread 0xf0403c00 ready to run
01-31 17:54:57.053  3247  3484 W BatteryNotifier: batterystats service unavailable!
01-31 17:54:57.053  3247  3484 V audio_hw_primary_abox: primary_out-out_standby: enter
01-31 17:54:57.053  3247  3484 V audio_hw_primary_abox: primary_out-out_standby: exit
01-31 17:54:57.053  3247  3484 W BatteryNotifier: batterystats service unavailable!
01-31 17:54:57.055  3247  3484 W BatteryNotifier: batterystats service unavailable!
01-31 17:54:57.055  3247  3484 I MySound : setDevice 2, 0
01-31 17:54:57.055  3247  3484 I MySound : setDevice 2, 0
01-31 17:54:57.055  3247  3484 I MySound : setDevice 2, 0
01-31 17:54:57.056  3247  3484 I MySound : setDevice 2, 0
01-31 17:54:57.056  3247  3484 I AudioFlinger: change audio_format 0x1 to hal
01-31 17:54:57.056  3247  3484 D audio_hw_primary_abox: primary_out-out_set_parameters: enter with param = audio_format=1;force_routing=2
01-31 17:54:57.056  3247  3484 D audio_hw_primary_abox: primary_out-out_set_parameters: exit
01-31 17:54:57.056  3247  3484 D audio_hw_primary_abox: primary_out-out_set_parameters: enter with param = routing=2
01-31 17:54:57.056  3247  3484 D audio_hw_primary_abox: primary_out-out_set_parameters: Requested to change route from 0x2 to 0x2
01-31 17:54:57.056  3247  3484 D audio_hw_primary_abox: primary_out-out_set_parameters: exit
01-31 17:54:57.056  3247  3484 D AudioFlinger: setCurDevice() 0x2
01-31 17:54:57.056  3247  3484 W AudioFlinger: no wake lock to update, system not ready yet
01-31 17:54:57.056  3247  3361 D audio_hw_primary_abox: device-adev_set_voice_volume: enter with volume level(1.000000)
01-31 17:54:57.056  3247  3361 D audio_hw_primary_abox: device-adev_set_voice_volume: exit
01-31 17:54:57.057  3247  3247 I AudioFlinger: openOutput(), module 10 Device 2, SamplingRate 48000, Format 0x000001, Channels 3, flags 4
01-31 17:54:57.057  3247  3247 D audio_hw_primary_abox: device-adev_open_output_stream: enter: io_handle (21), sample_rate(48000) channel_mask(0x3) devices(0x2) flags(0x4)
01-31 17:54:57.057  3247  3247 D audio_hw_primary_abox: device-adev_open_output_stream: Requested open fast output
01-31 17:54:57.057  3247  3247 I audio_hw_primary_abox: Check PCM Channel Count: Default(2), Request(2)
01-31 17:54:57.057  3247  3247 I audio_hw_primary_abox: Check PCM Smapling Rate: Default(48000), Request(48000)
01-31 17:54:57.057  3247  3247 I audio_hw_primary_abox: Check PCM Format: Default(0), Request(0)
01-31 17:54:57.057  3247  3247 I audio_hw_primary_abox: fast_out-adev_open_output_stream: Transit to Standby
01-31 17:54:57.057  3247  3247 D PostProcessConvertor: PostProcessConvertorInit ++ OSR 192000, ISR 48000, CC 2, OBW 4, IBW 1
01-31 17:54:57.058  3247  3247 D SoundAliveResampler: [SoundAliveResampler] Init+++
01-31 17:54:57.058  3247  3247 V audio_hw_primary_abox: fast_out-add_audio_usage: Added Audio Stream into Audio Usage list!
01-31 17:54:57.058  3247  3247 D audio_hw_primary_abox: device-adev_open_output_stream: Opened fast_out stream
01-31 17:54:57.058  3247  3247 V audio_hw_primary_abox: fast_out-out_get_format: exit with audio format = 0x1
01-31 17:54:57.058  3247  3247 V audio_hw_primary_abox: fast_out-out_get_channels: exit with channel mask = 0x3
01-31 17:54:57.058  3247  3247 V audio_hw_primary_abox: fast_out-out_get_sample_rate: exit with sample rate = 48000
01-31 17:54:57.058  3247  3247 V audio_hw_primary_abox: fast_out-out_get_channels: exit with channel mask = 0x3
01-31 17:54:57.058  3247  3247 V audio_hw_primary_abox: fast_out-out_get_format: exit with audio format = 0x1
01-31 17:54:57.058  3247  3247 V audio_hw_primary_abox: fast_out-out_get_format: exit with audio format = 0x1
01-31 17:54:57.058  3247  3247 V audio_hw_primary_abox: fast_out-out_get_format: exit with audio format = 0x1
01-31 17:54:57.058  3247  3247 V audio_hw_primary_abox: fast_out-out_get_channels: exit with channel mask = 0x3
01-31 17:54:57.058  3247  3247 V audio_hw_primary_abox: fast_out-out_get_buffer_size: Period Size = 192, Frame Size = 4
01-31 17:54:57.058  3247  3247 V audio_hw_primary_abox: fast_out-out_get_format: exit with audio format = 0x1
01-31 17:54:57.058  3247  3247 V audio_hw_primary_abox: fast_out-out_get_channels: exit with channel mask = 0x3
01-31 17:54:57.058  3247  3247 I AudioFlinger: HAL output buffer size 192 frames, normal sink buffer size 1152 frames
01-31 17:54:57.058  3247  3247 I AudioFlinger: readOutputParameters thread max 48000, mask 1
01-31 17:54:57.058  3247  3247 D AudioSAEffectSecPlus: EffectCreate - Allocating SessionNo 4 for SessionId -9
01-31 17:54:57.058  3247  3247 D AudioSAEffectSecPlus: EffectCreate - This is the first effect in current sessionId -9 sessionNo 4
01-31 17:54:57.058  3247  3247 D AudioSAEffectSecPlus: AudioSAEffectSec::AudioSAEffectSec ctor
01-31 17:54:57.058  3247  3247 D AudioSAEffectSecPlus: AudioSAEffectSec::createSA
01-31 17:54:57.058  3247  3247 D AudioSASecPlus: AudioSASec::AudioSASec : 0xf1146d60
01-31 17:54:57.058  3247  3247 D AudioSASecPlus: AudioSASec::AudioSASec : 0xf1146d60 -
01-31 17:54:57.058  3247  3247 D AudioSAEffectSecPlus: AudioSAEffectSec::createSA(0xf1146d60)
01-31 17:54:57.058  3247  3247 I AudioSASecPlus: AudioSASec::Configure(0, 44100, 2, 1)
01-31 17:54:57.058  3247  3247 I AudioSASecPlus: AudioSASec::Configure(0, 44100, 2, 1)
01-31 17:54:57.058  3247  3247 I AudioSAEffectSecPlus: EFFECT_CMD_INIT mTrackChannel = 2, mThreadChannel = 2 mTrackFormat = 0x1
01-31 17:54:57.058  3247  3247 D AudioSASecPlus: AudioSASec::Init() trackChannel = 2, threadChannel = 2 format=1
01-31 17:54:57.058  3247  3247 D AudioSASecPlus: int android::AudioSASec::Init(int, int, int) mChannels:2 mCurPreset:0 mBitDepth:0 mSampleRate:44100
01-31 17:54:57.059  3247  3247 I SoundAlive_Interface: Samsung_SoundAlive_play_Factory::Create()
01-31 17:54:57.059  3247  3247 D SoundAlive_Interface: [ -1 ][ -1 ]SoundAlive_Interface()
01-31 17:54:57.059  3247  3247 I SoundAlive_Core: [ -253590072 ][ -263435776 ](interface-API)SoundAlive_Core()
01-31 17:54:57.059  3247  3247 D SoundAlive_Core: [ -1 ][ -1 ](internal-API)Init()
01-31 17:54:57.059  3247  3247 I SoundAlive_PrePost: [ -1 ][ -1 ]SoundAlive_PrePost()
01-31 17:54:57.059  3247  3247 I SoundAlive_Effect: [ -1 ][ -1 ]SoundAlive_Effect()
01-31 17:54:57.061  3247  3247 I SoundAlive_Effect: [ -1 ][ -1 ]Init() nch : 2  bitdepth : 0
01-31 17:54:57.061  3247  3247 I SoundAlive_Interface: [ -263435776 ][ 44100 ]SoundAlive_Config() SamplingRate : 44100 , nch : 2
01-31 17:54:57.061  3247  3247 I SoundAlive_Core: [ -263435776 ][ 44100 ](interface-API)SoundAlive_Config() SamplingRate : 44100 , nch : 2
01-31 17:54:57.061  3247  3247 I SoundAlive_PrePost: [ -263435776 ][ 44100 ]SoundAlive_Config()
01-31 17:54:57.061  3247  3247 I SoundAlive_Effect: [ -263435776 ][ 44100 ]SoundAlive_Config()
01-31 17:54:57.061  3247  3247 D SoundAlive_Core: [ -263435776 ][ 44100 ](internal-API)ReOpen( ConfigMode : 0 )
01-31 17:54:57.061  3247  3247 I SoundAlive_PrePost: [ -263435776 ][ 44100 ]Init()
01-31 17:54:57.061  3247  3247 I SoundAlive_PrePost: [ -263435776 ][ 44100 ]SamplingRateConfig()  SamplingRate : 44100
01-31 17:54:57.061  3247  3247 I SoundAlive_PrePost: [ -263435776 ][ 44100 ]OutDevConfig() OutMode : 1
01-31 17:54:57.061  3247  3247 I SoundAlive_Effect: [ -263435776 ][ 44100 ]Init() nch : 2  bitdepth : 0
01-31 17:54:57.061  3247  3247 I SoundAlive_Effect: [ -263435776 ][ 44100 ]SamplingRateConfig() SamplingRate : 44100
01-31 17:54:57.061  3247  3247 I SoundAlive_Effect: [ -263435776 ][ 44100 ]OutDevConfig() OutDevConfig : 1
01-31 17:54:57.061  3247  3247 D SoundAlive_Core: [ -263435776 ][ 44100 ](internal-API)Set_Current_Effect_Configuration( ConfigMode : 0 )
01-31 17:54:57.061  3247  3247 I SoundAlive_PrePost: [ -263435776 ][ 44100 ]Set_Preset()  Preset : 0
01-31 17:54:57.061  3247  3247 I SoundAlive_PrePost: [ -263435776 ][ 44100 ]Set_User_BWE 0
01-31 17:54:57.061  3247  3247 I SoundAlive_PrePost: [ -263435776 ][ 44100 ]Set_User_CH() OnOff : 0
01-31 17:54:57.061  3247  3247 I SoundAlive_PrePost: [ -263435776 ][ 44100 ]Set_SquareUI() Sqrow : 4  ,  Sqcol : 4
01-31 17:54:57.061  3247  3247 I SoundAlive_Effect: [ -263435776 ][ 44100 ]Set_Preset() : 0
01-31 17:54:57.061  3247  3247 I SoundAlive_Effect: [ -263435776 ][ 44100 ]Set_User_BWE() 0
01-31 17:54:57.061  3247  3247 I SoundAlive_Effect: [ -263435776 ][ 44100 ]Set_User_CH() : 0
01-31 17:54:57.061  3247  3247 I SoundAlive_Effect: [ -263435776 ][ 44100 ]Set_SquareUI() : 4 , 4
01-31 17:54:57.061  3247  3247 I SoundAlive_Effect: [ -263435776 ][ 44100 ]Set_User_3D() : 0
01-31 17:54:57.061  3247  3247 I SoundAlive_Effect: [ -263435776 ][ 44100 ]Set_User_BE() : 0
01-31 17:54:57.061  3247  3247 D AudioSASecPlus: AudioSASec::Init() - TrackStart
01-31 17:54:57.061  3247  3247 I SoundAlive_Interface: [ -263435776 ][ 44100 ]Set_Speaker_Output()
01-31 17:54:57.062  3247  3247 I SoundAlive_Core: [ -263435776 ][ 44100 ](interface-API)Set_Speaker_Output()
01-31 17:54:57.062  3247  3247 I SoundAlive_Interface: [ -263435776 ][ 44100 ]Set_Preset() Preset : 0
01-31 17:54:57.062  3247  3247 I SoundAlive_Core: [ -263435776 ][ 44100 ](interface-API)Set_Preset() Preset : 0
01-31 17:54:57.062  3247  3247 I SoundAlive_PrePost: [ -263435776 ][ 44100 ]Set_Preset()  Preset : 0
01-31 17:54:57.062  3247  3247 I SoundAlive_Effect: [ -263435776 ][ 44100 ]Set_Preset() : 0
01-31 17:54:57.062  3247  3247 I SoundAlive_Interface: [ -263435776 ][ 44100 ]Set_User_CH() : 0
01-31 17:54:57.062  3247  3247 I SoundAlive_Core: [ -263435776 ][ 44100 ](interface-API)Set_User_CH() : 0
01-31 17:54:57.062  3247  3247 I SoundAlive_PrePost: [ -263435776 ][ 44100 ]Set_User_CH() OnOff : 0
01-31 17:54:57.062  3247  3247 I SoundAlive_Effect: [ -263435776 ][ 44100 ]Set_User_CH() : 0
01-31 17:54:57.062  3247  3247 I SoundAlive_Interface: [ -263435776 ][ 44100 ]Set_User_BWE() 0
01-31 17:54:57.062  3247  3247 I SoundAlive_Core: [ -263435776 ][ 44100 ](interface-API)Set_User_BWE() : 0
01-31 17:54:57.062  3247  3247 I SoundAlive_PrePost: [ -263435776 ][ 44100 ]Set_User_BWE 0
01-31 17:54:57.062  3247  3247 I SoundAlive_Effect: [ -263435776 ][ 44100 ]Set_User_BWE() 0
01-31 17:54:57.062  3247  3247 I SoundAlive_Interface: [ -263435776 ][ 44100 ]Set_User_BWE_bypass() 0
01-31 17:54:57.062  3247  3247 D AudioSASecPlus: AudioSASec::Init()
01-31 17:54:57.062  3247  3247 I AudioSASecPlus: AudioSASec::Configure(1152, 48000, 2, 1)
01-31 17:54:57.062  3247  3247 I AudioSASecPlus: AudioSASec::Configure(1152, 48000, 2, 1)
01-31 17:54:57.062  3247  3247 D MySoundEffect: MySound EffectCreate start - session -9
01-31 17:54:57.062  3247  3247 D MySoundEffect: MS EffectCreate - Allocating SessionNo 4 for SessionId -9
01-31 17:54:57.062  3247  3247 D MySoundEffect: MS EffectCreate - This is the first effect in current sessionId -9 sessionNo 4
01-31 17:54:57.062  3247  3247 D MySoundEffect: MySoundEffect::MySoundEffect ctor
01-31 17:54:57.062  3247  3247 D MySound : MySound::Init, mSampleRate = 48000, mFrameCount = 0
01-31 17:54:57.062  3247  3247 I AudioSASecPlus: AudioSASec::Configure(1152, 48000, 2, 1)
01-31 17:54:57.062  3247  3247 I AudioSASecPlus: AudioSASec::Configure(1152, 48000, 2, 1)
01-31 17:54:57.062  3247  3247 D MySound : MySound::Init, mSampleRate = 48000, mFrameCount = 1152
01-31 17:54:57.062  3247  3247 I SoundBooster8: SoundBooster_Factory::Create(0)
01-31 17:54:57.062  3247  3247 I SoundBooster8: SoundBooster(Mode : 0)
01-31 17:54:57.063  3247  3247 I SoundBoosterEffectPlus: Allocate SoundBooster mode:0
01-31 17:54:57.063  3247  3247 I SoundBooster8: Init(0)
01-31 17:54:57.063  3247  3247 I SoundBooster8: SamplingRateConfig(48000)
01-31 17:54:57.063  3247  3247 D AudioInfo: can not find AudioDataPath for fileName:/SoundBoosterParam.txt
01-31 17:54:57.063  3247  3247 I SoundBooster_plus: Use HardCoding Values
01-31 17:54:57.063  3247  3247 I SoundBooster8: SetPar()
01-31 17:54:57.063  3247  3247 I SoundBooster8: SetVolumeTable()
01-31 17:54:57.063  3247  3247 I SoundBooster_plus: successful to make ABOX_SB_PARAM_FILE_PATH
01-31 17:54:57.063  3247  3247 E AudioEffectStage:   EffectStages count : main 1, running sample : 0
01-31 17:54:57.063  3247  3247 E AudioEffectStage:     Stage Name                                       Stage Type    sessionId    activeCnt    Enable    stageBuffer    FrameCount    Volume(float)
01-31 17:54:57.063  3247  3247 E AudioEffectStage:     low_output_main_normal    1                               -8
                         0                       1                       0xefadc000              1152            0.000000
01-31 17:54:57.063  3247  3247 E AudioEffectStage:     Stage Name                                           Stage Type    sessionId    activeCnt    Enable    stageBuffer    FrameCount    Volume(float)
01-31 17:54:57.063  3247  3247 E AudioEffectStage:     low_output_sub1_normal    2                               -9
                         0                       1                       0xefadd400              1152            0.000000
01-31 17:54:57.063  3247  3247 I AudioEffectStage: setRunningSampleRate prev 0, now 48000
01-31 17:54:57.063  3247  3247 V audio_hw_primary_abox: fast_out-out_get_format: exit with audio format = 0x1
01-31 17:54:57.063  3247  3247 V audio_hw_primary_abox: fast_out-out_get_channels: exit with channel mask = 0x3
01-31 17:54:57.064  3247  3247 V audio_hw_primary_abox: fast_out-out_get_buffer_size: Period Size = 192, Frame Size = 4
01-31 17:54:57.064  3247  3247 V audio_hw_primary_abox: fast_out-out_get_format: exit with audio format = 0x1
01-31 17:54:57.064  3247  3247 V audio_hw_primary_abox: fast_out-out_get_channels: exit with channel mask = 0x3
01-31 17:54:57.064  3247  3247 V audio_hw_primary_abox: fast_out-out_get_format: exit with audio format = 0x1
01-31 17:54:57.064  3247  3247 V audio_hw_primary_abox: fast_out-out_get_sample_rate: exit with sample rate = 48000
01-31 17:54:57.064  3247  3247 V audio_hw_primary_abox: fast_out-out_get_channels: exit with channel mask = 0x3
01-31 17:54:57.064  3247  3487 I AudioFlinger: AudioFlinger's thread 0xef803f00 ready to run
01-31 17:54:57.064  3247  3487 W BatteryNotifier: batterystats service unavailable!
01-31 17:54:57.064  3247  3487 V audio_hw_primary_abox: fast_out-out_standby: enter
01-31 17:54:57.064  3247  3487 V audio_hw_primary_abox: fast_out-out_standby: exit
01-31 17:54:57.065  3247  3487 W BatteryNotifier: batterystats service unavailable!
01-31 17:54:57.065  3247  3487 W BatteryNotifier: batterystats service unavailable!
01-31 17:54:57.065  3247  3487 I MySound : setDevice 2, 0
01-31 17:54:57.065  3247  3487 I AudioFlinger: change audio_format 0x1 to hal
01-31 17:54:57.065  3247  3487 D audio_hw_primary_abox: fast_out-out_set_parameters: enter with param = audio_format=1;force_routing=2
01-31 17:54:57.065  3247  3487 D audio_hw_primary_abox: fast_out-out_set_parameters: exit
01-31 17:54:57.065  3247  3487 D audio_hw_primary_abox: fast_out-out_set_parameters: enter with param = routing=2
01-31 17:54:57.065  3247  3487 D audio_hw_primary_abox: fast_out-out_set_parameters: Requested to change route from 0x2 to 0x2
01-31 17:54:57.065  3247  3487 D audio_hw_primary_abox: fast_out-out_set_parameters: exit
01-31 17:54:57.070  3247  3487 D AudioFlinger: setCurDevice() 0x2
01-31 17:54:57.070  3247  3487 W AudioFlinger: no wake lock to update, system not ready yet
01-31 17:54:57.071  3247  3247 D audio_hw_primary_abox: device-adev_open_input_stream: enter: io_handle (14), sample_rate(48000) channel_mask(0xc) devices(0x80000004) flags(0) source(1)
01-31 17:54:57.071  3247  3247 I audio_hw_primary_abox: device-adev_open_input_stream: requested input samplerate decides audio path of csvt and vowifi, sample_rate = 48000
01-31 17:54:57.071  3247  3247 D audio_hw_primary_abox: device-adev_open_input_stream: Requested open Primary input
01-31 17:54:57.071  3247  3247 I audio_hw_primary_abox: is_voice_wakeup : ret =  0  , wakeup_baby_cry_enabled = 0  ,  wakeup_mic_enabled = 0
01-31 17:54:57.071  3247  3247 I audio_hw_primary_abox: primary_in-adev_open_input_stream: Transit to Standby
01-31 17:54:57.071  3247  3247 V audio_hw_primary_abox: primary_in-add_audio_usage: Added Audio Stream into Audio Usage list!
01-31 17:54:57.071  3247  3247 D audio_hw_primary_abox: adev_open_input_stream: preprocessing_latency = 0
01-31 17:54:57.071  3247  3247 I audio_hw_primary_abox: adev_open_input_stream: input is null, set new input stream
01-31 17:54:57.071  3247  3247 D audio_hw_primary_abox: device-adev_open_input_stream: Opened primary_in stream
01-31 17:54:57.072  3247  3489 I AudioFlinger: AudioFlinger's thread 0xef303600 ready to run
01-31 17:54:57.072  3247  3247 D audio_hw_primary_abox: device-adev_close_input_stream: enter with Audio Usage(primary_in)
01-31 17:54:57.072  3247  3247 V audio_hw_primary_abox: stop_voice_note_recording
01-31 17:54:57.072  3247  3247 D audio_hw_primary_abox: primary_in-in_standby: enter
01-31 17:54:57.072  3247  3247 D audio_hw_primary_abox: primary_in-in_standby: exit
01-31 17:54:57.072  3247  3247 V audio_hw_primary_abox: primary_in-remove_audio_usage: Removed Audio Usage from Audio Usage list!
01-31 17:54:57.072  3247  3247 E audio_hw_primary_abox: adev_close_input_stream, set jack_in to null
01-31 17:54:57.072  3247  3247 D audio_hw_primary_abox: device-adev_close_input_stream: Closed primary_in stream
01-31 17:54:57.089  3247  3247 I bt_a2dp_hw: adev_open:  adev_open in A2dp_hw module
01-31 17:54:57.089  3247  3247 I AudioFlinger: loadHwModule() Loaded a2dp audio interface from A2DP Audio HW HAL (audio) handle 18
01-31 17:54:57.093  3242  3242 I Radio-JNI: register_android_hardware_Radio DONE
01-31 17:54:57.096  3244  3244 I [saiv 1.1]: saiv_OnLoadJNI.cpp(38): _init: Version 1.1 Build # 3532
01-31 17:54:57.096  3244  3244 I [saiv 1.1]: saiv_OnLoadJNI.cpp(43): _init: _init() was called
01-31 17:54:57.097  3247  3247 I AudioFlinger: loadHwModule() Loaded usb audio interface from USB audio HW HAL (audio) handle 26
01-31 17:54:57.111  3247  3247 I AudioFlinger: loadHwModule() Loaded tms audio interface from TMS Audio HW HAL (audio) handle 34
01-31 17:54:57.113  3247  3247 I r_submix: adev_open(name=audio_hw_if)
01-31 17:54:57.113  3247  3247 I r_submix: adev_init_check()
01-31 17:54:57.113  3247  3247 I AudioFlinger: loadHwModule() Loaded r_submix audio interface from Wifi Display audio HAL (audio) handle 42
01-31 17:54:57.113  3247  3247 D r_submix: adev_open_input_stream(addr=0)
01-31 17:54:57.113  3247  3247 D r_submix: submix_audio_device_create_pipe_l(addr=0, idx=9)
01-31 17:54:57.113  3247  3247 D r_submix:   now using address 0 for route 9
01-31 17:54:57.113  3247  3494 I AudioFlinger: AudioFlinger's thread 0xef083f00 ready to run
01-31 17:54:57.114  3247  3247 D r_submix: adev_close_input_stream()
01-31 17:54:57.114  3247  3247 D r_submix: submix_audio_device_release_pipe_l(idx=9) addr=0
01-31 17:54:57.114  3247  3247 D r_submix: submix_audio_device_destroy_pipe_l(): pipe destroyed
01-31 17:54:57.115  3247  3247 I playback_record: adev_open(name=audio_hw_if)
01-31 17:54:57.115  3247  3247 I AudioFlinger: loadHwModule() Loaded playback_record audio interface from Playback record audio HAL (audio) handle 50
01-31 17:54:57.115  3247  3247 D playback_record: adev_open_input_stream()
01-31 17:54:57.119  3242  3242 D ReflectionHelper: loadKlass() : caller=android.app.Activity.<clinit>:7581 <bottom of call stack>
01-31 17:54:57.122  3247  3496 I AudioFlinger: AudioFlinger's thread 0xef003a40 ready to run
01-31 17:54:57.122  3247  3247 D playback_record: adev_close_input_stream()
01-31 17:54:57.122  3247  3361 D audio_hw_primary_abox: device-adev_set_parameters: enter with key(support_output_device=3)
01-31 17:54:57.122  3247  3361 I audio_hw_primary_abox: support output @audio_hw 3
01-31 17:54:57.123  3247  3361 I audio_hw_primary_abox: support reciever @audio_hw
01-31 17:54:57.123  3247  3361 D audio_hw_primary_abox: device-adev_set_parameters: exit
01-31 17:54:57.123  3247  3361 D audio_hw_primary_abox: device-adev_set_parameters: enter with key(support_input_device=-2078277180)
01-31 17:54:57.123  3247  3361 I audio_hw_primary_abox: support input @audio_hw -2078277180
01-31 17:54:57.123  3247  3361 I audio_hw_primary_abox: support backmic @audio_hw
01-31 17:54:57.123  3247  3361 I audio_hw_primary_abox: support thirdmic @audio_hw
01-31 17:54:57.123  3247  3361 D audio_hw_primary_abox: device-adev_set_parameters: exit
01-31 17:54:57.123  3247  3247 W VolumeCustomizer: createVolumeTable device=0
01-31 17:54:57.123  3247  3247 D AudioInfo: can not find AudioDataPath for fileName:/Volume.data
01-31 17:54:57.123  3247  3247 D VolumeCustomizer: volume tuning file does NOT exist!!! use default VolumeTable
01-31 17:54:57.123  3247  3247 W VolumeCustomizer: createVolumeTable device=1
01-31 17:54:57.123  3247  3247 D VolumeCustomizer: volume tuning file does NOT exist!!! use default VolumeTable
01-31 17:54:57.123  3247  3247 W VolumeCustomizer: createVolumeTable device=2
01-31 17:54:57.123  3247  3247 D VolumeCustomizer: volume tuning file does NOT exist!!! use default VolumeTable
01-31 17:54:57.123  3247  3247 W VolumeCustomizer: createVolumeTable device=3
01-31 17:54:57.123  3247  3247 D VolumeCustomizer: volume tuning file does NOT exist!!! use default VolumeTable
01-31 17:54:57.123  3247  3247 W VolumeCustomizer: createVolumeTable device=4
01-31 17:54:57.123  3247  3247 D VolumeCustomizer: volume tuning file does NOT exist!!! use default VolumeTable
01-31 17:54:57.123  3247  3247 W VolumeCustomizer: createVolumeTable device=5
01-31 17:54:57.123  3247  3247 D VolumeCustomizer: volume tuning file does NOT exist!!! use default VolumeTable
01-31 17:54:57.123  3247  3247 W VolumeCustomizer: createVolumeTable device=6
01-31 17:54:57.123  3247  3247 D VolumeCustomizer: volume tuning file does NOT exist!!! use default VolumeTable
01-31 17:54:57.124  3247  3361 D audio_hw_primary_abox: device-adev_set_parameters: enter with key(FixedRingVol=0.0354813375;FixedRingVolBt=0.1122018397)
01-31 17:54:57.124  3247  3361 D audio_hw_primary_abox: device-adev_set_parameters: exit
01-31 17:54:57.124  3247  3247 I APM_AudioPolicyManager: ENFORCED_AUDIBLE cannot be muted
01-31 17:54:57.124  3247  3361 D audio_hw_primary_abox: device-adev_set_parameters: enter with key(mCameraForced)
01-31 17:54:57.124  3247  3361 D audio_hw_primary_abox: device-adev_set_parameters: exit
01-31 17:54:57.124  3247  3361 I AudioFlinger: mCameraForced
01-31 17:54:57.124  3247  3247 I APM_AudioPolicyManager: Set the flinger 'ro.camera.sound.forced
01-31 17:54:57.125  3247  3247 I audioserver: Add AudioPolicyService on audioserver
01-31 17:54:57.125  3247  3247 I RadioService: RadioService
01-31 17:54:57.125  3247  3247 I RadioService: onFirstRef
01-31 17:54:57.125  3247  3247 E RadioService: couldn't load radio module radio.primary (No such file or directory)
01-31 17:54:57.126  3247  3247 I audioserver: Add RadioService on audioserver
01-31 17:54:57.126  3247  3247 E SoundTriggerHwService: couldn't load sound trigger module sound_trigger.primary (No such file or directory)
01-31 17:54:57.127  3247  3247 I audioserver: Add SoundTriggerHwService on audioserver
01-31 17:54:57.127  3244  3244 I MLDAP   : ================================================
01-31 17:54:57.127  3244  3244 I MLDAP   :  MLDAP_LIB v1.1.16
01-31 17:54:57.127  3244  3244 I MLDAP   : ================================================
01-31 17:54:57.142  3242  3242 D ReflectionHelper: Reflecting method.....  class <onScreenChanged>
01-31 17:54:57.143  3242  3242 F NativeActivity: Unable to find method finish
--------- beginning of crash
01-31 17:54:57.143  3242  3242 F libc    : Fatal signal 6 (SIGABRT), code -6 in tid 3242 (main)
01-31 17:54:57.144  3100  3100 W         : debuggerd: handling request: pid=3242 uid=0 gid=0 tid=3242
01-31 17:54:57.161  3502  3502 E         : debuggerd: Unable to connect to activity manager (connect failed: Connection refused)
01-31 17:54:57.198  3239  3239 I lhd     : Lhd::LHD Init took 1.460s
01-31 17:54:57.212  3502  3502 F DEBUG   : *** *** *** *** *** *** *** *** *** *** *** *** *** *** *** ***
01-31 17:54:57.212  3502  3502 F DEBUG   : Build fingerprint: 'samsung/dreamltexx/dreamlte:7.0/NRD90M/G950FXXU1AQL5:user/release-keys'
01-31 17:54:57.213  3502  3502 F DEBUG   : Revision: '10'
01-31 17:54:57.213  3502  3502 F DEBUG   : ABI: 'arm64'
01-31 17:54:57.213  3502  3502 F DEBUG   : pid: 3242, tid: 3242, name: main  >>> zygote64 <<<
01-31 17:54:57.213  3502  3502 F DEBUG   : signal 6 (SIGABRT), code -6 (SI_TKILL), fault addr --------
01-31 17:54:57.219  3502  3502 F DEBUG   : Abort message: 'Unable to find method finish'
01-31 17:54:57.219  3502  3502 F DEBUG   :     x0   0000000000000000  x1   0000000000000caa  x2   0000000000000006  x3   0000000000000008
01-31 17:54:57.219  3502  3502 F DEBUG   :     x4   0000000000000021  x5   0000000000000000  x6   0000007ea3f09000  x7   0000000000000000
01-31 17:54:57.219  3502  3502 F DEBUG   :     x8   0000000000000083  x9   ffffffffffffffdf  x10  0000000000000000  x11  ffffffffffffffff
01-31 17:54:57.219  3502  3502 F DEBUG   :     x12  0000000000000018  x13  0000000000000000  x14  0000000000000000  x15  00088a0a0a9ff9ae
01-31 17:54:57.219  3502  3502 F DEBUG   :     x16  0000007ea3563ed0  x17  0000007ea350b9f4  x18  00000000ebad6082  x19  0000007ea3fc2b40
01-31 17:54:57.219  3502  3502 F DEBUG   :     x20  0000000000000006  x21  0000007ea3fc2a98  x22  0000000000000000  x23  0000007e9fe6f000
01-31 17:54:57.219  3502  3502 F DEBUG   :     x24  0000007e9fe6f378  x25  0000007e9fe6e0e0  x26  0000005d929c5b6f  x27  0000005d929bcbb0
01-31 17:54:57.219  3502  3502 F DEBUG   :     x28  0000000000000003  x29  0000007fc237ee70  x30  0000007ea3508d14
01-31 17:54:57.219  3502  3502 F DEBUG   :     sp   0000007fc237ee50  pc   0000007ea350b9fc  pstate 0000000060000000
01-31 17:54:57.224  3502  3502 F DEBUG   :
01-31 17:54:57.224  3502  3502 F DEBUG   : backtrace:
01-31 17:54:57.224  3502  3502 F DEBUG   :     #00 pc 000000000006f9fc  /system/lib64/libc.so (tgkill+8)
01-31 17:54:57.224  3502  3502 F DEBUG   :     #01 pc 000000000006cd10  /system/lib64/libc.so (pthread_kill+64)
01-31 17:54:57.224  3502  3502 F DEBUG   :     #02 pc 0000000000025078  /system/lib64/libc.so (raise+24)
01-31 17:54:57.224  3502  3502 F DEBUG   :     #03 pc 000000000001cc04  /system/lib64/libc.so (abort+52)
01-31 17:54:57.224  3502  3502 F DEBUG   :     #04 pc 0000000000011c4c  /system/lib64/libcutils.so (__android_log_assert+252)
01-31 17:54:57.224  3502  3502 F DEBUG   :     #05 pc 00000000000ac74c  /system/lib64/libandroid_runtime.so (_ZN7android35register_android_app_NativeActivityEP7_JNIEnv+428)
01-31 17:54:57.224  3502  3502 F DEBUG   :     #06 pc 00000000000a5c60  /system/lib64/libandroid_runtime.so (_ZN7android14AndroidRuntime8startRegEP7_JNIEnv+144)
01-31 17:54:57.224  3502  3502 F DEBUG   :     #07 pc 00000000000a7934  /system/lib64/libandroid_runtime.so (_ZN7android14AndroidRuntime5startEPKcRKNS_6VectorINS_7String8EEEb+372)
01-31 17:54:57.224  3502  3502 F DEBUG   :     #08 pc 0000000000004860  /system/bin/app_process64
01-31 17:54:57.224  3502  3502 F DEBUG   :     #09 pc 000000000001a8d8  /system/lib64/libc.so (__libc_init+88)
01-31 17:54:57.224  3502  3502 F DEBUG   :     #10 pc 000000000000413c  /system/bin/app_process64
01-31 17:54:57.226  3337  3337 I SamsungPowerSound: wait_for_audio_policy --
01-31 17:54:57.226  3337  3337 V SamsungPowerSound: ##########################################
01-31 17:54:57.226  3337  3337 V SamsungPowerSound: powerSoundPlay on/off             [on]
01-31 17:54:57.227  3337  3337 V SamsungPowerSound: powerSoundPlay ringermode         [2]
01-31 17:54:57.227  3337  3337 V SamsungPowerSound: powerSoundPlay SysVolume          [9]
01-31 17:54:57.227  3337  3337 V SamsungPowerSound: powerSoundPlay SysHeadsetVolume   [9]
01-31 17:54:57.227  3337  3337 V SamsungPowerSound: powerSoundPlay SysHeadphoneVolume [9]
01-31 17:54:57.227  3337  3337 V SamsungPowerSound: powerSoundPlay AllSoundMute       [0]
01-31 17:54:57.227  3337  3337 V SamsungPowerSound: PowerSound CurrentDevice's volume [9]
01-31 17:54:57.227  3337  3337 V SamsungPowerSound: ##########################################
01-31 17:54:57.227  3337  3337 D SamsungPowerSound: void android::SamsungPowerSoundPlayer::playPowerSound(bool): hw_name=dreamltexx
01-31 17:54:57.228  3337  3337 V SamsungPowerSound: ++++++++ SamsungPowerSoundObserver Constuctor ++++++++
01-31 17:54:57.228  3337  3337 D AudioInfo: MPS_CODE : XME, get MPS_CODE
01-31 17:54:57.228  3337  3337 I SamsungPowerSound: Power sound Path:system/media/audio/ui/PowerOn.ogg
01-31 17:54:57.228  3337  3337 V SamsungPowerSound: File path : system/media/audio/ui/PowerOn.ogg
01-31 17:54:57.228  3337  3515 V SamsungPowerSound: observerThreadWrapper (0xeee95c50)
01-31 17:54:57.229  3337  3515 V SamsungPowerSound: [Enter] SamsungPowerSoundObserver threadFunc
01-31 17:54:57.230  3337  3337 V SamsungPowerSound: This is not FOTA mode : No such file or directory
01-31 17:54:57.230  3337  3337 V SamsungPowerSound: This is not Silent mode : No such file or directory
01-31 17:54:57.230  3337  3337 V SamsungPowerSound: getSettingVolume [1.000000]
01-31 17:54:57.230  3337  3337 I SamsungPowerSound: wait_for_surface_manager ++
01-31 17:54:57.230  3337  3337 I SamsungPowerSound: wait_for_surface_manager --
01-31 17:54:57.231  3337  3337 V SamsungPowerSound: Bootsound delay: 0
01-31 17:54:57.231  3337  3337 D SamsungPowerSound: Enter int android::OggPlayer::play(char *, audio_stream_type_t, float, float)
01-31 17:54:57.232  3337  3337 D SamsungPowerSound: Success - ov_open_callbacks
01-31 17:54:57.232  3337  3337 E SamsungPowerSound: ARTIST=Samsung
01-31 17:54:57.232  3337  3337 E SamsungPowerSound: TITLE=Power on
01-31 17:54:57.232  3337  3337 D SamsungPowerSound: Bitstream is 2 channel, 44100Hz
01-31 17:54:57.232  3337  3337 D SamsungPowerSound: bitrate_upper is -1 bitrate_nominal is 133874
01-31 17:54:57.232  3337  3337 D SamsungPowerSound: bitrate_lower is -1 bitrate_window is 0
01-31 17:54:57.232  3337  3337 D SamsungPowerSound: Decoded length: 130076 samples
01-31 17:54:57.232  3337  3337 D SamsungPowerSound: Encoded by: Xiph.Org libVorbis I 20030909
01-31 17:54:57.234  3337  3337 D AudioTrack: Client defaulted notificationFrames to 1476 for frameCount 4430
01-31 17:54:57.235  3247  3498 W AudioPolicyIntefaceImpl: Skipped to add effects on session 9
01-31 17:54:57.235  3247  3498 I APM_AudioPolicyManager: startOutput() output 13, stream 1, session 9
01-31 17:54:57.235  3247  3498 I AudioEffectStage: getBuffer primary_output_main_normal, 0xf057f000
01-31 17:54:57.235  3247  3484 W AudioFlinger: no wake lock to update, system not ready yet
01-31 17:54:57.236  3247  3484 D audio_hw_primary_abox: primary_out-set_audio_route: [PLAYBACK] current-device(none) new-device(speaker) in cur-mode(normal) & new-mode(normal)!
01-31 17:54:57.236  3247  3484 I audio_hw_primary_abox: is_voice_wakeup : ret =  0  , wakeup_baby_cry_enabled = 0  ,  wakeup_mic_enabled = 0
01-31 17:54:57.237  3247  3484 I audio_route: > audio_route_apply_path : "media-speaker"
01-31 17:54:57.238  3247  3484 I audio_route: > audio_route_update_path + : "media-speaker" reverse(0)
01-31 17:54:57.238  3247  3484 I audio_route: > audio_route_update_path - : changed(0)
01-31 17:54:57.238  3247  3484 D audio_hw_primary_abox: primary_out-do_set_route: Enabled Audio Route(media-speaker)
01-31 17:54:57.238  3247  3484 I audio_route: > audio_route_apply_path : "gain-media-speaker"
01-31 17:54:57.238  3247  3484 I audio_route: > audio_route_update_path + : "gain-media-speaker" reverse(0)
01-31 17:54:57.238  3247  3484 I audio_route: > audio_route_update_path - : changed(0)
01-31 17:54:57.238  3247  3484 D audio_hw_primary_abox: primary_out-do_set_route: Enabled Audio Gain(gain-media-speaker)
01-31 17:54:57.239  3247  3484 I audio_hw_primary_abox: [do_open_spkamp_stream] Opened PCM Device(/dev/snd/pcmC0D7p) configured Info: Channels(2)  Smapling Rate(48000), Format: Default(0)
01-31 17:54:57.243  3247  3484 I audio_hw_primary_abox: [do_open_spkamp_stream] Opened PCM Device(/dev/snd/pcmC0D11c) configured Info: Channels(2)  Smapling Rate(48000), Format: Default(0)
01-31 17:54:57.248  3247  3484 I audio_hw_primary_abox: [do_open_spkamp_stream] Opened PCM Device(/dev/snd/pcmC0D12c) configured Info: Channels(2)  Smapling Rate(48000), Format: Default(0)
